<html>
<body>
<pre>
<h1>礦ision Build Log</h1>
<h2>Tool Versions:</h2>
IDE-Version: μVision V5.25.3.0
Copyright (C) 2018 ARM Ltd and ARM Germany GmbH. All rights reserved.
License Information: 1 Microsoft, Microsoft, LIC=S5ITG-V5G2Q-BXVUY-I5T0J-4HUEL-MI8C5
 
Tool Versions:
Toolchain:       MDK-ARM Professional  Version: 5.25.2.0
Toolchain Path:  D:\Keil_v5\ARM\ARMCC\Bin
C Compiler:      Armcc.exe V5.06 update 6 (build 750)
Assembler:       Armasm.exe V5.06 update 6 (build 750)
Linker/Locator:  ArmLink.exe V5.06 update 6 (build 750)
Library Manager: ArmAr.exe V5.06 update 6 (build 750)
Hex Converter:   FromElf.exe V5.06 update 6 (build 750)
CPU DLL:         SARMCM3.DLL V5.25.2.0
Dialog DLL:      DARMP1.DLL V1.27.0.0
Target DLL:      Segger\JL2CM3.dll V2.99.29.0
Dialog DLL:      TARMP1.DLL V1.26.0.0
 
<h2>Project:</h2>
F:\JK5530A2_1788\Project\project.uvprojx
Project File Date:  07/08/2020

<h2>Output:</h2>
*** Using Compiler 'V5.06 update 6 (build 750)', folder: 'D:\Keil_v5\ARM\ARMCC\Bin'
Build target 'Open1788'
compiling test.c...
..\User\Test\test.c(168): warning:  #127-D: expected a statement
  }     
..\User\Test\test.c(137): warning:  #177-D: variable "addr"  was declared but never referenced
        uint16_t addr;
..\User\Test\test.c(138): warning:  #177-D: variable "crc1"  was declared but never referenced
        static uint16_t crc1;
..\User\Test\test.c(161): warning:  #177-D: label "err_ret"  was declared but never referenced
  err_ret:
..\User\Test\test.c(361): warning:  #175-D: subscript out of range
                      ComBuf3.send.buf[7+11]='F';
..\User\Test\test.c(369): warning:  #175-D: subscript out of range
                                ComBuf3.send.buf[7+11]='P';
..\User\Test\test.c(380): warning:  #175-D: subscript out of range
                      ComBuf3.send.buf[7+11]='F';
..\User\Test\test.c(389): warning:  #175-D: subscript out of range
                                ComBuf3.send.buf[7+11]='P';
..\User\Test\test.c(404): warning:  #175-D: subscript out of range
          ComBuf3.send.buf[7+12]=0XBF;
..\User\Test\test.c(468): warning:  #167-D: argument of type "uint8_t *" is incompatible with parameter of type "char *"
                        len = SerialRemoteHandleL(len1,USART_RX_BUF);
..\User\Test\test.c(412): warning:  #550-D: variable "len"  was set but never used
        uint16_t len;
..\User\Test\test.c(416): warning:  #177-D: variable "DISP_UnitSecond"  was declared but never referenced
        const uint8_t DISP_UnitSecond[]=
..\User\Test\test.c(420): warning:  #177-D: variable "page"  was declared but never referenced
      uint8_t page=1,i;
..\User\Test\test.c(420): warning:  #177-D: variable "i"  was declared but never referenced
      uint8_t page=1,i;
..\User\Test\test.c(862): warning:  #167-D: argument of type "uint8_t *" is incompatible with parameter of type "char *"
                        len = SerialRemoteHandleL(len1,USART_RX_BUF);
..\User\Test\test.c(803): warning:  #550-D: variable "len"  was set but never used
        uint16_t len;
..\User\Test\test.c(810): warning:  #177-D: variable "DISP_UnitSecond"  was declared but never referenced
        const uint8_t DISP_UnitSecond[]=
..\User\Test\test.c(814): warning:  #177-D: variable "page"  was declared but never referenced
      uint8_t page=1,i;
..\User\Test\test.c(814): warning:  #177-D: variable "i"  was declared but never referenced
      uint8_t page=1,i;
..\User\Test\test.c(1333): warning:  #167-D: argument of type "uint8_t *" is incompatible with parameter of type "char *"
                                len = SerialRemoteHandleL(len1,USART_RX_BUF);
..\User\Test\test.c(1194): warning:  #550-D: variable "len"  was set but never used
        uint16_t len;
..\User\Test\test.c(1198): warning:  #177-D: variable "DISP_UnitMain"  was declared but never referenced
        const uint8_t DISP_UnitMain[]=
..\User\Test\test.c(1200): warning:  #177-D: variable "DISP_UnitSecond"  was declared but never referenced
        const uint8_t DISP_UnitSecond[]=
..\User\Test\test.c(1204): warning:  #177-D: variable "page"  was declared but never referenced
      uint8_t page=1,i;
..\User\Test\test.c(1204): warning:  #177-D: variable "i"  was declared but never referenced
      uint8_t page=1,i;
..\User\Test\test.c(1924): warning:  #177-D: variable "sendcount"  was declared but never referenced
        static u8 sendcount;
..\User\Test\test.c(1925): warning:  #177-D: variable "len"  was declared but never referenced
        uint16_t len;
..\User\Test\test.c(1926): warning:  #177-D: variable "len1"  was declared but never referenced
        uint8_t len1 =0;
..\User\Test\test.c(1929): warning:  #177-D: variable "DISP_UnitMain"  was declared but never referenced
        const uint8_t DISP_UnitMain[]=
..\User\Test\test.c(1931): warning:  #177-D: variable "DISP_UnitSecond"  was declared but never referenced
        const uint8_t DISP_UnitSecond[]=
..\User\Test\test.c(1935): warning:  #177-D: variable "page"  was declared but never referenced
      uint8_t page=1,i;
..\User\Test\test.c(1935): warning:  #177-D: variable "i"  was declared but never referenced
      uint8_t page=1,i;
..\User\Test\test.c(1937): warning:  #177-D: variable "listNo"  was declared but never referenced
        uint16_t listNo=0;
..\User\Test\test.c(2339): warning:  #223-D: function "GPIO_ClearInt" declared implicitly
      GPIO_ClearInt(0, 1<<19);
..\User\Test\test.c(2439): warning:  #167-D: argument of type "uint8_t *" is incompatible with parameter of type "char *"
                        len = SerialRemoteHandleL(len1,USART_RX_BUF);
..\User\Test\test.c(2309): warning:  #177-D: variable "t"  was declared but never referenced
        int t=0;
..\User\Test\test.c(2310): warning:  #550-D: variable "len"  was set but never used
        uint16_t len;
..\User\Test\test.c(2314): warning:  #177-D: variable "numBlks"  was declared but never referenced
        uint32_t  numBlks, blkSize;
..\User\Test\test.c(2314): warning:  #177-D: variable "blkSize"  was declared but never referenced
        uint32_t  numBlks, blkSize;
..\User\Test\test.c(2315): warning:  #177-D: variable "inquiryResult"  was declared but never referenced
        uint8_t  inquiryResult[INQUIRY_LENGTH],rc;
..\User\Test\test.c(2315): warning:  #177-D: variable "rc"  was declared but never referenced
        uint8_t  inquiryResult[INQUIRY_LENGTH],rc;
..\User\Test\test.c(2317): warning:  #550-D: variable "Main_Second"  was set but never used
        Main_Second_TypeDed Main_Second;//主参数和幅参赛的序号
..\User\Test\test.c(2320): warning:  #177-D: variable "page"  was declared but never referenced
      uint8_t page=1,i;
..\User\Test\test.c(2320): warning:  #177-D: variable "i"  was declared but never referenced
      uint8_t page=1,i;
..\User\Test\test.c(2323): warning:  #177-D: variable "TrigFlag"  was declared but never referenced
        static uint8_t TrigFlag=0;
..\User\Test\test.c(2325): warning:  #177-D: variable "Uart"  was declared but never referenced
        Send_Ord_Typedef Uart;
..\User\Test\test.c(2328): warning:  #177-D: variable "DISP_UnitSecond"  was declared but never referenced
        const uint8_t DISP_UnitSecond[]=
..\User\Test\test.c(2887): warning:  #177-D: variable "Coordinates"  was declared but never referenced
        Disp_Coordinates_Typedef  Coordinates;
..\User\Test\test.c(2888): warning:  #177-D: variable "Uart"  was declared but never referenced
        Send_Ord_Typedef Uart;
..\User\Test\test.c(3254): warning:  #177-D: variable "Uart"  was declared but never referenced
        Send_Ord_Typedef Uart;
..\User\Test\test.c(4372): warning:  #177-D: variable "Set_Time"  was declared but never referenced
      RTC_TIME_Type Set_Time;
..\User\Test\test.c(5286): warning:  #177-D: variable "set_num"  was declared but never referenced
      uint8_t set_num;
..\User\Test\test.c(5287): warning:  #177-D: variable "num_flag"  was declared but never referenced
      uint8_t num_flag=0;
..\User\Test\test.c(5288): warning:  #177-D: variable "debugbuff"  was declared but never referenced
      uint8_t debugbuff[20];
..\User\Test\test.c(5289): warning:  #177-D: variable "setupflag"  was declared but never referenced
      uint8_t setupflag=0,sendnum;
..\User\Test\test.c(5289): warning:  #177-D: variable "sendnum"  was declared but never referenced
      uint8_t setupflag=0,sendnum;
..\User\Test\test.c(5568): warning:  #223-D: function "SetErr_ACK" declared implicitly
                return SetErr_ACK(buf,addr ,CMD_ERR); 
..\User\Test\test.c(5574): warning:  #940-D: missing return statement at end of non-void function "Uart_Process" 
  }
..\User\Test\test.c(5534): warning:  #177-D: variable "temp1"  was declared but never referenced
      uint32_t temp1;
..\User\Test\test.c(5535): warning:  #550-D: variable "Gmode_Vale"  was set but never used
      uint8_t Gmode_Vale;
..\User\Test\test.c(5536): warning:  #177-D: variable "i"  was declared but never referenced
        uint8_t i,j;
..\User\Test\test.c(5536): warning:  #177-D: variable "j"  was declared but never referenced
        uint8_t i,j;
..\User\Test\test.c(5539): warning:  #177-D: variable "str"  was declared but never referenced
        char str[30]={0};
..\User\Test\test.c(5540): warning:  #177-D: variable "cmd_flag"  was declared but never referenced
        int cmd_flag=255;
..\User\Test\test.c(5541): warning:  #177-D: variable "templen"  was declared but never referenced
        uint8_t templen =0;
..\User\Test\test.c(5542): warning:  #177-D: variable "tmpFg"  was declared but never referenced
        uint8_t tmpFg;
..\User\Test\test.c(5543): warning:  #550-D: variable "LM_S_Vale"  was set but never used
        uint8_t LM_S_Vale,LOW_I_Vale,H_L_Vale,SWITCH_Vale;
..\User\Test\test.c(5543): warning:  #550-D: variable "LOW_I_Vale"  was set but never used
        uint8_t LM_S_Vale,LOW_I_Vale,H_L_Vale,SWITCH_Vale;
..\User\Test\test.c(5543): warning:  #550-D: variable "H_L_Vale"  was set but never used
        uint8_t LM_S_Vale,LOW_I_Vale,H_L_Vale,SWITCH_Vale;
..\User\Test\test.c(5543): warning:  #550-D: variable "SWITCH_Vale"  was set but never used
        uint8_t LM_S_Vale,LOW_I_Vale,H_L_Vale,SWITCH_Vale;
..\User\Test\test.c(5544): warning:  #550-D: variable "I_ADC_Vale"  was set but never used
        uint16_t I_ADC_Vale,V_ADC_Vale;
..\User\Test\test.c(5544): warning:  #550-D: variable "V_ADC_Vale"  was set but never used
        uint16_t I_ADC_Vale,V_ADC_Vale;
..\User\Test\test.c(5545): warning:  #550-D: variable "V_CS_Vale"  was set but never used
        int32_t V_CS_Vale,I_CS_Vale;
..\User\Test\test.c(5545): warning:  #550-D: variable "I_CS_Vale"  was set but never used
        int32_t V_CS_Vale,I_CS_Vale;
..\User\Test\test.c(5546): warning:  #550-D: variable "Lvl_Vale"  was set but never used
        float Lvl_Vale,fadcx,fsingal, fVale;
..\User\Test\test.c(5546): warning:  #177-D: variable "fadcx"  was declared but never referenced
        float Lvl_Vale,fadcx,fsingal, fVale;
..\User\Test\test.c(5546): warning:  #177-D: variable "fsingal"  was declared but never referenced
        float Lvl_Vale,fadcx,fsingal, fVale;
..\User\Test\test.c(5546): warning:  #177-D: variable "fVale"  was declared but never referenced
        float Lvl_Vale,fadcx,fsingal, fVale;
..\User\Test\test.c(5549): warning:  #177-D: variable "pntlen"  was declared but never referenced
        uint8_t pntlen = 0;
..\User\Test\test.c(6398): warning:  #167-D: argument of type "uint8_t *" is incompatible with parameter of type "const char *"
        numconvert = atof(Disp_buff);
..\User\Test\test.c(6045): warning:  #177-D: variable "i"  was declared but never referenced
        uint8_t key,i;
..\User\Test\test.c(7664): warning:  #550-D: variable "j"  was set but never used
        uint8_t i,j,k=0;
..\User\Test\test.c(7664): warning:  #177-D: variable "k"  was declared but never referenced
        uint8_t i,j,k=0;
..\User\Test\test.c(7849): warning:  #550-D: variable "bytes_written"  was set but never used
      uint32_t  bytes_written;
..\User\Test\test.c(7883): warning:  #223-D: function "GPIO_ClearInt" declared implicitly
        GPIO_ClearInt(0, 1<<19);        
..\User\Test\test.c(8383): warning:  #550-D: variable "password_flag"  was set but never used
      char password_flag=0;
..\User\Test\test.c: 86 warnings, 0 errors
linking...
Program Size: Code=82924 RO-data=38044 RW-data=808 ZI-data=22352  
FromELF: creating hex file...
After Build - User command #1: D:\Keil_v5\ARM\ARMCC\bin\fromelf.exe --bin  -o ..\shengji\update.bin Output\project.axf
".\Output\project.axf" - 0 Error(s), 86 Warning(s).

<h2>Software Packages used:</h2>

Package Vendor: Keil
                http://www.keil.com/pack/Keil.LPC1700_DFP.2.5.0.pack
                Keil.LPC1700_DFP.2.5.0
                NXP LPC1700 Series Device Support, Drivers and Examples for MCB1700 and LPC1788-32

<h2>Collection of Component include folders:</h2>
  .\RTE\_Open1788
  D:\Keil_v5\ARM\PACK\Keil\LPC1700_DFP\2.5.0\Device\Include

<h2>Collection of Component Files used:</h2>
Build Time Elapsed:  00:00:04
</pre>
</body>
</html>
