Component: ARM Compiler 5.06 update 6 (build 750) Tool: armlink [4d35ed]

==============================================================================

Section Cross References

    ex_sdram.o(.text) refers to timer.o(.text) for delayMs
    ex_sdram.o(.text) refers to system_lpc177x_8x.o(.data) for SystemCoreClock
    main.o(.text) refers to lpc177x_8x_gpio.o(.text) for GPIO_GetIntStatus
    main.o(.text) refers to lpc177x_8x_clkpwr.o(.text) for CLKPWR_GetCLK
    main.o(.text) refers to key.o(.text) for HW_keyInt
    main.o(.text) refers to debug_frmwrk.o(.text) for debug_frmwrk_init
    main.o(.text) refers to lpc177x_8x_eeprom.o(.text) for EEPROM_Init
    main.o(.text) refers to rtc.o(.text) for RTC_INT
    main.o(.text) refers to ex_sdram.o(.text) for SDRAM_Init
    main.o(.text) refers to lpc177x_8x_lcd.o(.text) for GLCD_Ctrl
    main.o(.text) refers to test.o(.text) for Power_Process
    main.o(.text) refers to globalvalue.o(.data) for softswitch
    main.o(.text) refers to globalvalue.o(.data) for SystemStatus
    main.o(.text) refers to logo.o(.data) for LogoPic
    main.o(.text) refers to key.o(.data) for SysTickCnt
    timer.o(.text) refers to system_lpc177x_8x.o(.data) for PeripheralClock
    timer.o(.text) refers to test.o(.data) for Tick_10ms
    timer.o(.text) refers to globalvalue.o(.data) for listswitch
    timer.o(.text) refers to globalvalue.o(.data) for mainswitch
    timer.o(.text) refers to timer.o(.data) for .data
    timer.o(.text) refers to use_disp.o(.data) for listcap
    timer.o(.text) refers to globalvalue.o(.bss) for Test_Dispvalue
    timer.o(.text) refers to globalvalue.o(.bss) for SaveSIM
    lpc177x_8x_lcd.o(.text) refers to asciilib.o(.text) for GetASCIICode
    lpc177x_8x_lcd.o(.text) refers to system_lpc177x_8x.o(.data) for PeripheralClock
    lpc177x_8x_lcd.o(.text) refers to lpc177x_8x_lcd.o(.constdata) for .constdata
    lpc177x_8x_lcd.o(.text) refers to lpc177x_8x_lcd.o(.data) for .data
    lpc177x_8x_lcd.o(.text) refers to asciilib.o(.constdata) for _num
    lpc177x_8x_lcd.o(.text) refers to globalvalue.o(.bss) for DispBuf
    logo.o(.data) refers to logo.o(.constdata) for LogoStream
    logo.o(.data) refers to logo.o(.conststring) for .conststring
    touchpanel.o(.text) refers to lpc177x_8x_ssp.o(.text) for SSP_ReadWrite
    touchpanel.o(.text) refers to lpc177x_8x_pinsel.o(.text) for PINSEL_ConfigPin
    touchpanel.o(.text) refers to lpc177x_8x_gpio.o(.text) for GPIO_SetDir
    touchpanel.o(.text) refers to memseta.o(.text) for __aeabi_memclr4
    touchpanel.o(.text) refers to dflti.o(.text) for __aeabi_i2d
    touchpanel.o(.text) refers to cdcmple.o(.text) for __aeabi_cdcmpeq
    touchpanel.o(.text) refers to dfltui.o(.text) for __aeabi_ui2d
    touchpanel.o(.text) refers to dmul.o(.text) for __aeabi_dmul
    touchpanel.o(.text) refers to dadd.o(.text) for __aeabi_dadd
    touchpanel.o(.text) refers to ddiv.o(.text) for __aeabi_ddiv
    touchpanel.o(.text) refers to dfixui.o(.text) for __aeabi_d2uiz
    touchpanel.o(.text) refers to touchpanel.o(.bss) for .bss
    touchpanel.o(.text) refers to touchpanel.o(.data) for .data
    touchpanel.o(.text) refers to lpc177x_8x_lcd.o(.text) for lcd_Clear
    use_disp.o(.text) refers to lpc177x_8x_lcd.o(.text) for LCD_DrawLine
    use_disp.o(.text) refers to lpc177x_8x_lcd.o(.data) for Colour
    use_disp.o(.text) refers to use_disp.o(.constdata) for .constdata
    use_disp.o(.text) refers to globalvalue.o(.bss) for SaveData
    use_disp.o(.text) refers to asciilib.o(.constdata) for Out_Assic
    use_disp.o(.text) refers to globalvalue.o(.bss) for DispBuf
    use_disp.o(.text) refers to globalvalue.o(.bss) for SaveSIM
    use_disp.o(.text) refers to use_disp.o(.data) for .data
    use_disp.o(.text) refers to globalvalue.o(.bss) for Test_Dispvalue
    use_disp.o(.text) refers to test.o(.data) for buttonpage
    use_disp.o(.text) refers to printfa.o(i.__0sprintf) for __2sprintf
    use_disp.o(.text) refers to rtc.o(.bss) for RTC_TIME_DISP
    use_disp.o(.text) refers to memmovea.o(.text) for __aeabi_memcpy4
    use_disp.o(.text) refers to ffltui.o(.text) for __aeabi_ui2f
    use_disp.o(.text) refers to f2d.o(.text) for __aeabi_f2d
    use_disp.o(.text) refers to pow.o(i.pow) for pow
    use_disp.o(.text) refers to dfixui.o(.text) for __aeabi_d2uiz
    use_disp.o(.text) refers to asciilib.o(.constdata) for _C
    use_disp.o(.text) refers to asciilib.o(.constdata) for _p
    use_disp.o(.text) refers to key.o(.text) for HW_KeyScsn
    use_disp.o(.text) refers to globalvalue.o(.data) for SystemStatus
    use_disp.o(.text) refers to globalvalue.o(.data) for mainswitch
    use_disp.o(.text) refers to globalvalue.o(.data) for temperature
    use_disp.o(.text) refers to globalvalue.o(.data) for Irange
    use_disp.o(.text) refers to test.o(.text) for Comp_Led
    use_disp.o(.text) refers to globalvalue.o(.data) for Comp_flag
    use_disp.o(.text) refers to strcpy.o(.text) for strcpy
[...]
    Disp_Cp_D                                0x00020df3   Thumb Code    98  use_disp.o(.text)
    Disp_Cp_Q                                0x00020e55   Thumb Code    98  use_disp.o(.text)
    Disp_Cp_G                                0x00020eb7   Thumb Code    98  use_disp.o(.text)
    Disp_Cp_Rp                               0x00020f19   Thumb Code    96  use_disp.o(.text)
    Disp_Cs_Rs                               0x00020f79   Thumb Code    96  use_disp.o(.text)
    Disp_Cs_D                                0x00020fd9   Thumb Code    98  use_disp.o(.text)
    Disp_Cs_Q                                0x0002103b   Thumb Code    98  use_disp.o(.text)
    Disp_Lp_Q                                0x0002109d   Thumb Code    98  use_disp.o(.text)
    Disp_Lp_Rp                               0x000210ff   Thumb Code    96  use_disp.o(.text)
    Disp_Lp_Rd                               0x0002115f   Thumb Code   146  use_disp.o(.text)
    Disp_Lp_D                                0x000211f1   Thumb Code    98  use_disp.o(.text)
    Disp_Lp_G                                0x00021253   Thumb Code    98  use_disp.o(.text)
    Disp_Ls_D                                0x000212b5   Thumb Code    98  use_disp.o(.text)
    Disp_Ls_Q                                0x00021317   Thumb Code    98  use_disp.o(.text)
    Disp_Ls_Rs                               0x00021379   Thumb Code    98  use_disp.o(.text)
    Disp_Ls_Rd                               0x000213db   Thumb Code    98  use_disp.o(.text)
    Disp_Z_d                                 0x0002143d   Thumb Code    96  use_disp.o(.text)
    Disp_Z_r                                 0x0002149d   Thumb Code    98  use_disp.o(.text)
    Disp_Y_d                                 0x000214ff   Thumb Code    96  use_disp.o(.text)
    Disp_Y_r                                 0x0002155f   Thumb Code    98  use_disp.o(.text)
    Disp_R_X                                 0x000215c1   Thumb Code   150  use_disp.o(.text)
    Disp_Rs_Q                                0x00021657   Thumb Code    98  use_disp.o(.text)
    Disp_Rp_Q                                0x000216b9   Thumb Code    98  use_disp.o(.text)
    Disp_G_B                                 0x0002171b   Thumb Code    96  use_disp.o(.text)
    Disp_Button_Fun_Set                      0x0002177b   Thumb Code   656  use_disp.o(.text)
    FAN_CTRL                                 0x00021a0b   Thumb Code   138  use_disp.o(.text)
    Disp_IRTEST_Res                          0x00021a95   Thumb Code   684  use_disp.o(.text)
    Disp_Testvalue                           0x00021d41   Thumb Code  1690  use_disp.o(.text)
    Comp_Hanlde                              0x000223db   Thumb Code   288  use_disp.o(.text)
    Send_Request                             0x000224fb   Thumb Code   486  use_disp.o(.text)
    ListHandle                               0x000226e1   Thumb Code  1792  use_disp.o(.text)
    Disp_Big_MainUnit                        0x00022de1   Thumb Code    20  use_disp.o(.text)
    Disp_Big_SecondUnit                      0x00022df5   Thumb Code    66  use_disp.o(.text)
    Start_Correction                         0x00022e37   Thumb Code    60  use_disp.o(.text)
    Init_C                                   0x00022e73   Thumb Code    54  use_disp.o(.text)
    Correction_C                             0x00022ea9   Thumb Code    78  use_disp.o(.text)
    Save_C                                   0x00022ef7   Thumb Code    52  use_disp.o(.text)
    Init_R                                   0x00022f2b   Thumb Code    54  use_disp.o(.text)
    Correction_R                             0x00022f61   Thumb Code    76  use_disp.o(.text)
    Save_R                                   0x00022fad   Thumb Code    52  use_disp.o(.text)
    Exit_correction                          0x00022fe1   Thumb Code    64  use_disp.o(.text)
    Clear_Instr                              0x00023021   Thumb Code   120  use_disp.o(.text)
    Close_Clear                              0x00023099   Thumb Code    22  use_disp.o(.text)
    Open_Clear                               0x000230af   Thumb Code    22  use_disp.o(.text)
    Short_Clear                              0x000230c5   Thumb Code    22  use_disp.o(.text)
    Send_Freq                                0x000230db   Thumb Code    50  use_disp.o(.text)
    Send_UartStart                           0x0002310d   Thumb Code   162  use_disp.o(.text)
    softdelay                                0x000231af   Thumb Code    12  use_disp.o(.text)
    SetErr_ACK                               0x000231bb   Thumb Code   114  use_disp.o(.text)
    SerialRemoteHandleL                      0x0002322d   Thumb Code  1250  use_disp.o(.text)
    Send_Main_Ord                            0x0002370f   Thumb Code   102  use_disp.o(.text)
    Disp_Range_DispMainUnit                  0x00023775   Thumb Code    58  use_disp.o(.text)
    Disp_Range_DispSecondUnit                0x000237af   Thumb Code    62  use_disp.o(.text)
    Disp_RangeTestvalue                      0x000237ed   Thumb Code   100  use_disp.o(.text)
    Disp_Range_Num                           0x00023851   Thumb Code    20  use_disp.o(.text)
    Disp_RangeCount                          0x00023865   Thumb Code    80  use_disp.o(.text)
    Disp_Test_Unit_v                         0x000238b5   Thumb Code    12  use_disp.o(.text)
    Disp_Test_Unit_mA                        0x000238c1   Thumb Code    12  use_disp.o(.text)
    Savetoeeprom                             0x000238cd   Thumb Code    22  use_disp.o(.text)
    ReadSavedata                             0x000238e3   Thumb Code    22  use_disp.o(.text)
    lcd_image                                0x000238f9   Thumb Code    40  use_disp.o(.text)
    Send_Uart3                               0x00023921   Thumb Code     8  use_disp.o(.text)
    Disp_Usbflag                             0x00023929   Thumb Code    50  use_disp.o(.text)
    Disp_switch                              0x0002395b   Thumb Code    52  use_disp.o(.text)
    GetASCIICode                             0x00023ab5   Thumb Code    16  asciilib.o(.text)
    GetASCIICode_12                          0x00023ac5   Thumb Code    28  asciilib.o(.text)
    CMD_Resend                               0x00023ae9   Thumb Code    30  test.o(.text)
    READ_COMP                                0x00023b07   Thumb Code    20  test.o(.text)
    Read_Temp                                0x00023b1b   Thumb Code     8  test.o(.text)
    MODS_Poll                                0x00023b23   Thumb Code    40  test.o(.text)
    input_password                           0x00023b4b   Thumb Code   590  test.o(.text)
    Inttofloat                               0x00023d99   Thumb Code   100  test.o(.text)
    Set_Compbcd_float                        0x00023dfd   Thumb Code   296  test.o(.text)
    Power_Process                            0x00023f25   Thumb Code   236  test.o(.text)
    Send_T0_USB                              0x00024011   Thumb Code   302  test.o(.text)
    Disp_NumKeyboard_Set                     0x0002413f   Thumb Code   664  test.o(.text)
    Disp_Set_Num                             0x000243d7   Thumb Code    74  test.o(.text)
    Disp_Set_C                               0x00024421   Thumb Code    84  test.o(.text)
    Load_Process                             0x00024475   Thumb Code   892  test.o(.text)
    Pow_Process                              0x000247f1   Thumb Code   954  test.o(.text)
    Disp_NumKeyboard_NTC                     0x00024bab   Thumb Code   582  test.o(.text)
    Disp_Set_LISTT                           0x00024df1   Thumb Code    70  test.o(.text)
    Disp_NumKeyboard_time                    0x00024e37   Thumb Code   580  test.o(.text)
    Disp_Set_Step                            0x0002507b   Thumb Code    84  test.o(.text)
    Comp_Led                                 0x000250cf   Thumb Code    40  test.o(.text)
    List_Process                             0x000250f7   Thumb Code  2382  test.o(.text)
    Disp_Set_ST                              0x00025a45   Thumb Code   132  test.o(.text)
    Disp_Set_NTCR                            0x00025ac9   Thumb Code    68  test.o(.text)
    Disp_Set_R                               0x00025b0d   Thumb Code    74  test.o(.text)
    Comp_Process                             0x00025b57   Thumb Code  1140  test.o(.text)
    Test_Process                             0x00025fcb   Thumb Code  1214  test.o(.text)
    File_Process                             0x00026489   Thumb Code    22  test.o(.text)
    Setup_Process                            0x0002649f   Thumb Code   280  test.o(.text)
    Data_StoreProcess                        0x000265b7   Thumb Code    22  test.o(.text)
    Test_Comp_Fmq                            0x000265cd   Thumb Code    62  test.o(.text)
    Test_Comp                                0x0002660b   Thumb Code   766  test.o(.text)
    Range_Process                            0x00026909   Thumb Code   292  test.o(.text)
    Range_CountProcess                       0x00026a2d   Thumb Code   310  test.o(.text)
    ItemProcess                              0x00026b63   Thumb Code   390  test.o(.text)
    Freq_Set_Num                             0x00026ce9   Thumb Code   100  test.o(.text)
    Use_ITEMSetProcess                       0x00026d4d   Thumb Code   508  test.o(.text)
    Input_compvalue                          0x00026f49   Thumb Code   798  test.o(.text)
    Disp_Set_InputpreSecNum                  0x00027267   Thumb Code    76  test.o(.text)
    Disp_Set_InputpreNum                     0x000272b3   Thumb Code    92  test.o(.text)
    Disp_Set_InputNum                        0x0002730f   Thumb Code    74  test.o(.text)
    Use_LimitSetProcess                      0x00027359   Thumb Code   784  test.o(.text)
    Use_SysSetProcess                        0x00027669   Thumb Code  1652  test.o(.text)
    Use_DebugProcess                         0x00027cdd   Thumb Code   284  test.o(.text)
    Disp_Set_T                               0x00027df9   Thumb Code    86  test.o(.text)
    input_num                                0x00027e4f   Thumb Code   504  test.o(.text)
    Fac_DebugProcess                         0x00028047   Thumb Code   618  test.o(.text)
    Uart_Process                             0x000282b1   Thumb Code   114  test.o(.text)
    Avg_Test                                 0x00028323   Thumb Code    60  test.o(.text)
    PackStandFrame                           0x0002835f   Thumb Code    36  test.o(.text)
    Disp_Set_DTime                           0x00028383   Thumb Code    84  test.o(.text)
    Disp_Set_CompNum                         0x000283d7   Thumb Code    72  test.o(.text)
    Avg_Set_Num                              0x0002841f   Thumb Code   154  test.o(.text)
    Set_daot                                 0x000284b9   Thumb Code    74  test.o(.text)
    Write_Usbdata                            0x00028503   Thumb Code    50  test.o(.text)
    Soft_Turnon                              0x00028535   Thumb Code    76  test.o(.text)
    Uart3_Process                            0x00028581   Thumb Code    88  test.o(.text)
    InitGlobalValue                          0x00028615   Thumb Code    50  globalvalue.o(.text)
    RTC_Init                                 0x00028651   Thumb Code    28  lpc177x_8x_rtc.o(.text)
    RTC_DeInit                               0x0002866d   Thumb Code    12  lpc177x_8x_rtc.o(.text)
    RTC_ResetClockTickCounter                0x00028679   Thumb Code    18  lpc177x_8x_rtc.o(.text)
    RTC_Cmd                                  0x0002868b   Thumb Code    20  lpc177x_8x_rtc.o(.text)
    RTC_CntIncrIntConfig                     0x0002869f   Thumb Code   166  lpc177x_8x_rtc.o(.text)
    RTC_AlarmIntConfig                       0x00028745   Thumb Code   166  lpc177x_8x_rtc.o(.text)
    RTC_SetTime                              0x000287eb   Thumb Code   194  lpc177x_8x_rtc.o(.text)
    RTC_GetTime                              0x000288ad   Thumb Code    88  lpc177x_8x_rtc.o(.text)
    RTC_SetFullTime                          0x00028905   Thumb Code    76  lpc177x_8x_rtc.o(.text)
    RTC_GetFullTime                          0x00028951   Thumb Code    76  lpc177x_8x_rtc.o(.text)
    RTC_SetAlarmTime                         0x0002899d   Thumb Code   200  lpc177x_8x_rtc.o(.text)
    RTC_GetAlarmTime                         0x00028a65   Thumb Code    92  lpc177x_8x_rtc.o(.text)
    RTC_SetFullAlarmTime                     0x00028ac1   Thumb Code    78  lpc177x_8x_rtc.o(.text)
    RTC_GetFullAlarmTime                     0x00028b0f   Thumb Code    78  lpc177x_8x_rtc.o(.text)
    RTC_GetIntPending                        0x00028b5d   Thumb Code    10  lpc177x_8x_rtc.o(.text)
    RTC_ClearIntPending                      0x00028b67   Thumb Code     8  lpc177x_8x_rtc.o(.text)
    RTC_CalibCounterCmd                      0x00028b6f   Thumb Code    20  lpc177x_8x_rtc.o(.text)
    RTC_CalibConfig                          0x00028b83   Thumb Code    24  lpc177x_8x_rtc.o(.text)
    RTC_WriteGPREG                           0x00028b9b   Thumb Code     8  lpc177x_8x_rtc.o(.text)
    RTC_ReadGPREG                            0x00028ba3   Thumb Code     8  lpc177x_8x_rtc.o(.text)
    SysTick_Handler                          0x00028bad   Thumb Code    10  key.o(.text)
    Start_Debugled                           0x00028bb7   Thumb Code    46  key.o(.text)
    Beep_on                                  0x00028be5   Thumb Code    10  key.o(.text)
    Beep_Off                                 0x00028bef   Thumb Code    10  key.o(.text)
    Bais_LedOn                               0x00028bf9   Thumb Code    10  key.o(.text)
    FAN_ON                                   0x00028c03   Thumb Code    26  key.o(.text)
    FAN_OFF                                  0x00028c1d   Thumb Code    26  key.o(.text)
    DE485                                    0x00028c37   Thumb Code    26  key.o(.text)
    RE485                                    0x00028c51   Thumb Code    26  key.o(.text)
    Bais_LedOff                              0x00028c6b   Thumb Code    10  key.o(.text)
    Lock_LedOn                               0x00028c75   Thumb Code     8  key.o(.text)
    Lock_LedOff                              0x00028c7d   Thumb Code     8  key.o(.text)
    Lock_Control_On                          0x00028c85   Thumb Code    10  key.o(.text)
    Lock_Control_Off                         0x00028c8f   Thumb Code    10  key.o(.text)
    Plc_pass                                 0x00028c99   Thumb Code    26  key.o(.text)
    Pass_Led                                 0x00028cb3   Thumb Code    24  key.o(.text)
    All_LedOff1                              0x00028ccb   Thumb Code    22  key.o(.text)
    Turnoff_backlight                        0x00028ce1   Thumb Code     8  key.o(.text)
    All_LedOff                               0x00028ce9   Thumb Code    34  key.o(.text)
    Plc_Fail                                 0x00028d0b   Thumb Code    26  key.o(.text)
    Fail_led                                 0x00028d25   Thumb Code    24  key.o(.text)
    Comp_ledoff                              0x00028d3d   Thumb Code    24  key.o(.text)
    Power_Relay                              0x00028d55   Thumb Code    20  key.o(.text)
    Power_On_led                             0x00028d69   Thumb Code    30  key.o(.text)
    Power_Off_led                            0x00028d87   Thumb Code    30  key.o(.text)
    Turnon_backlight                         0x00028da5   Thumb Code     8  key.o(.text)
    GPIO_485_Config                          0x00028dad   Thumb Code     2  key.o(.text)
    GPIO_Led_Configuration                   0x00028daf   Thumb Code    86  key.o(.text)
    GPIO_Plc_Configuration                   0x00028e05   Thumb Code    68  key.o(.text)
    GPIO_Key_Configuration                   0x00028e49   Thumb Code   106  key.o(.text)
    _164Delaay                               0x00028eb3   Thumb Code    12  key.o(.text)
    HW_Sendvalueto164                        0x00028ebf   Thumb Code    72  key.o(.text)
    HW_keyInt                                0x00028f07   Thumb Code    14  key.o(.text)
    HW_KeyScsn1                              0x00028f15   Thumb Code   210  key.o(.text)
    HW_KeyScsn                               0x00028fe7   Thumb Code    40  key.o(.text)
    Delay_Key                                0x0002900f   Thumb Code    12  key.o(.text)
    Key_Beep                                 0x0002901b   Thumb Code    26  key.o(.text)
    RTC_IRQHandler                           0x0002903d   Thumb Code    42  rtc.o(.text)
    RTC_INT                                  0x00029067   Thumb Code    48  rtc.o(.text)
    DMA_IRQHandler                           0x000290a5   Thumb Code   174  dma.o(.text)
    lpc1788_DMA_Init                         0x00029153   Thumb Code   124  dma.o(.text)
    DMASendInit                              0x000291cf   Thumb Code    56  dma.o(.text)
    Reset_Handler                            0x00029225   Thumb Code     8  startup_lpc177x_8x.o(.text)
    NMI_Handler                              0x0002922d   Thumb Code     2  startup_lpc177x_8x.o(.text)
    HardFault_Handler                        0x0002922f   Thumb Code     2  startup_lpc177x_8x.o(.text)
    MemManage_Handler                        0x00029231   Thumb Code     2  startup_lpc177x_8x.o(.text)
    BusFault_Handler                         0x00029233   Thumb Code     2  startup_lpc177x_8x.o(.text)
    UsageFault_Handler                       0x00029235   Thumb Code     2  startup_lpc177x_8x.o(.text)
    SVC_Handler                              0x00029237   Thumb Code     2  startup_lpc177x_8x.o(.text)
    DebugMon_Handler                         0x00029239   Thumb Code     2  startup_lpc177x_8x.o(.text)
    PendSV_Handler                           0x0002923b   Thumb Code     2  startup_lpc177x_8x.o(.text)
    ADC_IRQHandler                           0x0002923f   Thumb Code     0  startup_lpc177x_8x.o(.text)
    BOD_IRQHandler                           0x0002923f   Thumb Code     0  startup_lpc177x_8x.o(.text)
    CANActivity_IRQHandler                   0x0002923f   Thumb Code     0  startup_lpc177x_8x.o(.text)
    CAN_IRQHandler                           0x0002923f   Thumb Code     0  startup_lpc177x_8x.o(.text)
    EEPROM_IRQHandler                        0x0002923f   Thumb Code     0  startup_lpc177x_8x.o(.text)
    EINT0_IRQHandler                         0x0002923f   Thumb Code     0  startup_lpc177x_8x.o(.text)
    EINT1_IRQHandler                         0x0002923f   Thumb Code     0  startup_lpc177x_8x.o(.text)
    EINT2_IRQHandler                         0x0002923f   Thumb Code     0  startup_lpc177x_8x.o(.text)
    EINT3_IRQHandler                         0x0002923f   Thumb Code     0  startup_lpc177x_8x.o(.text)
    ENET_IRQHandler                          0x0002923f   Thumb Code     0  startup_lpc177x_8x.o(.text)
    I2C0_IRQHandler                          0x0002923f   Thumb Code     0  startup_lpc177x_8x.o(.text)
    I2C1_IRQHandler                          0x0002923f   Thumb Code     0  startup_lpc177x_8x.o(.text)
    I2C2_IRQHandler                          0x0002923f   Thumb Code     0  startup_lpc177x_8x.o(.text)
    I2S_IRQHandler                           0x0002923f   Thumb Code     0  startup_lpc177x_8x.o(.text)
    LCD_IRQHandler                           0x0002923f   Thumb Code     0  startup_lpc177x_8x.o(.text)
    MCI_IRQHandler                           0x0002923f   Thumb Code     0  startup_lpc177x_8x.o(.text)
    MCPWM_IRQHandler                         0x0002923f   Thumb Code     0  startup_lpc177x_8x.o(.text)
    PLL0_IRQHandler                          0x0002923f   Thumb Code     0  startup_lpc177x_8x.o(.text)
    PLL1_IRQHandler                          0x0002923f   Thumb Code     0  startup_lpc177x_8x.o(.text)
    PWM0_IRQHandler                          0x0002923f   Thumb Code     0  startup_lpc177x_8x.o(.text)
    PWM1_IRQHandler                          0x0002923f   Thumb Code     0  startup_lpc177x_8x.o(.text)
    QEI_IRQHandler                           0x0002923f   Thumb Code     0  startup_lpc177x_8x.o(.text)
    SPIFI_IRQHandler                         0x0002923f   Thumb Code     0  startup_lpc177x_8x.o(.text)
    SSP0_IRQHandler                          0x0002923f   Thumb Code     0  startup_lpc177x_8x.o(.text)
    SSP1_IRQHandler                          0x0002923f   Thumb Code     0  startup_lpc177x_8x.o(.text)
    SSP2_IRQHandler                          0x0002923f   Thumb Code     0  startup_lpc177x_8x.o(.text)
    UART1_IRQHandler                         0x0002923f   Thumb Code     0  startup_lpc177x_8x.o(.text)
    UART2_IRQHandler                         0x0002923f   Thumb Code     0  startup_lpc177x_8x.o(.text)
    UART4_IRQHandler                         0x0002923f   Thumb Code     0  startup_lpc177x_8x.o(.text)
    USBActivity_IRQHandler                   0x0002923f   Thumb Code     0  startup_lpc177x_8x.o(.text)
    WDT_IRQHandler                           0x0002923f   Thumb Code     0  startup_lpc177x_8x.o(.text)
    SystemCoreClockUpdate                    0x00029249   Thumb Code   284  system_lpc177x_8x.o(.text)
    SystemInit                               0x00029365   Thumb Code   136  system_lpc177x_8x.o(.text)
    GPIO_SetDir                              0x00029497   Thumb Code    28  lpc177x_8x_gpio.o(.text)
    GPIO_SetValue                            0x000294b3   Thumb Code    16  lpc177x_8x_gpio.o(.text)
    GPIO_ClearValue                          0x000294c3   Thumb Code    16  lpc177x_8x_gpio.o(.text)
    GPIO_OutputValue                         0x000294d3   Thumb Code     6  lpc177x_8x_gpio.o(.text)
    GPIO_ReadValue                           0x000294d9   Thumb Code    14  lpc177x_8x_gpio.o(.text)
    GPIO_IntCmd                              0x000294e7   Thumb Code    58  lpc177x_8x_gpio.o(.text)
    GPIO_GetIntStatus                        0x00029521   Thumb Code    64  lpc177x_8x_gpio.o(.text)
    GPIO_ClearInt                            0x00029561   Thumb Code    22  lpc177x_8x_gpio.o(.text)
    FIO_SetDir                               0x00029577   Thumb Code     2  lpc177x_8x_gpio.o(.text)
    FIO_SetValue                             0x00029579   Thumb Code     2  lpc177x_8x_gpio.o(.text)
    FIO_ClearValue                           0x0002957b   Thumb Code     2  lpc177x_8x_gpio.o(.text)
    FIO_ReadValue                            0x0002957d   Thumb Code     2  lpc177x_8x_gpio.o(.text)
    FIO_IntCmd                               0x0002957f   Thumb Code     2  lpc177x_8x_gpio.o(.text)
    FIO_GetIntStatus                         0x00029581   Thumb Code     2  lpc177x_8x_gpio.o(.text)
    FIO_ClearInt                             0x00029583   Thumb Code     2  lpc177x_8x_gpio.o(.text)
    FIO_SetMask                              0x00029585   Thumb Code    28  lpc177x_8x_gpio.o(.text)
    FIO_HalfWordSetDir                       0x000295a1   Thumb Code    50  lpc177x_8x_gpio.o(.text)
    FIO_HalfWordSetMask                      0x000295d3   Thumb Code    50  lpc177x_8x_gpio.o(.text)
    FIO_HalfWordSetValue                     0x00029605   Thumb Code    24  lpc177x_8x_gpio.o(.text)
    FIO_HalfWordClearValue                   0x0002961d   Thumb Code    24  lpc177x_8x_gpio.o(.text)
    FIO_HalfWordReadValue                    0x00029635   Thumb Code    22  lpc177x_8x_gpio.o(.text)
    FIO_ByteSetDir                           0x0002964b   Thumb Code    40  lpc177x_8x_gpio.o(.text)
    FIO_ByteSetMask                          0x00029673   Thumb Code    44  lpc177x_8x_gpio.o(.text)
    FIO_ByteSetValue                         0x0002969f   Thumb Code    24  lpc177x_8x_gpio.o(.text)
    FIO_ByteClearValue                       0x000296b7   Thumb Code    24  lpc177x_8x_gpio.o(.text)
    FIO_ByteReadValue                        0x000296cf   Thumb Code    24  lpc177x_8x_gpio.o(.text)
    CLKPWR_SetCLKDiv                         0x000296f1   Thumb Code    62  lpc177x_8x_clkpwr.o(.text)
    CLKPWR_GetCLK                            0x0002972f   Thumb Code    34  lpc177x_8x_clkpwr.o(.text)
    CLKPWR_ConfigPPWR                        0x00029751   Thumb Code    28  lpc177x_8x_clkpwr.o(.text)
    CLKPWR_Sleep                             0x0002976d   Thumb Code    12  lpc177x_8x_clkpwr.o(.text)
    CLKPWR_DeepSleep                         0x00029779   Thumb Code    18  lpc177x_8x_clkpwr.o(.text)
    CLKPWR_PowerDown                         0x0002978b   Thumb Code    18  lpc177x_8x_clkpwr.o(.text)
    CLKPWR_DeepPowerDown                     0x0002979d   Thumb Code    18  lpc177x_8x_clkpwr.o(.text)
    UART_Init                                0x000298f5   Thumb Code   230  lpc177x_8x_uart.o(.text)
    UART_TxCmd                               0x000299db   Thumb Code    26  lpc177x_8x_uart.o(.text)
    UART_DeInit                              0x000299f5   Thumb Code    76  lpc177x_8x_uart.o(.text)
    UART_ConfigStructInit                    0x00029a41   Thumb Code    18  lpc177x_8x_uart.o(.text)
    UART_SendByte                            0x00029a53   Thumb Code     6  lpc177x_8x_uart.o(.text)
    UART_ReceiveByte                         0x00029a59   Thumb Code     6  lpc177x_8x_uart.o(.text)
    UART_Send                                0x00029a5f   Thumb Code   112  lpc177x_8x_uart.o(.text)
    UART_Receive                             0x00029acf   Thumb Code    82  lpc177x_8x_uart.o(.text)
    UART_ForceBreak                          0x00029b21   Thumb Code    12  lpc177x_8x_uart.o(.text)
    UART_IntConfig                           0x00029b2d   Thumb Code    84  lpc177x_8x_uart.o(.text)
    UART_GetLineStatus                       0x00029b81   Thumb Code    14  lpc177x_8x_uart.o(.text)
    UART_GetIntId                            0x00029b8f   Thumb Code    10  lpc177x_8x_uart.o(.text)
    UART_CheckBusy                           0x00029b99   Thumb Code    14  lpc177x_8x_uart.o(.text)
    UART_FIFOConfig                          0x00029ba7   Thumb Code    64  lpc177x_8x_uart.o(.text)
    UART_FIFOConfigStructInit                0x00029be7   Thumb Code    14  lpc177x_8x_uart.o(.text)
    UART_ABCmd                               0x00029bf5   Thumb Code   102  lpc177x_8x_uart.o(.text)
    UART_ABClearIntPending                   0x00029c5b   Thumb Code    10  lpc177x_8x_uart.o(.text)
    UART_IrDAInvtInputCmd                    0x00029c65   Thumb Code    46  lpc177x_8x_uart.o(.text)
    UART_IrDACmd                             0x00029c93   Thumb Code    22  lpc177x_8x_uart.o(.text)
    UART_IrDAPulseDivConfig                  0x00029ca9   Thumb Code    24  lpc177x_8x_uart.o(.text)
    UART_FullModemForcePinState              0x00029cc1   Thumb Code    36  lpc177x_8x_uart.o(.text)
    UART_FullModemConfigMode                 0x00029ce5   Thumb Code    42  lpc177x_8x_uart.o(.text)
    UART_FullModemGetStatus                  0x00029d0f   Thumb Code     4  lpc177x_8x_uart.o(.text)
    UART_RS485Config                         0x00029d13   Thumb Code    88  lpc177x_8x_uart.o(.text)
    UART_RS485ReceiverCmd                    0x00029d6b   Thumb Code    22  lpc177x_8x_uart.o(.text)
    UART_RS485Send                           0x00029d81   Thumb Code    52  lpc177x_8x_uart.o(.text)
    UART_RS485SendSlvAddr                    0x00029db5   Thumb Code    14  lpc177x_8x_uart.o(.text)
    UART_RS485SendData                       0x00029dc3   Thumb Code     4  lpc177x_8x_uart.o(.text)
    UARTPutChar                              0x00029dcd   Thumb Code    14  debug_frmwrk.o(.text)
    UARTGetChar                              0x00029ddb   Thumb Code    24  debug_frmwrk.o(.text)
    UARTPuts                                 0x00029df3   Thumb Code    30  debug_frmwrk.o(.text)
    UARTGetValue                             0x00029e11   Thumb Code   276  debug_frmwrk.o(.text)
    UART3SEND                                0x00029f25   Thumb Code    40  debug_frmwrk.o(.text)
    UARTPuts_                                0x00029f4d   Thumb Code    18  debug_frmwrk.o(.text)
    UARTPutDec                               0x00029f5f   Thumb Code    72  debug_frmwrk.o(.text)
    UARTPutDec16                             0x00029fa7   Thumb Code   126  debug_frmwrk.o(.text)
    UARTPutDec32                             0x0002a025   Thumb Code   258  debug_frmwrk.o(.text)
    UARTPutHex_                              0x0002a127   Thumb Code    42  debug_frmwrk.o(.text)
    UARTPutHex                               0x0002a151   Thumb Code    48  debug_frmwrk.o(.text)
    UARTPutHex16_                            0x0002a181   Thumb Code    42  debug_frmwrk.o(.text)
    UARTPutHex16                             0x0002a1ab   Thumb Code    48  debug_frmwrk.o(.text)
    UARTPutHex32_                            0x0002a1db   Thumb Code    42  debug_frmwrk.o(.text)
    UARTPutHex32                             0x0002a205   Thumb Code    48  debug_frmwrk.o(.text)
    _printf                                  0x0002a235   Thumb Code    30  debug_frmwrk.o(.text)
    debug_frmwrk_init                        0x0002a253   Thumb Code   300  debug_frmwrk.o(.text)
    Uart0RecTimeOut                          0x0002a37f   Thumb Code    36  debug_frmwrk.o(.text)
    UART0_IRQHandler                         0x0002a3a3   Thumb Code    98  debug_frmwrk.o(.text)
    CRC16                                    0x0002a405   Thumb Code    38  debug_frmwrk.o(.text)
    MODS_SendWithCRC                         0x0002a42b   Thumb Code    52  debug_frmwrk.o(.text)
    BEBufToUint16                            0x0002a45f   Thumb Code     6  debug_frmwrk.o(.text)
    DMA_SendWithCRC                          0x0002a465   Thumb Code    42  debug_frmwrk.o(.text)
    debug_uart3_init                         0x0002a48f   Thumb Code   170  debug_frmwrk.o(.text)
    UART3_IRQHandler                         0x0002a539   Thumb Code    52  debug_frmwrk.o(.text)
    RecHandle                                0x0002a637   Thumb Code    20  debug_frmwrk.o(.text)
    PINSEL_ConfigPin                         0x0002a759   Thumb Code    20  lpc177x_8x_pinsel.o(.text)
    PINSEL_SetPinMode                        0x0002a76d   Thumb Code    20  lpc177x_8x_pinsel.o(.text)
    PINSEL_SetHysMode                        0x0002a781   Thumb Code    26  lpc177x_8x_pinsel.o(.text)
    PINSEL_SetSlewMode                       0x0002a79b   Thumb Code    26  lpc177x_8x_pinsel.o(.text)
    PINSEL_SetInBufMode                      0x0002a7b5   Thumb Code    26  lpc177x_8x_pinsel.o(.text)
    PINSEL_SetI2CMode                        0x0002a7cf   Thumb Code    22  lpc177x_8x_pinsel.o(.text)
    PINSEL_SetOpenDrainMode                  0x0002a7e5   Thumb Code    26  lpc177x_8x_pinsel.o(.text)
    PINSEL_SetAnalogPinMode                  0x0002a7ff   Thumb Code   102  lpc177x_8x_pinsel.o(.text)
    PINSEL_DacEnable                         0x0002a865   Thumb Code    36  lpc177x_8x_pinsel.o(.text)
    PINSEL_SetFilter                         0x0002a889   Thumb Code    48  lpc177x_8x_pinsel.o(.text)
    EEPROM_Init                              0x0002a8c9   Thumb Code   100  lpc177x_8x_eeprom.o(.text)
    EEPROM_Write                             0x0002a92d   Thumb Code   220  lpc177x_8x_eeprom.o(.text)
    EEPROM_Read                              0x0002aa09   Thumb Code   198  lpc177x_8x_eeprom.o(.text)
    EEPROM_Erase                             0x0002aacf   Thumb Code    70  lpc177x_8x_eeprom.o(.text)
    EEPROM_PowerDown                         0x0002ab15   Thumb Code    16  lpc177x_8x_eeprom.o(.text)
    GPDMA_Init                               0x0002ab31   Thumb Code    54  lpc177x_8x_gpdma.o(.text)
    GPDMA_Setup                              0x0002ab67   Thumb Code   418  lpc177x_8x_gpdma.o(.text)
    GPDMA_ChannelCmd                         0x0002ad09   Thumb Code    26  lpc177x_8x_gpdma.o(.text)
    GPDMA_IntGetStatus                       0x0002ad23   Thumb Code    52  lpc177x_8x_gpdma.o(.text)
    GPDMA_ClearIntPending                    0x0002ad57   Thumb Code    18  lpc177x_8x_gpdma.o(.text)
    FAT_GetFATType                           0x0002ad7d   Thumb Code    32  usbhost_fat.o(.text)
    FAT_Init                                 0x0002ad9d   Thumb Code   238  usbhost_fat.o(.text)
    FAT_PutSFN                               0x0002ae8b   Thumb Code   142  usbhost_fat.o(.text)
    FAT_ChkEntType                           0x0002af19   Thumb Code    32  usbhost_fat.o(.text)
    FAT_GetFreeEntry                         0x0002af39   Thumb Code    90  usbhost_fat.o(.text)
    FAT_StrCaseCmp                           0x0002af93   Thumb Code    52  usbhost_fat.o(.text)
    FAT_GetSfnExt                            0x0002afc7   Thumb Code    40  usbhost_fat.o(.text)
    FAT_GetSfnName                           0x0002afef   Thumb Code    30  usbhost_fat.o(.text)
    FAT_GetSFN                               0x0002b00d   Thumb Code    60  usbhost_fat.o(.text)
    FAT_FindEntry                            0x0002b049   Thumb Code   140  usbhost_fat.o(.text)
    FAT_CreateEntry                          0x0002b0d5   Thumb Code    36  usbhost_fat.o(.text)
    FILE_Open                                0x0002b0f9   Thumb Code    68  usbhost_fat.o(.text)
    FAT_ClusRead                             0x0002b13d   Thumb Code   202  usbhost_fat.o(.text)
    FAT_GetNextClus                          0x0002b207   Thumb Code    56  usbhost_fat.o(.text)
    FILE_Read                                0x0002b23f   Thumb Code   162  usbhost_fat.o(.text)
    FAT_UpdateFAT                            0x0002b2e1   Thumb Code    64  usbhost_fat.o(.text)
    FAT_GetFreeClus                          0x0002b321   Thumb Code    80  usbhost_fat.o(.text)
    FAT_ClusWrite                            0x0002b371   Thumb Code   218  usbhost_fat.o(.text)
    FAT_GetEndClus                           0x0002b44b   Thumb Code    20  usbhost_fat.o(.text)
    FILE_Write                               0x0002b45f   Thumb Code   206  usbhost_fat.o(.text)
    FAT_UpdateEntry                          0x0002b52d   Thumb Code    48  usbhost_fat.o(.text)
    FILE_Close                               0x0002b55d   Thumb Code    70  usbhost_fat.o(.text)
    Host_DelayUS                             0x0002b5ad   Thumb Code    18  usbhost_lpc17xx.o(.text)
    Host_DelayMS                             0x0002b5bf   Thumb Code    34  usbhost_lpc17xx.o(.text)
    Host_HCCAInit                            0x0002b5e1   Thumb Code    24  usbhost_lpc17xx.o(.text)
    Host_TDInit                              0x0002b5f9   Thumb Code    12  usbhost_lpc17xx.o(.text)
    Host_EDInit                              0x0002b605   Thumb Code    12  usbhost_lpc17xx.o(.text)
    Host_Init                                0x0002b611   Thumb Code   342  usbhost_lpc17xx.o(.text)
    USB_IRQHandler                           0x0002b767   Thumb Code   208  usbhost_lpc17xx.o(.text)
    Host_WDHWait                             0x0002b837   Thumb Code    14  usbhost_lpc17xx.o(.text)
    Host_ProcessTD                           0x0002b845   Thumb Code   146  usbhost_lpc17xx.o(.text)
    WriteLE16U                               0x0002b8d7   Thumb Code    16  usbhost_lpc17xx.o(.text)
    Host_FillSetup                           0x0002b8e7   Thumb Code    64  usbhost_lpc17xx.o(.text)
    Host_CtrlSend                            0x0002b927   Thumb Code    68  usbhost_lpc17xx.o(.text)
    ReadLE16U                                0x0002b96b   Thumb Code    20  usbhost_lpc17xx.o(.text)
    Host_CtrlRecv                            0x0002b97f   Thumb Code    68  usbhost_lpc17xx.o(.text)
    Host_EnumDev                             0x0002b9c3   Thumb Code   316  usbhost_lpc17xx.o(.text)
    ReadLE32U                                0x0002baff   Thumb Code    28  usbhost_lpc17xx.o(.text)
    WriteLE32U                               0x0002bb1b   Thumb Code    16  usbhost_lpc17xx.o(.text)
    ReadBE32U                                0x0002bb2b   Thumb Code    28  usbhost_lpc17xx.o(.text)
    WriteBE32U                               0x0002bb47   Thumb Code    16  usbhost_lpc17xx.o(.text)
    ReadBE16U                                0x0002bb57   Thumb Code    20  usbhost_lpc17xx.o(.text)
    WriteBE16U                               0x0002bb6b   Thumb Code    16  usbhost_lpc17xx.o(.text)
    Fill_MSCommand                           0x0002bb7d   Thumb Code   144  usbhost_ms.o(.text)
    MS_Inquire                               0x0002bc0d   Thumb Code   124  usbhost_ms.o(.text)
    MS_ReadCapacity                          0x0002bc89   Thumb Code   124  usbhost_ms.o(.text)
    MS_GetSenseInfo                          0x0002bd05   Thumb Code    96  usbhost_ms.o(.text)
    MS_TestUnitReady                         0x0002bd65   Thumb Code    76  usbhost_ms.o(.text)
    MS_GetMaxLUN                             0x0002bdb1   Thumb Code    26  usbhost_ms.o(.text)
    MS_Init                                  0x0002bdcb   Thumb Code    64  usbhost_ms.o(.text)
    MS_ParseConfiguration                    0x0002be0b   Thumb Code   170  usbhost_ms.o(.text)
    MS_BulkRecv                              0x0002beb5   Thumb Code   126  usbhost_ms.o(.text)
    MS_BulkSend                              0x0002bf33   Thumb Code   130  usbhost_ms.o(.text)
    __aeabi_uldivmod                         0x0002bfb5   Thumb Code    98  uldiv.o(.text)
    ___aeabi_memcpy8$move                    0x0002c017   Thumb Code     0  memmovea.o(.text)
    __aeabi_memcpy                           0x0002c017   Thumb Code    64  memmovea.o(.text)
    __aeabi_memcpy4                          0x0002c017   Thumb Code     0  memmovea.o(.text)
    __aeabi_memmove                          0x0002c017   Thumb Code     0  memmovea.o(.text)
    __aeabi_memmove4                         0x0002c017   Thumb Code     0  memmovea.o(.text)
    __aeabi_memmove8                         0x0002c017   Thumb Code     0  memmovea.o(.text)
    __aeabi_memset                           0x0002c057   Thumb Code    14  memseta.o(.text)
    __aeabi_memset4                          0x0002c057   Thumb Code     0  memseta.o(.text)
    __aeabi_memset8                          0x0002c057   Thumb Code     0  memseta.o(.text)
    __aeabi_memclr                           0x0002c065   Thumb Code     4  memseta.o(.text)
    __aeabi_memclr4                          0x0002c065   Thumb Code     0  memseta.o(.text)
    __aeabi_memclr8                          0x0002c065   Thumb Code     0  memseta.o(.text)
    _memset$wrapper                          0x0002c069   Thumb Code    18  memseta.o(.text)
    strcat                                   0x0002c07b   Thumb Code    24  strcat.o(.text)
    strlen                                   0x0002c093   Thumb Code    14  strlen.o(.text)
    strcmp                                   0x0002c0a1   Thumb Code    28  strcmp.o(.text)
    strncat                                  0x0002c0bd   Thumb Code    40  strncat.o(.text)
    strcpy                                   0x0002c0e5   Thumb Code    18  strcpy.o(.text)
    strncmp                                  0x0002c0f7   Thumb Code    30  strncmp.o(.text)
    __aeabi_fadd                             0x0002c115   Thumb Code   164  fadd.o(.text)
    __aeabi_fsub                             0x0002c1b9   Thumb Code     6  fadd.o(.text)
    __aeabi_frsub                            0x0002c1bf   Thumb Code     6  fadd.o(.text)
    __aeabi_fmul                             0x0002c1c5   Thumb Code   100  fmul.o(.text)
    __aeabi_fdiv                             0x0002c229   Thumb Code   124  fdiv.o(.text)
    __aeabi_dadd                             0x0002c2a5   Thumb Code   322  dadd.o(.text)
    __aeabi_dsub                             0x0002c3e7   Thumb Code     6  dadd.o(.text)
    __aeabi_drsub                            0x0002c3ed   Thumb Code     6  dadd.o(.text)
    __aeabi_dmul                             0x0002c3f3   Thumb Code   228  dmul.o(.text)
    __aeabi_ddiv                             0x0002c4d7   Thumb Code   222  ddiv.o(.text)
    __aeabi_ui2f                             0x0002c5b5   Thumb Code    10  ffltui.o(.text)
    __aeabi_i2d                              0x0002c5bf   Thumb Code    34  dflti.o(.text)
    __aeabi_ui2d                             0x0002c5e1   Thumb Code    26  dfltui.o(.text)
    __aeabi_f2iz                             0x0002c5fb   Thumb Code    50  ffixi.o(.text)
    __aeabi_f2uiz                            0x0002c62d   Thumb Code    40  ffixui.o(.text)
    __aeabi_d2iz                             0x0002c655   Thumb Code    62  dfixi.o(.text)
    __aeabi_d2uiz                            0x0002c693   Thumb Code    50  dfixui.o(.text)
    __aeabi_f2d                              0x0002c6c5   Thumb Code    38  f2d.o(.text)
    __aeabi_d2f                              0x0002c6eb   Thumb Code    56  d2f.o(.text)
    __aeabi_cfcmpeq                          0x0002c725   Thumb Code     0  cfcmple.o(.text)
    __aeabi_cfcmple                          0x0002c725   Thumb Code    20  cfcmple.o(.text)
    __aeabi_cfrcmple                         0x0002c739   Thumb Code    20  cfrcmple.o(.text)
    __aeabi_uidiv                            0x0002c74d   Thumb Code     0  uidiv.o(.text)
    __aeabi_uidivmod                         0x0002c74d   Thumb Code    44  uidiv.o(.text)
    __aeabi_llsl                             0x0002c779   Thumb Code    30  llshl.o(.text)
    _ll_shift_l                              0x0002c779   Thumb Code     0  llshl.o(.text)
    __aeabi_llsr                             0x0002c797   Thumb Code    32  llushr.o(.text)
    _ll_ushift_r                             0x0002c797   Thumb Code     0  llushr.o(.text)
    __aeabi_lasr                             0x0002c7b7   Thumb Code    36  llsshr.o(.text)
    _ll_sshift_r                             0x0002c7b7   Thumb Code     0  llsshr.o(.text)
    __strtod_int                             0x0002c813   Thumb Code    90  strtod.o(.text)
    __I$use$fp                               0x0002c879   Thumb Code     0  iusefp.o(.text)
    _float_round                             0x0002c879   Thumb Code    18  fepilogue.o(.text)
    _float_epilogue                          0x0002c88b   Thumb Code    92  fepilogue.o(.text)
    _double_round                            0x0002c8e7   Thumb Code    30  depilogue.o(.text)
    _double_epilogue                         0x0002c905   Thumb Code   156  depilogue.o(.text)
    __ARM_scalbn                             0x0002c9a1   Thumb Code    46  dscalb.o(.text)
    scalbn                                   0x0002c9a1   Thumb Code     0  dscalb.o(.text)
    __aeabi_d2ulz                            0x0002c9cf   Thumb Code    48  dfixul.o(.text)
    __aeabi_cdrcmple                         0x0002ca01   Thumb Code    48  cdrcmple.o(.text)
    __scatterload                            0x0002ca31   Thumb Code    28  init.o(.text)
    __scatterload_rt2                        0x0002ca31   Thumb Code     0  init.o(.text)
    isspace                                  0x0002ca55   Thumb Code    10  isspace_c.o(.text)
    _scanf_real                              0x0002cb89   Thumb Code     0  scanf_fp.o(.text)
    _scanf_really_real                       0x0002cb89   Thumb Code   556  scanf_fp.o(.text)
    _sgetc                                   0x0002cdc1   Thumb Code    30  _sgetc.o(.text)
    _sbackspace                              0x0002cddf   Thumb Code    34  _sgetc.o(.text)
    _dsqrt                                   0x0002ce01   Thumb Code   162  dsqrt.o(.text)
    __ctype_lookup                           0x0002cea5   Thumb Code    34  ctype_c.o(.text)
    __aeabi_ul2d                             0x0002cecd   Thumb Code    24  dfltul.o(.text)
    __decompress                             0x0002cee5   Thumb Code     0  __dczerorl2.o(.text)
    __decompress1                            0x0002cee5   Thumb Code    86  __dczerorl2.o(.text)
    __0sprintf                               0x0002cf3d   Thumb Code    34  printfa.o(i.__0sprintf)
    __1sprintf                               0x0002cf3d   Thumb Code     0  printfa.o(i.__0sprintf)
    __2sprintf                               0x0002cf3d   Thumb Code     0  printfa.o(i.__0sprintf)
    __c89sprintf                             0x0002cf3d   Thumb Code     0  printfa.o(i.__0sprintf)
    sprintf                                  0x0002cf3d   Thumb Code     0  printfa.o(i.__0sprintf)
    __0vsprintf                              0x0002cf65   Thumb Code    30  printfa.o(i.__0vsprintf)
    __1vsprintf                              0x0002cf65   Thumb Code     0  printfa.o(i.__0vsprintf)
    __2vsprintf                              0x0002cf65   Thumb Code     0  printfa.o(i.__0vsprintf)
    __c89vsprintf                            0x0002cf65   Thumb Code     0  printfa.o(i.__0vsprintf)
    vsprintf                                 0x0002cf65   Thumb Code     0  printfa.o(i.__0vsprintf)
    __ARM_fpclassify                         0x0002cf89   Thumb Code    40  fpclassify.o(i.__ARM_fpclassify)
    __kernel_poly                            0x0002cfb1   Thumb Code   170  poly.o(i.__kernel_poly)
    __mathlib_dbl_divzero                    0x0002d05d   Thumb Code    12  dunder.o(i.__mathlib_dbl_divzero)
    __mathlib_dbl_infnan2                    0x0002d06d   Thumb Code     4  dunder.o(i.__mathlib_dbl_infnan2)
    __mathlib_dbl_invalid                    0x0002d071   Thumb Code    12  dunder.o(i.__mathlib_dbl_invalid)
    __mathlib_dbl_overflow                   0x0002d07d   Thumb Code    14  dunder.o(i.__mathlib_dbl_overflow)
    __mathlib_dbl_underflow                  0x0002d08d   Thumb Code    10  dunder.o(i.__mathlib_dbl_underflow)
    __read_errno                             0x0002d09d   Thumb Code     6  errno.o(i.__read_errno)
    __scatterload_copy                       0x0002d0a9   Thumb Code    14  handlers.o(i.__scatterload_copy)
    __scatterload_null                       0x0002d0b7   Thumb Code     2  handlers.o(i.__scatterload_null)
    __scatterload_zeroinit                   0x0002d0b9   Thumb Code    14  handlers.o(i.__scatterload_zeroinit)
    __set_errno                              0x0002d0c9   Thumb Code     6  errno.o(i.__set_errno)
    _is_digit                                0x0002d259   Thumb Code    14  scanf_fp.o(i._is_digit)
    atof                                     0x0002d9a1   Thumb Code    42  atof.o(i.atof)
    pow                                      0x0002d9cd   Thumb Code  2512  pow.o(i.pow)
    sqrt                                     0x0002e3a5   Thumb Code    76  sqrt.o(i.sqrt)
    GB_21                                    0x0002e3f0   Data        7735  lpc177x_8x_lcd.o(.constdata)
    GB_16                                    0x00030227   Data        7276  lpc177x_8x_lcd.o(.constdata)
    LogoStream                               0x00031e94   Data        1440  logo.o(.constdata)
    User_LimitList_Value                     0x0003243c   Data           8  use_disp.o(.constdata)
    Num_1                                    0x00032444   Data          81  use_disp.o(.constdata)
    Test_Setitem_E                           0x00032495   Data          80  use_disp.o(.constdata)
    Load_Mode                                0x000324e5   Data          16  use_disp.o(.constdata)
    Step_Mode                                0x000324f5   Data          14  use_disp.o(.constdata)
    List_Mode                                0x00032503   Data          14  use_disp.o(.constdata)
    List_ItemDis                             0x00032511   Data          49  use_disp.o(.constdata)
    List_Item                                0x00032542   Data          28  use_disp.o(.constdata)
    List_Item1                               0x0003255e   Data          28  use_disp.o(.constdata)
    List_Item2                               0x0003257a   Data          28  use_disp.o(.constdata)
    List_Res1_Unit                           0x00032596   Data          49  use_disp.o(.constdata)
    List_Res2_Unit                           0x000325c7   Data          49  use_disp.o(.constdata)
    List_Res3_Unit                           0x000325f8   Data          49  use_disp.o(.constdata)
    Test_Setitem                             0x00032629   Data          60  use_disp.o(.constdata)
    Load_Setitem_E                           0x00032665   Data          60  use_disp.o(.constdata)
    Load_Setitem                             0x000326a1   Data          90  use_disp.o(.constdata)
    Pow_Setitem_E                            0x000326fb   Data          60  use_disp.o(.constdata)
    Pow_Setitem                              0x00032737   Data          90  use_disp.o(.constdata)
    List_Setitem                             0x00032791   Data          60  use_disp.o(.constdata)
    List_Setitem_E                           0x000327cd   Data          60  use_disp.o(.constdata)
    Comp_Setitem                             0x00032809   Data         270  use_disp.o(.constdata)
    Comp_Setitem_E                           0x00032917   Data         270  use_disp.o(.constdata)
    Fac_Calitem                              0x00032a25   Data         150  use_disp.o(.constdata)
    Fac_ICalitem                             0x00032abb   Data         150  use_disp.o(.constdata)
    CtrV_Calitem                             0x00032b51   Data         135  use_disp.o(.constdata)
    Button_TipPage2                          0x00032bd8   Data          40  use_disp.o(.constdata)
    Button_TipPage3                          0x00032c00   Data          40  use_disp.o(.constdata)
    User_FUNC                                0x00032c28   Data         216  use_disp.o(.constdata)
    RangeDisp_Main                           0x00032d00   Data          92  use_disp.o(.constdata)
    RangeDisp_Second                         0x00032d5c   Data          92  use_disp.o(.constdata)
    Fun_SelectValue                          0x00032db8   Data          28  use_disp.o(.constdata)
    User_Freq                                0x00032dd4   Data         451  use_disp.o(.constdata)
    User_Level                               0x00032f97   Data          33  use_disp.o(.constdata)
    LevleButton_Tip                          0x00032fb8   Data          16  use_disp.o(.constdata)
    User_Range                               0x00032fc8   Data          77  use_disp.o(.constdata)
    RangeButton_Tip                          0x00033015   Data          32  use_disp.o(.constdata)
    BiasButton_Tip                           0x00033035   Data          16  use_disp.o(.constdata)
    User_Speed                               0x00033045   Data          33  use_disp.o(.constdata)
    SpeedButton_Tip                          0x00033066   Data          24  use_disp.o(.constdata)
    User_Comp                                0x0003307e   Data          22  use_disp.o(.constdata)
    Limit_Scan_Fun                           0x00033094   Data          10  use_disp.o(.constdata)
    Limit_Scan_Page                          0x0003309e   Data          14  use_disp.o(.constdata)
    Switch_Value                             0x000330ac   Data          15  use_disp.o(.constdata)
    CompButton_Tip                           0x000330bb   Data          16  use_disp.o(.constdata)
    Setup_Trig                               0x000330cb   Data          44  use_disp.o(.constdata)
    Setup_Rsou                               0x000330f7   Data          22  use_disp.o(.constdata)
    SetupRev_A_Button_Tip                    0x0003310d   Data          24  use_disp.o(.constdata)
    Setup_Dcr                                0x00033125   Data          22  use_disp.o(.constdata)
    Range_Item                               0x0003313b   Data          48  use_disp.o(.constdata)
    Range_Item_E                             0x0003316b   Data          48  use_disp.o(.constdata)
    Set_testitem                             0x0003319b   Data          72  use_disp.o(.constdata)
    Set_testitem_E                           0x000331e3   Data          60  use_disp.o(.constdata)
    Sys_Setitem                              0x0003321f   Data         132  use_disp.o(.constdata)
    Sys_Setitem_E                            0x000332a3   Data         132  use_disp.o(.constdata)
    All_TopName                              0x00033327   Data         242  use_disp.o(.constdata)
    All_TopName_E                            0x00033419   Data         264  use_disp.o(.constdata)
    Range_Count_Item                         0x00033521   Data          21  use_disp.o(.constdata)
    Range_Count_Item_E                       0x00033536   Data          21  use_disp.o(.constdata)
    User_Check_Opencircuit                   0x0003354b   Data          16  use_disp.o(.constdata)
    DEBUG_Check_Opencircuit_E                0x0003355b   Data          16  use_disp.o(.constdata)
    User_Check_Shortcircuit                  0x0003356b   Data          16  use_disp.o(.constdata)
    User_Check_Item_E                        0x0003357b   Data          26  use_disp.o(.constdata)
    User_LimitList_Item                      0x00033595   Data          48  use_disp.o(.constdata)
    User_LimitList_Item_E                    0x000335c5   Data          48  use_disp.o(.constdata)
    User_LimitList_Item2                     0x000335f5   Data          40  use_disp.o(.constdata)
    User_ListScan_Item                       0x0003361d   Data          63  use_disp.o(.constdata)
    User_ListScan_Item_E                     0x0003365c   Data          63  use_disp.o(.constdata)
    Sys_Language_Value                       0x0003369b   Data          16  use_disp.o(.constdata)
    Sys_Testmode_Value                       0x000336ab   Data          16  use_disp.o(.constdata)
    Sys_Rraly_Value                          0x000336bb   Data          24  use_disp.o(.constdata)
    Set_Unit                                 0x000336d3   Data          60  use_disp.o(.constdata)
    Disp_Unit                                0x0003370f   Data          27  use_disp.o(.constdata)
    Disp_Range_Main_NUm                      0x0003372a   Data          24  use_disp.o(.constdata)
    Disp_Range_Main_Disp                     0x00033742   Data          21  use_disp.o(.constdata)
    Correction_Capacitance                   0x00033757   Data          64  use_disp.o(.constdata)
    Correction_Resist                        0x00033797   Data          40  use_disp.o(.constdata)
    NUM_OUT                                  0x000337bf   Data          44  use_disp.o(.constdata)
    FreqNum                                  0x000337f8   Data         152  use_disp.o(.constdata)
    _C                                       0x000342f4   Data         280  asciilib.o(.constdata)
    _p                                       0x0003440c   Data         280  asciilib.o(.constdata)
    _num                                     0x00034524   Data        2944  asciilib.o(.constdata)
    Out_Assic                                0x000350a4   Data        8800  asciilib.o(.constdata)
    nBitmapDot                               0x00037304   Data         144  asciilib.o(.constdata)
    Disp_Unit1                               0x00037394   Data           7  test.o(.constdata)
    Disp_Main_Ord                            0x0003739b   Data          69  test.o(.constdata)
    Scan_Value                               0x000373e0   Data           8  key.o(.constdata)
    s_CRCLo                                  0x000374e8   Data         256  debug_frmwrk.o(.constdata)
    GPDMA_LUTPerAddr                         0x000375e8   Data         128  lpc177x_8x_gpdma.o(.constdata)
    GPDMA_LUTPerBurst                        0x00037668   Data          32  lpc177x_8x_gpdma.o(.constdata)
    GPDMA_LUTPerWid                          0x00037688   Data          32  lpc177x_8x_gpdma.o(.constdata)
    __mathlib_zero                           0x00037730   Data           8  qnan.o(.constdata)
    __ctype_categories                       0x00037738   Data          64  ctype_c.o(.constdata)
    Region$$Table$$Base                      0x00037850   Number         0  anon$$obj.o(Region$$Table)
    Region$$Table$$Limit                     0x00037870   Number         0  anon$$obj.o(Region$$Table)
    timer0_counter                           0x10000000   Data           4  timer.o(.data)
    timer1_counter                           0x10000004   Data           4  timer.o(.data)
    timer2_counter                           0x10000008   Data           4  timer.o(.data)
    timer3_counter                           0x1000000c   Data           4  timer.o(.data)
    Colour                                   0x10000010   Data           8  lpc177x_8x_lcd.o(.data)
    LogoPic                                  0x10000018   Data          28  logo.o(.data)
    Correc_successflag                       0x10000034   Data           1  use_disp.o(.data)
    listdis                                  0x10000036   Data           1  use_disp.o(.data)
    ocfinish                                 0x10000037   Data           1  use_disp.o(.data)
    listcap                                  0x10000038   Data           1  use_disp.o(.data)
    jumpflag                                 0x10000039   Data           1  use_disp.o(.data)
    LVSUM                                    0x1000003c   Data           4  use_disp.o(.data)
    LCSUM                                    0x10000040   Data           4  use_disp.o(.data)
    PCSUM                                    0x10000044   Data           4  use_disp.o(.data)
    IRSUM                                    0x10000048   Data           4  use_disp.o(.data)
    R1SUM                                    0x1000004c   Data           4  use_disp.o(.data)
    R2SUM                                    0x10000050   Data           4  use_disp.o(.data)
    listdelay                                0x10000054   Data           4  use_disp.o(.data)
    startdelay                               0x10000058   Data           4  use_disp.o(.data)
    delayonoff                               0x1000005c   Data           8  use_disp.o(.data)
    listcol                                  0x10000064   Data          14  use_disp.o(.data)
    rescol                                   0x10000072   Data          12  use_disp.o(.data)
    listrow                                  0x1000007e   Data          12  use_disp.o(.data)
    CmdStr                                   0x1000008a   Data         204  use_disp.o(.data)
    RecStr                                   0x10000156   Data         204  use_disp.o(.data)
    Avg_Count                                0x10000224   Data           1  test.o(.data)
    listpage                                 0x10000225   Data           1  test.o(.data)
    primcomp                                 0x10000226   Data           1  test.o(.data)
    scedcomp                                 0x10000227   Data           1  test.o(.data)
    buttonpage                               0x10000228   Data           1  test.o(.data)
    PASSWORD                                 0x10000230   Data           4  test.o(.data)
    Tick_10ms                                0x10000234   Data           4  test.o(.data)
    cdctime                                  0x10000254   Data           4  test.o(.data)
    bc_raw                                   0x10000258   Data           4  test.o(.data)
    listindex                                0x1000025c   Data          14  test.o(.data)
    Irange                                   0x1000026a   Data           1  globalvalue.o(.data)
    sendflag                                 0x1000026b   Data           1  globalvalue.o(.data)
    Send_Mainord                             0x1000026c   Data           6  globalvalue.o(.data)
    usb_oenflag                              0x10000272   Data           1  globalvalue.o(.data)
    Comp_flag                                0x10000273   Data           1  globalvalue.o(.data)
    debug_over                               0x10000274   Data           1  globalvalue.o(.data)
    Rtc_intflag                              0x10000275   Data           1  globalvalue.o(.data)
    mainswitch                               0x10000276   Data           1  globalvalue.o(.data)
    listswitch                               0x10000277   Data           1  globalvalue.o(.data)
    busyflag                                 0x10000278   Data           1  globalvalue.o(.data)
    g_mods_timeout                           0x10000279   Data           1  globalvalue.o(.data)
    softswitch                               0x1000027a   Data           1  globalvalue.o(.data)
    temperature                              0x1000027b   Data           1  globalvalue.o(.data)
    Uart_Send_Flag                           0x1000027c   Data           1  globalvalue.o(.data)
    SystemStatus                             0x10000280   Data           4  globalvalue.o(.data)
    Usb_Open_flag                            0x10000284   Data           1  globalvalue.o(.data)
    SysTickCnt                               0x1000028c   Data           4  key.o(.data)
    DMADest_Buffer                           0x10000290   Data           8  dma.o(.data)
    SystemCoreClock                          0x10000298   Data           4  system_lpc177x_8x.o(.data)
    PeripheralClock                          0x1000029c   Data           4  system_lpc177x_8x.o(.data)
    EMCClock                                 0x100002a0   Data           4  system_lpc177x_8x.o(.data)
    USBClock                                 0x100002a4   Data           4  system_lpc177x_8x.o(.data)
    USART_RX_STA                             0x100002a8   Data           2  debug_frmwrk.o(.data)
    _db_msg                                  0x100002ac   Data           4  debug_frmwrk.o(.data)
    _db_msg_                                 0x100002b0   Data           4  debug_frmwrk.o(.data)
    _db_char                                 0x100002b4   Data           4  debug_frmwrk.o(.data)
    _db_dec                                  0x100002b8   Data           4  debug_frmwrk.o(.data)
    _db_dec_16                               0x100002bc   Data           4  debug_frmwrk.o(.data)
    _db_dec_32                               0x100002c0   Data           4  debug_frmwrk.o(.data)
    _db_hex                                  0x100002c4   Data           4  debug_frmwrk.o(.data)
    _db_hex_16                               0x100002c8   Data           4  debug_frmwrk.o(.data)
    _db_hex_32                               0x100002cc   Data           4  debug_frmwrk.o(.data)
    _db_hex_                                 0x100002d0   Data           4  debug_frmwrk.o(.data)
    _db_hex_16_                              0x100002d4   Data           4  debug_frmwrk.o(.data)
    _db_hex_32_                              0x100002d8   Data           4  debug_frmwrk.o(.data)
    _db_get_char                             0x100002dc   Data           4  debug_frmwrk.o(.data)
    _db_get_val                              0x100002e0   Data           4  debug_frmwrk.o(.data)
    pGPDMACh                                 0x100002e4   Data          32  lpc177x_8x_gpdma.o(.data)
    HOST_TDControlStatus                     0x10000304   Data           1  usbhost_lpc17xx.o(.data)
    HOST_RhscIntr                            0x10000308   Data           4  usbhost_lpc17xx.o(.data)
    HOST_WdhIntr                             0x1000030c   Data           4  usbhost_lpc17xx.o(.data)
    UnrecoverableIntCount                    0x10000310   Data           4  usbhost_lpc17xx.o(.data)
    gUSBConnected                            0x10000314   Data           4  usbhost_lpc17xx.o(.data)
    EDCtrl                                   0x10000318   Data           4  usbhost_lpc17xx.o(.data)
    EDBulkIn                                 0x1000031c   Data           4  usbhost_lpc17xx.o(.data)
    EDBulkOut                                0x10000320   Data           4  usbhost_lpc17xx.o(.data)
    TDHead                                   0x10000324   Data           4  usbhost_lpc17xx.o(.data)
    TDTail                                   0x10000328   Data           4  usbhost_lpc17xx.o(.data)
    Hcca                                     0x1000032c   Data           4  usbhost_lpc17xx.o(.data)
    TDBuffer                                 0x10000330   Data           4  usbhost_lpc17xx.o(.data)
    FATBuffer                                0x10000334   Data           4  usbhost_lpc17xx.o(.data)
    UserBuffer                               0x10000338   Data           4  usbhost_lpc17xx.o(.data)
    MS_BlkSize                               0x10000340   Data           4  usbhost_ms.o(.data)
    Avg_Test_Main                            0x10000348   Data         150  test.o(.bss)
    Avg_Test_Second                          0x100003de   Data         150  test.o(.bss)
    USART_RX_BUF                             0x10000474   Data         200  test.o(.bss)
    SaveData                                 0x1000053c   Data       14144  globalvalue.o(.bss)
    SaveSIM                                  0x10003c7c   Data        2288  globalvalue.o(.bss)
    Test_Dispvalue                           0x1000456c   Data        3192  globalvalue.o(.bss)
    Comp_Testvalue                           0x100051e4   Data          96  globalvalue.o(.bss)
    Comp_Change                              0x10005244   Data          80  globalvalue.o(.bss)
    g_tModS                                  0x10005294   Data         163  globalvalue.o(.bss)
    Count_buff                               0x10005338   Data          48  globalvalue.o(.bss)
    DispBuf                                  0x10005368   Data          12  globalvalue.o(.bss)
    RTC_TIME_DISP                            0x10005374   Data          32  rtc.o(.bss)
    GPDMACfg                                 0x10005394   Data          36  dma.o(.bss)
    GPDMACfg1                                0x100053b8   Data          36  dma.o(.bss)
    ComBuf                                   0x100055de   Data          88  debug_frmwrk.o(.bss)
    ComBuf3                                  0x10005636   Data          88  debug_frmwrk.o(.bss)
    __initial_sp                             0x10005a98   Data           0  startup_lpc177x_8x.o(STACK)



==============================================================================

Memory Map of the image

  Image Entry point : 0x000180e5

  Load Region LR_IROM1 (Base: 0x00018000, Size: 0x0001fbb8, Max: 0x00080000, ABSOLUTE, COMPRESSED[0x0001f98c])

    Execution Region ER_IROM1 (Exec base: 0x00018000, Load base: 0x00018000, Size: 0x0001f870, Max: 0x00080000, ABSOLUTE)

    Exec Addr    Load Addr    Size         Type   Attr      Idx    E Section Name        Object

    0x00018000   0x00018000   0x000000e4   Data   RO          613    RESET               startup_lpc177x_8x.o
    0x000180e4   0x000180e4   0x00000000   Code   RO          913  * .ARM.Collect$$$$00000000  mc_w.l(entry.o)
    0x000180e4   0x000180e4   0x00000004   Code   RO         1264    .ARM.Collect$$$$00000001  mc_w.l(entry2.o)
    0x000180e8   0x000180e8   0x00000004   Code   RO         1267    .ARM.Collect$$$$00000004  mc_w.l(entry5.o)
    0x000180ec   0x000180ec   0x00000000   Code   RO         1269    .ARM.Collect$$$$00000008  mc_w.l(entry7b.o)
    0x000180ec   0x000180ec   0x00000000   Code   RO         1271    .ARM.Collect$$$$0000000A  mc_w.l(entry8b.o)
    0x000180ec   0x000180ec   0x00000008   Code   RO         1272    .ARM.Collect$$$$0000000B  mc_w.l(entry9a.o)
    0x000180f4   0x000180f4   0x00000000   Code   RO         1274    .ARM.Collect$$$$0000000D  mc_w.l(entry10a.o)
    0x000180f4   0x000180f4   0x00000000   Code   RO         1276    .ARM.Collect$$$$0000000F  mc_w.l(entry11a.o)
    0x000180f4   0x000180f4   0x00000004   Code   RO         1265    .ARM.Collect$$$$00002712  mc_w.l(entry2.o)
    0x000180f8   0x000180f8   0x0000022c   Code   RO            2    .text               ex_sdram.o
    0x00018324   0x00018324   0x000001f8   Code   RO           54    .text               main.o
    0x0001851c   0x0001851c   0x000002ac   Code   RO          164    .text               timer.o
    0x000187c8   0x000187c8   0x00000aa4   Code   RO          191    .text               lpc177x_8x_lcd.o
    0x0001926c   0x0001926c   0x0000a848   Code   RO          269    .text               use_disp.o
    0x00023ab4   0x00023ab4   0x00000034   Code   RO          373    .text               asciilib.o
    0x00023ae8   0x00023ae8   0x00004b2c   Code   RO          397    .text               test.o
    0x00028614   0x00028614   0x0000003c   Code   RO          458    .text               globalvalue.o
    0x00028650   0x00028650   0x0000055a   Code   RO          522    .text               lpc177x_8x_rtc.o
    0x00028baa   0x00028baa   0x00000002   PAD
    0x00028bac   0x00028bac   0x00000490   Code   RO          538    .text               key.o
    0x0002903c   0x0002903c   0x00000068   Code   RO          562    .text               rtc.o
    0x000290a4   0x000290a4   0x00000180   Code   RO          584    .text               dma.o
    0x00029224   0x00029224   0x00000024   Code   RO          614    .text               startup_lpc177x_8x.o
    0x00029248   0x00029248   0x000001b8   Code   RO          619    .text               system_lpc177x_8x.o
    0x00029400   0x00029400   0x000002f0   Code   RO          647    .text               lpc177x_8x_gpio.o
    0x000296f0   0x000296f0   0x000000d8   Code   RO          683    .text               lpc177x_8x_clkpwr.o
    0x000297c8   0x000297c8   0x00000604   Code   RO          720    .text               lpc177x_8x_uart.o
    0x00029dcc   0x00029dcc   0x0000098c   Code   RO          737    .text               debug_frmwrk.o
    0x0002a758   0x0002a758   0x00000170   Code   RO          769    .text               lpc177x_8x_pinsel.o
    0x0002a8c8   0x0002a8c8   0x00000268   Code   RO          785    .text               lpc177x_8x_eeprom.o
    0x0002ab30   0x0002ab30   0x0000024c   Code   RO          801    .text               lpc177x_8x_gpdma.o
    0x0002ad7c   0x0002ad7c   0x00000830   Code   RO          824    .text               usbhost_fat.o
    0x0002b5ac   0x0002b5ac   0x000005ce   Code   RO          843    .text               usbhost_lpc17xx.o
    0x0002bb7a   0x0002bb7a   0x00000002   PAD
    0x0002bb7c   0x0002bb7c   0x00000438   Code   RO          877    .text               usbhost_ms.o
    0x0002bfb4   0x0002bfb4   0x00000062   Code   RO          916    .text               mc_w.l(uldiv.o)
    0x0002c016   0x0002c016   0x00000040   Code   RO          920    .text               mc_w.l(memmovea.o)
    0x0002c056   0x0002c056   0x00000024   Code   RO          922    .text               mc_w.l(memseta.o)
    0x0002c07a   0x0002c07a   0x00000018   Code   RO          924    .text               mc_w.l(strcat.o)
    0x0002c092   0x0002c092   0x0000000e   Code   RO          926    .text               mc_w.l(strlen.o)
    0x0002c0a0   0x0002c0a0   0x0000001c   Code   RO          928    .text               mc_w.l(strcmp.o)
    0x0002c0bc   0x0002c0bc   0x00000028   Code   RO          930    .text               mc_w.l(strncat.o)
    0x0002c0e4   0x0002c0e4   0x00000012   Code   RO          932    .text               mc_w.l(strcpy.o)
    0x0002c0f6   0x0002c0f6   0x0000001e   Code   RO          934    .text               mc_w.l(strncmp.o)
    0x0002c114   0x0002c114   0x000000b0   Code   RO         1201    .text               mf_w.l(fadd.o)
    0x0002c1c4   0x0002c1c4   0x00000064   Code   RO         1203    .text               mf_w.l(fmul.o)
    0x0002c228   0x0002c228   0x0000007c   Code   RO         1205    .text               mf_w.l(fdiv.o)
    0x0002c2a4   0x0002c2a4   0x0000014e   Code   RO         1207    .text               mf_w.l(dadd.o)
    0x0002c3f2   0x0002c3f2   0x000000e4   Code   RO         1209    .text               mf_w.l(dmul.o)
    0x0002c4d6   0x0002c4d6   0x000000de   Code   RO         1211    .text               mf_w.l(ddiv.o)
    0x0002c5b4   0x0002c5b4   0x0000000a   Code   RO         1213    .text               mf_w.l(ffltui.o)
    0x0002c5be   0x0002c5be   0x00000022   Code   RO         1215    .text               mf_w.l(dflti.o)
    0x0002c5e0   0x0002c5e0   0x0000001a   Code   RO         1217    .text               mf_w.l(dfltui.o)
    0x0002c5fa   0x0002c5fa   0x00000032   Code   RO         1219    .text               mf_w.l(ffixi.o)
    0x0002c62c   0x0002c62c   0x00000028   Code   RO         1221    .text               mf_w.l(ffixui.o)
    0x0002c654   0x0002c654   0x0000003e   Code   RO         1223    .text               mf_w.l(dfixi.o)
    0x0002c692   0x0002c692   0x00000032   Code   RO         1225    .text               mf_w.l(dfixui.o)
    0x0002c6c4   0x0002c6c4   0x00000026   Code   RO         1227    .text               mf_w.l(f2d.o)
    0x0002c6ea   0x0002c6ea   0x00000038   Code   RO         1231    .text               mf_w.l(d2f.o)
    0x0002c722   0x0002c722   0x00000002   PAD
    0x0002c724   0x0002c724   0x00000014   Code   RO         1233    .text               mf_w.l(cfcmple.o)
    0x0002c738   0x0002c738   0x00000014   Code   RO         1235    .text               mf_w.l(cfrcmple.o)
    0x0002c74c   0x0002c74c   0x0000002c   Code   RO         1281    .text               mc_w.l(uidiv.o)
    0x0002c778   0x0002c778   0x0000001e   Code   RO         1283    .text               mc_w.l(llshl.o)
    0x0002c796   0x0002c796   0x00000020   Code   RO         1285    .text               mc_w.l(llushr.o)
    0x0002c7b6   0x0002c7b6   0x00000024   Code   RO         1287    .text               mc_w.l(llsshr.o)
    0x0002c7da   0x0002c7da   0x00000002   PAD
    0x0002c7dc   0x0002c7dc   0x0000009c   Code   RO         1296    .text               mc_w.l(strtod.o)
    0x0002c878   0x0002c878   0x00000000   Code   RO         1298    .text               mc_w.l(iusefp.o)
    0x0002c878   0x0002c878   0x0000006e   Code   RO         1299    .text               mf_w.l(fepilogue.o)
    0x0002c8e6   0x0002c8e6   0x000000ba   Code   RO         1301    .text               mf_w.l(depilogue.o)
    0x0002c9a0   0x0002c9a0   0x0000002e   Code   RO         1303    .text               mf_w.l(dscalb.o)
    0x0002c9ce   0x0002c9ce   0x00000030   Code   RO         1305    .text               mf_w.l(dfixul.o)
    0x0002c9fe   0x0002c9fe   0x00000002   PAD
    0x0002ca00   0x0002ca00   0x00000030   Code   RO         1307    .text               mf_w.l(cdrcmple.o)
    0x0002ca30   0x0002ca30   0x00000024   Code   RO         1309    .text               mc_w.l(init.o)
    0x0002ca54   0x0002ca54   0x0000000a   Code   RO         1312    .text               mc_w.l(isspace_c.o)
    0x0002ca5e   0x0002ca5e   0x00000002   PAD
    0x0002ca60   0x0002ca60   0x00000360   Code   RO         1314    .text               mc_w.l(scanf_fp.o)
    0x0002cdc0   0x0002cdc0   0x00000040   Code   RO         1318    .text               mc_w.l(_sgetc.o)
    0x0002ce00   0x0002ce00   0x000000a2   Code   RO         1321    .text               mf_w.l(dsqrt.o)
    0x0002cea2   0x0002cea2   0x00000002   PAD
    0x0002cea4   0x0002cea4   0x00000028   Code   RO         1323    .text               mc_w.l(ctype_c.o)
    0x0002cecc   0x0002cecc   0x00000018   Code   RO         1326    .text               mf_w.l(dfltul.o)
    0x0002cee4   0x0002cee4   0x00000056   Code   RO         1336    .text               mc_w.l(__dczerorl2.o)
    0x0002cf3a   0x0002cf3a   0x00000002   PAD
    0x0002cf3c   0x0002cf3c   0x00000028   Code   RO         1175    i.__0sprintf        mc_w.l(printfa.o)
    0x0002cf64   0x0002cf64   0x00000024   Code   RO         1179    i.__0vsprintf       mc_w.l(printfa.o)
    0x0002cf88   0x0002cf88   0x00000028   Code   RO         1251    i.__ARM_fpclassify  m_ws.l(fpclassify.o)
    0x0002cfb0   0x0002cfb0   0x000000aa   Code   RO         1253    i.__kernel_poly     m_ws.l(poly.o)
    0x0002d05a   0x0002d05a   0x00000002   PAD
    0x0002d05c   0x0002d05c   0x00000010   Code   RO         1237    i.__mathlib_dbl_divzero  m_ws.l(dunder.o)
    0x0002d06c   0x0002d06c   0x00000004   Code   RO         1239    i.__mathlib_dbl_infnan2  m_ws.l(dunder.o)
    0x0002d070   0x0002d070   0x0000000c   Code   RO         1240    i.__mathlib_dbl_invalid  m_ws.l(dunder.o)
    0x0002d07c   0x0002d07c   0x0000000e   Code   RO         1241    i.__mathlib_dbl_overflow  m_ws.l(dunder.o)
    0x0002d08a   0x0002d08a   0x00000002   PAD
    0x0002d08c   0x0002d08c   0x00000010   Code   RO         1243    i.__mathlib_dbl_underflow  m_ws.l(dunder.o)
    0x0002d09c   0x0002d09c   0x0000000c   Code   RO         1290    i.__read_errno      mc_w.l(errno.o)
    0x0002d0a8   0x0002d0a8   0x0000000e   Code   RO         1330    i.__scatterload_copy  mc_w.l(handlers.o)
    0x0002d0b6   0x0002d0b6   0x00000002   Code   RO         1331    i.__scatterload_null  mc_w.l(handlers.o)
    0x0002d0b8   0x0002d0b8   0x0000000e   Code   RO         1332    i.__scatterload_zeroinit  mc_w.l(handlers.o)
    0x0002d0c6   0x0002d0c6   0x00000002   PAD
    0x0002d0c8   0x0002d0c8   0x0000000c   Code   RO         1291    i.__set_errno       mc_w.l(errno.o)
    0x0002d0d4   0x0002d0d4   0x00000184   Code   RO         1180    i._fp_digits        mc_w.l(printfa.o)
    0x0002d258   0x0002d258   0x0000000e   Code   RO         1316    i._is_digit         mc_w.l(scanf_fp.o)
    0x0002d266   0x0002d266   0x00000002   PAD
    0x0002d268   0x0002d268   0x000006dc   Code   RO         1181    i._printf_core      mc_w.l(printfa.o)
    0x0002d944   0x0002d944   0x00000024   Code   RO         1182    i._printf_post_padding  mc_w.l(printfa.o)
    0x0002d968   0x0002d968   0x0000002e   Code   RO         1183    i._printf_pre_padding  mc_w.l(printfa.o)
    0x0002d996   0x0002d996   0x0000000a   Code   RO         1185    i._sputc            mc_w.l(printfa.o)
    0x0002d9a0   0x0002d9a0   0x0000002a   Code   RO          900    i.atof              m_ws.l(atof.o)
    0x0002d9ca   0x0002d9ca   0x00000002   PAD
    0x0002d9cc   0x0002d9cc   0x000009d8   Code   RO          904    i.pow               m_ws.l(pow.o)
    0x0002e3a4   0x0002e3a4   0x0000004c   Code   RO         1257    i.sqrt              m_ws.l(sqrt.o)
    0x0002e3f0   0x0002e3f0   0x00003aa3   Data   RO          192    .constdata          lpc177x_8x_lcd.o
    0x00031e93   0x00031e93   0x00000001   PAD
    0x00031e94   0x00031e94   0x000005a0   Data   RO          229    .constdata          logo.o
    0x00032434   0x00032434   0x000013c2   Data   RO          270    .constdata          use_disp.o
    0x000337f6   0x000337f6   0x00000002   PAD
    0x000337f8   0x000337f8   0x00000098   Data   RO          286    .constdata          use_disp.o
    0x00033890   0x00033890   0x00000a64   Data   RO          374    .constdata          asciilib.o
    0x000342f4   0x000342f4   0x00000118   Data   RO          375    .constdata          asciilib.o
    0x0003440c   0x0003440c   0x00000118   Data   RO          376    .constdata          asciilib.o
    0x00034524   0x00034524   0x00000b80   Data   RO          377    .constdata          asciilib.o
    0x000350a4   0x000350a4   0x00002260   Data   RO          378    .constdata          asciilib.o
    0x00037304   0x00037304   0x00000090   Data   RO          379    .constdata          asciilib.o
    0x00037394   0x00037394   0x00000007   Data   RO          400    .constdata          test.o
    0x0003739b   0x0003739b   0x00000045   Data   RO          403    .constdata          test.o
    0x000373e0   0x000373e0   0x00000008   Data   RO          539    .constdata          key.o
    0x000373e8   0x000373e8   0x00000200   Data   RO          740    .constdata          debug_frmwrk.o
    0x000375e8   0x000375e8   0x000000c0   Data   RO          802    .constdata          lpc177x_8x_gpdma.o
    0x000376a8   0x000376a8   0x00000088   Data   RO          905    .constdata          m_ws.l(pow.o)
    0x00037730   0x00037730   0x00000008   Data   RO         1255    .constdata          m_ws.l(qnan.o)
    0x00037738   0x00037738   0x00000040   Data   RO         1324    .constdata          mc_w.l(ctype_c.o)
    0x00037778   0x00037778   0x0000000e   Data   RO          230    .conststring        logo.o
    0x00037786   0x00037786   0x00000002   PAD
    0x00037788   0x00037788   0x0000005f   Data   RO          329    .conststring        use_disp.o
    0x000377e7   0x000377e7   0x00000001   PAD
    0x000377e8   0x000377e8   0x00000009   Data   RO          405    .conststring        test.o
    0x000377f1   0x000377f1   0x00000003   PAD
    0x000377f4   0x000377f4   0x00000059   Data   RO          741    .conststring        debug_frmwrk.o
    0x0003784d   0x0003784d   0x00000003   PAD
    0x00037850   0x00037850   0x00000020   Data   RO         1328    Region$$Table       anon$$obj.o


    Execution Region RW_IRAM1 (Exec base: 0x10000000, Load base: 0x00037870, Size: 0x00005a98, Max: 0x00010000, ABSOLUTE, COMPRESSED[0x0000011c])

    Exec Addr    Load Addr    Size         Type   Attr      Idx    E Section Name        Object

    0x10000000   COMPRESSED   0x00000010   Data   RW          165    .data               timer.o
    0x10000010   COMPRESSED   0x00000008   Data   RW          193    .data               lpc177x_8x_lcd.o
    0x10000018   COMPRESSED   0x0000001c   Data   RW          231    .data               logo.o
    0x10000034   COMPRESSED   0x000001ee   Data   RW          332    .data               use_disp.o
    0x10000222   COMPRESSED   0x00000002   PAD
    0x10000224   COMPRESSED   0x00000046   Data   RW          406    .data               test.o
    0x1000026a   COMPRESSED   0x00000001   Data   RW          468    .data               globalvalue.o
    0x1000026b   COMPRESSED   0x00000001   Data   RW          470    .data               globalvalue.o
    0x1000026c   COMPRESSED   0x00000006   Data   RW          471    .data               globalvalue.o
    0x10000272   COMPRESSED   0x00000001   Data   RW          472    .data               globalvalue.o
    0x10000273   COMPRESSED   0x00000001   Data   RW          474    .data               globalvalue.o
    0x10000274   COMPRESSED   0x00000001   Data   RW          475    .data               globalvalue.o
    0x10000275   COMPRESSED   0x00000001   Data   RW          476    .data               globalvalue.o
    0x10000276   COMPRESSED   0x00000001   Data   RW          477    .data               globalvalue.o
    0x10000277   COMPRESSED   0x00000001   Data   RW          478    .data               globalvalue.o
    0x10000278   COMPRESSED   0x00000001   Data   RW          483    .data               globalvalue.o
    0x10000279   COMPRESSED   0x00000001   Data   RW          487    .data               globalvalue.o
    0x1000027a   COMPRESSED   0x00000001   Data   RW          492    .data               globalvalue.o
    0x1000027b   COMPRESSED   0x00000001   Data   RW          493    .data               globalvalue.o
    0x1000027c   COMPRESSED   0x00000001   Data   RW          494    .data               globalvalue.o
    0x1000027d   COMPRESSED   0x00000003   PAD
    0x10000280   COMPRESSED   0x00000004   Data   RW          497    .data               globalvalue.o
    0x10000284   COMPRESSED   0x00000001   Data   RW          500    .data               globalvalue.o
    0x10000285   COMPRESSED   0x00000003   PAD
    0x10000288   COMPRESSED   0x00000008   Data   RW          540    .data               key.o
    0x10000290   COMPRESSED   0x00000008   Data   RW          587    .data               dma.o
    0x10000298   COMPRESSED   0x00000010   Data   RW          620    .data               system_lpc177x_8x.o
    0x100002a8   COMPRESSED   0x0000003c   Data   RW          742    .data               debug_frmwrk.o
    0x100002e4   COMPRESSED   0x00000020   Data   RW          803    .data               lpc177x_8x_gpdma.o
    0x10000304   COMPRESSED   0x00000038   Data   RW          844    .data               usbhost_lpc17xx.o
    0x1000033c   COMPRESSED   0x00000008   Data   RW          878    .data               usbhost_ms.o
    0x10000344   COMPRESSED   0x00000004   Data   RW         1292    .data               mc_w.l(errno.o)
    0x10000348        -       0x000001f4   Zero   RW          398    .bss                test.o
    0x1000053c        -       0x00003740   Zero   RW          459    .bss                globalvalue.o
    0x10003c7c        -       0x000008f0   Zero   RW          460    .bss                globalvalue.o
    0x1000456c        -       0x00000c78   Zero   RW          462    .bss                globalvalue.o
    0x100051e4        -       0x00000060   Zero   RW          463    .bss                globalvalue.o
    0x10005244        -       0x00000050   Zero   RW          464    .bss                globalvalue.o
    0x10005294        -       0x000000a3   Zero   RW          465    .bss                globalvalue.o
    0x10005337   COMPRESSED   0x00000001   PAD
    0x10005338        -       0x00000030   Zero   RW          466    .bss                globalvalue.o
    0x10005368        -       0x0000000c   Zero   RW          467    .bss                globalvalue.o
    0x10005374        -       0x00000020   Zero   RW          563    .bss                rtc.o
    0x10005394        -       0x00000048   Zero   RW          586    .bss                dma.o
    0x100053dc        -       0x000002b2   Zero   RW          738    .bss                debug_frmwrk.o
    0x1000568e   COMPRESSED   0x00000002   PAD
    0x10005690        -       0x00000208   Zero   RW          825    .bss                usbhost_fat.o
    0x10005898        -       0x00000200   Zero   RW          611    STACK               startup_lpc177x_8x.o


==============================================================================

Image component sizes


      Code (inc. data)   RO Data    RW Data    ZI Data      Debug   Object Name

        52          8      15108          0          0       1429   asciilib.o
      2444        216        601         60        690      14904   debug_frmwrk.o
       384         30          0          8         72      18132   dma.o
       556         26          0          0          0      28703   ex_sdram.o
        60         10          0         24      20023      11627   globalvalue.o
      1168         18          8          8          0       7325   key.o
         0          0       1454         28          0        485   logo.o
       216         26          0          0          0       1587   lpc177x_8x_clkpwr.o
       616         12          0          0          0       2145   lpc177x_8x_eeprom.o
       588         26        192         32          0       7349   lpc177x_8x_gpdma.o
       752         28          0          0          0       9318   lpc177x_8x_gpio.o
      2724         70      15011          8          0      14258   lpc177x_8x_lcd.o
       368          4          0          0          0       4354   lpc177x_8x_pinsel.o
      1370         64          0          0          0       6123   lpc177x_8x_rtc.o
      1540         30          0          0          0       9683   lpc177x_8x_uart.o
       504         40          0          0          0      52003   main.o
       104         14          0          0         32       3365   rtc.o
        36          8        228          0        512        860   startup_lpc177x_8x.o
       440         20          0         16          0       1291   system_lpc177x_8x.o
     19244       1484         85         70        500      69309   test.o
       684         54          0         16          0      19609   timer.o
      2096         18          0          0        520      10226   usbhost_fat.o
      1486         56          0         56          0      26125   usbhost_lpc17xx.o
      1080         22          0          8          0       5347   usbhost_ms.o
     43080       3120       5305        494          0      75994   use_disp.o

    ----------------------------------------------------------------------
     81596       5404      38036        836      22352     401551   Object Totals
         0          0         32          0          0          0   (incl. Generated)
         4          0         12          8          3          0   (incl. Padding)

    ----------------------------------------------------------------------

      Code (inc. data)   RO Data    RW Data    ZI Data      Debug   Library Member Name

        42          0          0          0          0         84   atof.o
        62         10          0          0          0        340   dunder.o
        40          0          0          0          0         68   fpclassify.o
       170          0          0          0          0         96   poly.o
      2520        190        136          0          0        324   pow.o
         0          0          8          0          0          0   qnan.o
        76          0          0          0          0         84   sqrt.o
        86          0          0          0          0          0   __dczerorl2.o
        64          0          0          0          0         84   _sgetc.o
        40          6         64          0          0         68   ctype_c.o
         0          0          0          0          0          0   entry.o
         0          0          0          0          0          0   entry10a.o
         0          0          0          0          0          0   entry11a.o
         8          4          0          0          0          0   entry2.o
         4          0          0          0          0          0   entry5.o
         0          0          0          0          0          0   entry7b.o
         0          0          0          0          0          0   entry8b.o
         8          4          0          0          0          0   entry9a.o
        24         12          0          4          0        136   errno.o
        30          0          0          0          0          0   handlers.o
        36          8          0          0          0         68   init.o
        10          0          0          0          0         68   isspace_c.o
         0          0          0          0          0          0   iusefp.o
        30          0          0          0          0         68   llshl.o
        36          0          0          0          0         68   llsshr.o
        32          0          0          0          0         68   llushr.o
        64          0          0          0          0         76   memmovea.o
        36          0          0          0          0        108   memseta.o
      2312         92          0          0          0        600   printfa.o
       878         12          0          0          0        216   scanf_fp.o
        24          0          0          0          0         68   strcat.o
        28          0          0          0          0         76   strcmp.o
        18          0          0          0          0         68   strcpy.o
        14          0          0          0          0         68   strlen.o
        40          0          0          0          0         76   strncat.o
        30          0          0          0          0         80   strncmp.o
       156         12          0          0          0        120   strtod.o
        44          0          0          0          0         80   uidiv.o
        98          0          0          0          0         92   uldiv.o
        48          0          0          0          0         68   cdrcmple.o
        20          0          0          0          0         68   cfcmple.o
        20          0          0          0          0         68   cfrcmple.o
        56          0          0          0          0         88   d2f.o
       334          0          0          0          0        148   dadd.o
       222          0          0          0          0        100   ddiv.o
       186          0          0          0          0        176   depilogue.o
        62          0          0          0          0         80   dfixi.o
        50          0          0          0          0         76   dfixui.o
        48          0          0          0          0         68   dfixul.o
        34          0          0          0          0         76   dflti.o
        26          0          0          0          0         76   dfltui.o
        24          0          0          0          0         76   dfltul.o
       228          0          0          0          0         96   dmul.o
        46          0          0          0          0         80   dscalb.o
       162          0          0          0          0        100   dsqrt.o
        38          0          0          0          0         68   f2d.o
       176          0          0          0          0        140   fadd.o
       124          0          0          0          0         88   fdiv.o
       110          0          0          0          0        168   fepilogue.o
        50          0          0          0          0         68   ffixi.o
        40          0          0          0          0         68   ffixui.o
        10          0          0          0          0         68   ffltui.o
       100          0          0          0          0         76   fmul.o

    ----------------------------------------------------------------------
      9296        350        208          4          0       5540   Library Totals
        22          0          0          0          0          0   (incl. Padding)

    ----------------------------------------------------------------------

      Code (inc. data)   RO Data    RW Data    ZI Data      Debug   Library Name

      2910        200        144          0          0        996   m_ws.l
      4150        150         64          4          0       2356   mc_w.l
      2214          0          0          0          0       2188   mf_w.l

    ----------------------------------------------------------------------
      9296        350        208          4          0       5540   Library Totals

    ----------------------------------------------------------------------

==============================================================================


      Code (inc. data)   RO Data    RW Data    ZI Data      Debug   

     90892       5754      38244        840      22352     401135   Grand Totals
     90892       5754      38244        284      22352     401135   ELF Image Totals (compressed)
     90892       5754      38244        284          0          0   ROM Totals

==============================================================================

    Total RO  Size (Code + RO Data)               129136 ( 126.11kB)
    Total RW  Size (RW Data + ZI Data)             23192 (  22.65kB)
    Total ROM Size (Code + RO Data + RW Data)     129420 ( 126.39kB)

==============================================================================

