Component: ARM Compiler 5.06 update 6 (build 750) Tool: armlink [4d35ed]

==============================================================================

Section Cross References

    ex_sdram.o(.text) refers to timer.o(.text) for delayMs
    ex_sdram.o(.text) refers to system_lpc177x_8x.o(.data) for SystemCoreClock
    main.o(.text) refers to lpc177x_8x_gpio.o(.text) for GPIO_GetIntStatus
    main.o(.text) refers to lpc177x_8x_clkpwr.o(.text) for CLKPWR_GetCLK
    main.o(.text) refers to key.o(.text) for HW_keyInt
    main.o(.text) refers to debug_frmwrk.o(.text) for debug_frmwrk_init
    main.o(.text) refers to dma.o(.text) for lpc1788_DMA_Init
    main.o(.text) refers to lpc177x_8x_eeprom.o(.text) for EEPROM_Init
    main.o(.text) refers to rtc.o(.text) for RTC_INT
    main.o(.text) refers to ex_sdram.o(.text) for SDRAM_Init
    main.o(.text) refers to lpc177x_8x_lcd.o(.text) for GLCD_Ctrl
    main.o(.text) refers to test.o(.text) for Power_Process
    main.o(.text) refers to globalvalue.o(.data) for softswitch
    main.o(.text) refers to globalvalue.o(.data) for SystemStatus
    main.o(.text) refers to logo.o(.data) for LogoPic
    main.o(.text) refers to main.o(.data) for .data
    timer.o(.text) refers to system_lpc177x_8x.o(.data) for PeripheralClock
    timer.o(.text) refers to test.o(.data) for Tick_10ms
    timer.o(.text) refers to globalvalue.o(.data) for mainswitch
    timer.o(.text) refers to timer.o(.data) for .data
    lpc177x_8x_lcd.o(.text) refers to asciilib.o(.text) for GetASCIICode
    lpc177x_8x_lcd.o(.text) refers to system_lpc177x_8x.o(.data) for PeripheralClock
    lpc177x_8x_lcd.o(.text) refers to lpc177x_8x_lcd.o(.constdata) for .constdata
    lpc177x_8x_lcd.o(.text) refers to lpc177x_8x_lcd.o(.data) for .data
    lpc177x_8x_lcd.o(.text) refers to asciilib.o(.constdata) for _num
    lpc177x_8x_lcd.o(.text) refers to globalvalue.o(.bss) for DispBuf
    logo.o(.data) refers to logo.o(.constdata) for LogoStream
    logo.o(.data) refers to logo.o(.conststring) for .conststring
    touchpanel.o(.text) refers to lpc177x_8x_ssp.o(.text) for SSP_ReadWrite
    touchpanel.o(.text) refers to lpc177x_8x_pinsel.o(.text) for PINSEL_ConfigPin
    touchpanel.o(.text) refers to lpc177x_8x_gpio.o(.text) for GPIO_SetDir
    touchpanel.o(.text) refers to memseta.o(.text) for __aeabi_memclr4
    touchpanel.o(.text) refers to dflti.o(.text) for __aeabi_i2d
    touchpanel.o(.text) refers to cdcmple.o(.text) for __aeabi_cdcmpeq
    touchpanel.o(.text) refers to dfltui.o(.text) for __aeabi_ui2d
    touchpanel.o(.text) refers to dmul.o(.text) for __aeabi_dmul
    touchpanel.o(.text) refers to dadd.o(.text) for __aeabi_dadd
    touchpanel.o(.text) refers to ddiv.o(.text) for __aeabi_ddiv
    touchpanel.o(.text) refers to dfixui.o(.text) for __aeabi_d2uiz
    touchpanel.o(.text) refers to touchpanel.o(.bss) for .bss
    touchpanel.o(.text) refers to touchpanel.o(.data) for .data
    touchpanel.o(.text) refers to lpc177x_8x_lcd.o(.text) for lcd_Clear
    use_disp.o(.text) refers to lpc177x_8x_lcd.o(.text) for LCD_DrawRect
    use_disp.o(.text) refers to lpc177x_8x_lcd.o(.data) for Colour
    use_disp.o(.text) refers to use_disp.o(.constdata) for .constdata
    use_disp.o(.text) refers to globalvalue.o(.bss) for SaveData
    use_disp.o(.text) refers to asciilib.o(.constdata) for Out_Assic
    use_disp.o(.text) refers to globalvalue.o(.bss) for DispBuf
    use_disp.o(.text) refers to globalvalue.o(.bss) for SaveSIM
    use_disp.o(.text) refers to use_disp.o(.data) for .data
    use_disp.o(.text) refers to globalvalue.o(.bss) for Test_Dispvalue
    use_disp.o(.text) refers to globalvalue.o(.bss) for Saveeeprom
    use_disp.o(.text) refers to rtc.o(.bss) for RTC_TIME_DISP
    use_disp.o(.text) refers to printfa.o(i.__0sprintf) for __2sprintf
    use_disp.o(.text) refers to memmovea.o(.text) for __aeabi_memcpy4
    use_disp.o(.text) refers to ffltui.o(.text) for __aeabi_ui2f
    use_disp.o(.text) refers to f2d.o(.text) for __aeabi_f2d
    use_disp.o(.text) refers to pow.o(i.pow) for pow
    use_disp.o(.text) refers to dfixui.o(.text) for __aeabi_d2uiz
    use_disp.o(.text) refers to asciilib.o(.constdata) for _C
    use_disp.o(.text) refers to asciilib.o(.constdata) for _p
    use_disp.o(.text) refers to key.o(.text) for HW_KeyScsn
    use_disp.o(.text) refers to globalvalue.o(.data) for SystemStatus
    use_disp.o(.text) refers to globalvalue.o(.data) for mainswitch
    use_disp.o(.text) refers to globalvalue.o(.data) for temperature
    use_disp.o(.text) refers to globalvalue.o(.data) for Irange
    use_disp.o(.text) refers to strcpy.o(.text) for strcpy
    use_disp.o(.text) refers to strlen.o(.text) for strlen
    use_disp.o(.text) refers to strcat.o(.text) for strcat
    use_disp.o(.text) refers to debug_frmwrk.o(.text) for UARTPuts
    use_disp.o(.text) refers to dfltui.o(.text) for __aeabi_ui2d
    use_disp.o(.text) refers to ddiv.o(.text) for __aeabi_ddiv
[...]
    EMC_GPIO_Init                            0x00000301   Thumb Code   272  ex_sdram.o(.text)
    SDRAM_Init                               0x00000411   Thumb Code   258  ex_sdram.o(.text)
    GPIO_IRQHandler                          0x0000052d   Thumb Code    68  main.o(.text)
    main                                     0x00000571   Thumb Code   394  main.o(.text)
    SysTick_Handler                          0x000006fb   Thumb Code    10  main.o(.text)
    Delay                                    0x00000705   Thumb Code    14  main.o(.text)
    delayMs                                  0x00000749   Thumb Code   166  timer.o(.text)
    TIMER0_IRQHandler                        0x000007ef   Thumb Code    48  timer.o(.text)
    TIMER1_IRQHandler                        0x0000081f   Thumb Code    16  timer.o(.text)
    TIMER2_IRQHandler                        0x0000082f   Thumb Code    16  timer.o(.text)
    TIMER3_IRQHandler                        0x0000083f   Thumb Code    16  timer.o(.text)
    enable_timer                             0x0000084f   Thumb Code    36  timer.o(.text)
    disable_timer                            0x00000873   Thumb Code    34  timer.o(.text)
    reset_timer                              0x00000895   Thumb Code    40  timer.o(.text)
    init_timer                               0x000008bd   Thumb Code   138  timer.o(.text)
    GLCD_Ctrl                                0x0000097d   Thumb Code    66  lpc177x_8x_lcd.o(.text)
    GLCD_SetPallet                           0x000009bf   Thumb Code    16  lpc177x_8x_lcd.o(.text)
    GLCD_Init                                0x000009cf   Thumb Code   418  lpc177x_8x_lcd.o(.text)
    lcd_Clear                                0x00000b71   Thumb Code    18  lpc177x_8x_lcd.o(.text)
    LCD_DrawRect                             0x00000b83   Thumb Code    62  lpc177x_8x_lcd.o(.text)
    LCD_SetPoint                             0x00000bc1   Thumb Code    38  lpc177x_8x_lcd.o(.text)
    LCD_DrawLine                             0x00000be7   Thumb Code   220  lpc177x_8x_lcd.o(.text)
    PutChar                                  0x00000cc3   Thumb Code    82  lpc177x_8x_lcd.o(.text)
    PutChar_12                               0x00000d15   Thumb Code   128  lpc177x_8x_lcd.o(.text)
    GUI_Text                                 0x00000d95   Thumb Code    70  lpc177x_8x_lcd.o(.text)
    lcd_display_coord                        0x00000ddb   Thumb Code   264  lpc177x_8x_lcd.o(.text)
    findHzIndex                              0x00000ee3   Thumb Code    42  lpc177x_8x_lcd.o(.text)
    findHzIndex_16                           0x00000f0d   Thumb Code    46  lpc177x_8x_lcd.o(.text)
    LCD_ShowFontCN_40_55                     0x00000f3b   Thumb Code   106  lpc177x_8x_lcd.o(.text)
    LCD_ShowFontCN_16                        0x00000fa5   Thumb Code   192  lpc177x_8x_lcd.o(.text)
    LCD_ShowFontCN                           0x00001065   Thumb Code   190  lpc177x_8x_lcd.o(.text)
    WriteOneHzChar                           0x00001123   Thumb Code    20  lpc177x_8x_lcd.o(.text)
    WriteOneHzChar_16                        0x00001137   Thumb Code    20  lpc177x_8x_lcd.o(.text)
    WriteString                              0x0000114b   Thumb Code   150  lpc177x_8x_lcd.o(.text)
    WriteString_Big                          0x000011e1   Thumb Code    86  lpc177x_8x_lcd.o(.text)
    WriteString_16                           0x00001237   Thumb Code   164  lpc177x_8x_lcd.o(.text)
    WriteString_12                           0x000012db   Thumb Code   148  lpc177x_8x_lcd.o(.text)
    Hex_Format                               0x0000136f   Thumb Code   170  lpc177x_8x_lcd.o(.text)
    ListDataSet                              0x00001421   Thumb Code     2  use_disp.o(.text)
    Disp_Fastbutton                          0x00001423   Thumb Code   166  use_disp.o(.text)
    Disp_button_Num_time                     0x000014c9   Thumb Code    46  use_disp.o(.text)
    Disp_button_Num_V                        0x000014f7   Thumb Code    34  use_disp.o(.text)
    Disp_button_Num_A                        0x00001519   Thumb Code    34  use_disp.o(.text)
    Disp_button_Num_ms                       0x0000153b   Thumb Code    34  use_disp.o(.text)
    Disp_button_Num_Input                    0x0000155d   Thumb Code   180  use_disp.o(.text)
    Disp_button_Num_Freq                     0x00001611   Thumb Code    46  use_disp.o(.text)
    Disp_button_Num_Avg                      0x0000163f   Thumb Code    34  use_disp.o(.text)
    Disp_Button_Test                         0x00001661   Thumb Code   132  use_disp.o(.text)
    Disp_Button_List                         0x000016e5   Thumb Code   112  use_disp.o(.text)
    Disp_List_Sheet                          0x00001755   Thumb Code   584  use_disp.o(.text)
    Disp_Res_Sheet                           0x0000199d   Thumb Code   346  use_disp.o(.text)
    Disp_Button_value1                       0x00001af7   Thumb Code   262  use_disp.o(.text)
    Disp_Button_ItemScan_no                  0x00001bfd   Thumb Code   138  use_disp.o(.text)
    Disp_Button_ItemScanSet                  0x00001c87   Thumb Code   718  use_disp.o(.text)
    Disp_Button_TestSet                      0x00001f55   Thumb Code   370  use_disp.o(.text)
    Disp_Button_SysSet                       0x000020c7   Thumb Code    78  use_disp.o(.text)
    Disp_Button_Correction                   0x00002115   Thumb Code   132  use_disp.o(.text)
    Disp_TopBar_Color                        0x00002199   Thumb Code    20  use_disp.o(.text)
    Disp_MidRect                             0x000021ad   Thumb Code    22  use_disp.o(.text)
    Disp_TestScreen                          0x000021c3   Thumb Code    28  use_disp.o(.text)
    Disp_ListScreen                          0x000021df   Thumb Code    42  use_disp.o(.text)
    Disp_Test_Item                           0x00002209   Thumb Code   544  use_disp.o(.text)
    Disp_Load_Item                           0x00002429   Thumb Code   224  use_disp.o(.text)
    Disp_Pow_Item                            0x00002509   Thumb Code   166  use_disp.o(.text)
    Disp_List_Item                           0x000025af   Thumb Code   198  use_disp.o(.text)
    Disp_Range_MidRect                       0x00002675   Thumb Code    22  use_disp.o(.text)
    Disp_RangeScreen                         0x0000268b   Thumb Code    28  use_disp.o(.text)
    Disp_RangeDispvalue                      0x000026a7   Thumb Code   102  use_disp.o(.text)
    Disp_Range_Item                          0x0000270d   Thumb Code   196  use_disp.o(.text)
    Disp_Rang_Count_MidRect                  0x000027d1   Thumb Code    38  use_disp.o(.text)
    Disp_Range_CountScreen                   0x000027f7   Thumb Code    82  use_disp.o(.text)
    Disp_Set_Unit_16                         0x00002849   Thumb Code    30  use_disp.o(.text)
    Disp_Range_Count_Item                    0x00002867   Thumb Code   744  use_disp.o(.text)
    Disp_List_Count_MidRect                  0x00002b4f   Thumb Code    22  use_disp.o(.text)
    Disp_List_CountScreen                    0x00002b65   Thumb Code    16  use_disp.o(.text)
    Disp_List_Count_Item                     0x00002b75   Thumb Code   170  use_disp.o(.text)
    Disp_TestSet_MidRect                     0x00002c1f   Thumb Code   190  use_disp.o(.text)
    Disp_TestSetScreen                       0x00002cdd   Thumb Code    28  use_disp.o(.text)
    Disp_Test_Set_Item                       0x00002cf9   Thumb Code   248  use_disp.o(.text)
    Disp_RangeDispValue                      0x00002df1   Thumb Code   300  use_disp.o(.text)
    Disp_Range_ComDispValue                  0x00002f1d   Thumb Code   162  use_disp.o(.text)
    Disp_Scan_Compvalue                      0x00002fbf   Thumb Code   478  use_disp.o(.text)
    Disp_Scan_SetCompvalue                   0x0000319d   Thumb Code   730  use_disp.o(.text)
    Disp_LIMIT_ComDispValue                  0x00003477   Thumb Code   270  use_disp.o(.text)
    Disp_Test_value                          0x00003585   Thumb Code   658  use_disp.o(.text)
    Disp_Load_value                          0x00003817   Thumb Code   430  use_disp.o(.text)
    Disp_List_Res                            0x000039c5   Thumb Code   548  use_disp.o(.text)
    Disp_List_value                          0x00003be9   Thumb Code  1136  use_disp.o(.text)
    Disp_Pow_value                           0x00004059   Thumb Code   302  use_disp.o(.text)
    DispSet_value                            0x00004187   Thumb Code   560  use_disp.o(.text)
    Disp_Set_Unit_12                         0x000043b7   Thumb Code    26  use_disp.o(.text)
    Disp_LimitSEt_value                      0x000043d1   Thumb Code  1228  use_disp.o(.text)
    Disp_Debug_value                         0x0000489d   Thumb Code  1166  use_disp.o(.text)
    Disp_Sys_value                           0x00004d2b   Thumb Code  1948  use_disp.o(.text)
    Disp_Usercheck_Screen                    0x000054c7   Thumb Code    26  use_disp.o(.text)
    Disp_FacrCheck_Item                      0x000054e1   Thumb Code   190  use_disp.o(.text)
    Disp_FacCal                              0x0000559f   Thumb Code   656  use_disp.o(.text)
    Disp_Fac_Debug_R                         0x0000582f   Thumb Code   338  use_disp.o(.text)
    Disp_Fac_Debug_C                         0x00005981   Thumb Code   490  use_disp.o(.text)
    Disp_UserCheck_Item                      0x00005b6b   Thumb Code   118  use_disp.o(.text)
    Disp_LimitList_MidRect                   0x00005be1   Thumb Code    60  use_disp.o(.text)
    Disp_LimitList_Screen                    0x00005c1d   Thumb Code    14  use_disp.o(.text)
    Disp_LimitList_Item                      0x00005c2b   Thumb Code   390  use_disp.o(.text)
    Disp_ListScan_MidRect                    0x00005db1   Thumb Code    22  use_disp.o(.text)
    Disp_ListScan_Screen                     0x00005dc7   Thumb Code    14  use_disp.o(.text)
    Disp_ListScan_Item                       0x00005dd5   Thumb Code   186  use_disp.o(.text)
    Disp_SysLine                             0x00005e8f   Thumb Code   174  use_disp.o(.text)
    Disp_Sys_Screen                          0x00005f3d   Thumb Code    26  use_disp.o(.text)
    Disp_Sys_Item                            0x00005f57   Thumb Code   278  use_disp.o(.text)
    Disp_serve_Screen                        0x0000606d   Thumb Code    26  use_disp.o(.text)
    Disp_Serve_correction                    0x00006087   Thumb Code   156  use_disp.o(.text)
    Disp_Start_Corr                          0x00006123   Thumb Code    88  use_disp.o(.text)
    Disp_Serve_correctionR                   0x0000617b   Thumb Code   116  use_disp.o(.text)
    Disp_Correction_Set                      0x000061ef   Thumb Code   354  use_disp.o(.text)
    Disp_Correction_SetR                     0x00006351   Thumb Code   346  use_disp.o(.text)
    Time_Set_Cot                             0x000064ab   Thumb Code    16  use_disp.o(.text)
    Time_Set_Cov                             0x000064bb   Thumb Code   338  use_disp.o(.text)
    Freq_Set_Cov                             0x0000660d   Thumb Code   176  use_disp.o(.text)
    Input_Set_Cov                            0x000066bd   Thumb Code    90  use_disp.o(.text)
    Input_Set_CovPre                         0x00006717   Thumb Code    64  use_disp.o(.text)
    Disp_Cp_D                                0x00006757   Thumb Code    98  use_disp.o(.text)
    Disp_Cp_Q                                0x000067b9   Thumb Code    98  use_disp.o(.text)
    Disp_Cp_G                                0x0000681b   Thumb Code    98  use_disp.o(.text)
    Disp_Cp_Rp                               0x0000687d   Thumb Code   146  use_disp.o(.text)
    Disp_Cs_Rs                               0x0000690f   Thumb Code    98  use_disp.o(.text)
    Disp_Cs_D                                0x00006971   Thumb Code    98  use_disp.o(.text)
    Disp_Cs_Q                                0x000069d3   Thumb Code    98  use_disp.o(.text)
    Disp_Lp_Q                                0x00006a35   Thumb Code    98  use_disp.o(.text)
    Disp_Lp_Rp                               0x00006a97   Thumb Code    96  use_disp.o(.text)
    Disp_Lp_Rd                               0x00006af7   Thumb Code    98  use_disp.o(.text)
    Disp_Lp_D                                0x00006b59   Thumb Code    98  use_disp.o(.text)
    Disp_Lp_G                                0x00006bbb   Thumb Code    98  use_disp.o(.text)
    Disp_Ls_D                                0x00006c1d   Thumb Code    98  use_disp.o(.text)
    Disp_Ls_Q                                0x00006c7f   Thumb Code   142  use_disp.o(.text)
    Disp_Ls_Rs                               0x00006d0d   Thumb Code    98  use_disp.o(.text)
    Disp_Ls_Rd                               0x00006d6f   Thumb Code    98  use_disp.o(.text)
    Disp_Z_d                                 0x00006dd1   Thumb Code    96  use_disp.o(.text)
    Disp_Z_r                                 0x00006e31   Thumb Code    98  use_disp.o(.text)
    Disp_Y_d                                 0x00006e93   Thumb Code    96  use_disp.o(.text)
    Disp_Y_r                                 0x00006ef3   Thumb Code    98  use_disp.o(.text)
    Disp_R_X                                 0x00006f55   Thumb Code    98  use_disp.o(.text)
    Disp_Rs_Q                                0x00006fb7   Thumb Code    98  use_disp.o(.text)
    Disp_Rp_Q                                0x00007019   Thumb Code    98  use_disp.o(.text)
    Disp_G_B                                 0x0000707b   Thumb Code    96  use_disp.o(.text)
    Disp_Button_Fun_Set                      0x000070db   Thumb Code   710  use_disp.o(.text)
    FAN_CTRL                                 0x000073a1   Thumb Code    64  use_disp.o(.text)
    Disp_Testvalue                           0x000073e1   Thumb Code   854  use_disp.o(.text)
    Send_Request                             0x00007737   Thumb Code   484  use_disp.o(.text)
    ListHandle                               0x0000791b   Thumb Code   544  use_disp.o(.text)
    Disp_Big_MainUnit                        0x00007b3b   Thumb Code    22  use_disp.o(.text)
    Disp_Big_SecondUnit                      0x00007b51   Thumb Code    70  use_disp.o(.text)
    Start_Correction                         0x00007b97   Thumb Code    60  use_disp.o(.text)
    Init_C                                   0x00007bd3   Thumb Code    54  use_disp.o(.text)
    Correction_C                             0x00007c09   Thumb Code    76  use_disp.o(.text)
    Save_C                                   0x00007c55   Thumb Code    52  use_disp.o(.text)
    Init_R                                   0x00007c89   Thumb Code    54  use_disp.o(.text)
    Correction_R                             0x00007cbf   Thumb Code    74  use_disp.o(.text)
    Save_R                                   0x00007d09   Thumb Code    52  use_disp.o(.text)
    Exit_correction                          0x00007d3d   Thumb Code    64  use_disp.o(.text)
    Clear_Instr                              0x00007d7d   Thumb Code    22  use_disp.o(.text)
    Close_Clear                              0x00007d93   Thumb Code    22  use_disp.o(.text)
    Open_Clear                               0x00007da9   Thumb Code    22  use_disp.o(.text)
    Short_Clear                              0x00007dbf   Thumb Code    22  use_disp.o(.text)
    Send_Freq                                0x00007dd5   Thumb Code   180  use_disp.o(.text)
    Send_UartStart                           0x00007e89   Thumb Code   162  use_disp.o(.text)
    softdelay                                0x00007f2b   Thumb Code    12  use_disp.o(.text)
    SetErr_ACK                               0x00007f37   Thumb Code   114  use_disp.o(.text)
    SerialRemoteHandleL                      0x00007fa9   Thumb Code   896  use_disp.o(.text)
    Send_Main_Ord                            0x00008329   Thumb Code   102  use_disp.o(.text)
    Disp_Range_DispMainUnit                  0x0000838f   Thumb Code    58  use_disp.o(.text)
    Disp_Range_DispSecondUnit                0x000083c9   Thumb Code    62  use_disp.o(.text)
    Disp_RangeTestvalue                      0x00008407   Thumb Code   100  use_disp.o(.text)
    Disp_Range_Num                           0x0000846b   Thumb Code    20  use_disp.o(.text)
    Disp_RangeCount                          0x0000847f   Thumb Code    80  use_disp.o(.text)
    Disp_Test_Unit_v                         0x000084cf   Thumb Code    14  use_disp.o(.text)
    Disp_Test_Unit_mA                        0x000084dd   Thumb Code    12  use_disp.o(.text)
    Savetoeeprom                             0x000084e9   Thumb Code    22  use_disp.o(.text)
    ReadSavedata                             0x000084ff   Thumb Code    22  use_disp.o(.text)
    lcd_image                                0x00008515   Thumb Code    40  use_disp.o(.text)
    Send_Uart3                               0x0000853d   Thumb Code     8  use_disp.o(.text)
    Disp_Usbflag                             0x00008545   Thumb Code    50  use_disp.o(.text)
    Disp_switch                              0x00008577   Thumb Code    52  use_disp.o(.text)
    CMD_Resend                               0x000086cd   Thumb Code    30  test.o(.text)
    READ_COMP                                0x000086eb   Thumb Code    20  test.o(.text)
    Read_Temp                                0x000086ff   Thumb Code     8  test.o(.text)
    MODS_Poll                                0x00008707   Thumb Code    40  test.o(.text)
    input_password                           0x0000872f   Thumb Code   590  test.o(.text)
    Inttofloat                               0x0000897d   Thumb Code   100  test.o(.text)
    Set_Compbcd_float                        0x000089e1   Thumb Code   296  test.o(.text)
    Power_Process                            0x00008b09   Thumb Code   216  test.o(.text)
    Send_T0_USB                              0x00008be1   Thumb Code   304  test.o(.text)
    Disp_NumKeyboard_Set                     0x00008d11   Thumb Code   658  test.o(.text)
    Disp_Set_Num                             0x00008fa3   Thumb Code    74  test.o(.text)
    Load_Process                             0x00008fed   Thumb Code   864  test.o(.text)
    Disp_Set_C                               0x0000934d   Thumb Code    84  test.o(.text)
    Pow_Process                              0x000093a1   Thumb Code   910  test.o(.text)
    Disp_NumKeyboard_time                    0x0000972f   Thumb Code   618  test.o(.text)
    Disp_Set_T                               0x00009999   Thumb Code    84  test.o(.text)
    List_Process                             0x000099ed   Thumb Code  1768  test.o(.text)
    Test_Process                             0x0000a0d5   Thumb Code   976  test.o(.text)
    File_Process                             0x0000a4a5   Thumb Code    22  test.o(.text)
    Setup_Process                            0x0000a4bb   Thumb Code   542  test.o(.text)
    Data_StoreProcess                        0x0000a6d9   Thumb Code    22  test.o(.text)
    Test_Comp_Fmq                            0x0000a6ef   Thumb Code    62  test.o(.text)
    Test_Comp                                0x0000a72d   Thumb Code   736  test.o(.text)
    Range_Process                            0x0000aa0d   Thumb Code   340  test.o(.text)
    Range_CountProcess                       0x0000ab61   Thumb Code   310  test.o(.text)
    ItemProcess                              0x0000ac97   Thumb Code   346  test.o(.text)
    Freq_Set_Num                             0x0000adf1   Thumb Code   132  test.o(.text)
    Use_ITEMSetProcess                       0x0000ae75   Thumb Code   516  test.o(.text)
    Input_compvalue                          0x0000b079   Thumb Code   798  test.o(.text)
    Disp_Set_InputpreSecNum                  0x0000b397   Thumb Code    76  test.o(.text)
    Disp_Set_InputpreNum                     0x0000b3e3   Thumb Code    92  test.o(.text)
    Disp_Set_InputNum                        0x0000b43f   Thumb Code    74  test.o(.text)
    Use_LimitSetProcess                      0x0000b489   Thumb Code   786  test.o(.text)
    Use_SysSetProcess                        0x0000b79b   Thumb Code  1626  test.o(.text)
    Use_DebugProcess                         0x0000bdf5   Thumb Code   284  test.o(.text)
    Fac_DebugProcess                         0x0000bf11   Thumb Code   612  test.o(.text)
    Uart_Process                             0x0000c175   Thumb Code    56  test.o(.text)
    Avg_Test                                 0x0000c1ad   Thumb Code    60  test.o(.text)
    PackStandFrame                           0x0000c1e9   Thumb Code    36  test.o(.text)
    Disp_Set_CompNum                         0x0000c20d   Thumb Code    74  test.o(.text)
    Avg_Set_Num                              0x0000c257   Thumb Code   154  test.o(.text)
    Set_daot                                 0x0000c2f1   Thumb Code    74  test.o(.text)
    Write_Usbdata                            0x0000c33b   Thumb Code    50  test.o(.text)
    Soft_Turnon                              0x0000c36d   Thumb Code    76  test.o(.text)
    Uart3_Process                            0x0000c3b9   Thumb Code    88  test.o(.text)
    input_num                                0x0000c411   Thumb Code   566  test.o(.text)
    RTC_Init                                 0x0000c65d   Thumb Code    28  lpc177x_8x_rtc.o(.text)
    RTC_DeInit                               0x0000c679   Thumb Code    12  lpc177x_8x_rtc.o(.text)
    RTC_ResetClockTickCounter                0x0000c685   Thumb Code    18  lpc177x_8x_rtc.o(.text)
    RTC_Cmd                                  0x0000c697   Thumb Code    20  lpc177x_8x_rtc.o(.text)
    RTC_CntIncrIntConfig                     0x0000c6ab   Thumb Code   166  lpc177x_8x_rtc.o(.text)
    RTC_AlarmIntConfig                       0x0000c751   Thumb Code   166  lpc177x_8x_rtc.o(.text)
    RTC_SetTime                              0x0000c7f7   Thumb Code   194  lpc177x_8x_rtc.o(.text)
    RTC_GetTime                              0x0000c8b9   Thumb Code    88  lpc177x_8x_rtc.o(.text)
    RTC_SetFullTime                          0x0000c911   Thumb Code    76  lpc177x_8x_rtc.o(.text)
    RTC_GetFullTime                          0x0000c95d   Thumb Code    76  lpc177x_8x_rtc.o(.text)
    RTC_SetAlarmTime                         0x0000c9a9   Thumb Code   200  lpc177x_8x_rtc.o(.text)
    RTC_GetAlarmTime                         0x0000ca71   Thumb Code    92  lpc177x_8x_rtc.o(.text)
    RTC_SetFullAlarmTime                     0x0000cacd   Thumb Code    78  lpc177x_8x_rtc.o(.text)
    RTC_GetFullAlarmTime                     0x0000cb1b   Thumb Code    78  lpc177x_8x_rtc.o(.text)
    RTC_GetIntPending                        0x0000cb69   Thumb Code    10  lpc177x_8x_rtc.o(.text)
    RTC_ClearIntPending                      0x0000cb73   Thumb Code     8  lpc177x_8x_rtc.o(.text)
    RTC_CalibCounterCmd                      0x0000cb7b   Thumb Code    20  lpc177x_8x_rtc.o(.text)
    RTC_CalibConfig                          0x0000cb8f   Thumb Code    24  lpc177x_8x_rtc.o(.text)
    RTC_WriteGPREG                           0x0000cba7   Thumb Code     8  lpc177x_8x_rtc.o(.text)
    RTC_ReadGPREG                            0x0000cbaf   Thumb Code     8  lpc177x_8x_rtc.o(.text)
    Start_Debugled                           0x0000cbb9   Thumb Code    46  key.o(.text)
    Beep_on                                  0x0000cbe7   Thumb Code    10  key.o(.text)
    Beep_Off                                 0x0000cbf1   Thumb Code    10  key.o(.text)
    Bais_LedOn                               0x0000cbfb   Thumb Code    10  key.o(.text)
    FAN_ON                                   0x0000cc05   Thumb Code    26  key.o(.text)
    FAN_OFF                                  0x0000cc1f   Thumb Code    26  key.o(.text)
    DE485                                    0x0000cc39   Thumb Code    26  key.o(.text)
    RE485                                    0x0000cc53   Thumb Code    26  key.o(.text)
    Bais_LedOff                              0x0000cc6d   Thumb Code    10  key.o(.text)
    Lock_LedOn                               0x0000cc77   Thumb Code     8  key.o(.text)
    Lock_LedOff                              0x0000cc7f   Thumb Code     8  key.o(.text)
    Lock_Control_On                          0x0000cc87   Thumb Code    10  key.o(.text)
    Lock_Control_Off                         0x0000cc91   Thumb Code    10  key.o(.text)
    Plc_pass                                 0x0000cc9b   Thumb Code    26  key.o(.text)
    Pass_Led                                 0x0000ccb5   Thumb Code    24  key.o(.text)
    All_LedOff1                              0x0000cccd   Thumb Code    22  key.o(.text)
    Turnoff_backlight                        0x0000cce3   Thumb Code     8  key.o(.text)
    All_LedOff                               0x0000cceb   Thumb Code    34  key.o(.text)
    Plc_Fail                                 0x0000cd0d   Thumb Code    26  key.o(.text)
    Fail_led                                 0x0000cd27   Thumb Code    24  key.o(.text)
    Power_Relay                              0x0000cd3f   Thumb Code    34  key.o(.text)
    Power_On_led                             0x0000cd61   Thumb Code    30  key.o(.text)
    Power_Off_led                            0x0000cd7f   Thumb Code    30  key.o(.text)
    Turnon_backlight                         0x0000cd9d   Thumb Code     8  key.o(.text)
    GPIO_485_Config                          0x0000cda5   Thumb Code     2  key.o(.text)
    GPIO_Led_Configuration                   0x0000cda7   Thumb Code    86  key.o(.text)
    GPIO_Plc_Configuration                   0x0000cdfd   Thumb Code    68  key.o(.text)
    GPIO_Key_Configuration                   0x0000ce41   Thumb Code   106  key.o(.text)
    _164Delaay                               0x0000ceab   Thumb Code    12  key.o(.text)
    HW_Sendvalueto164                        0x0000ceb7   Thumb Code    72  key.o(.text)
    HW_keyInt                                0x0000ceff   Thumb Code    14  key.o(.text)
    HW_KeyScsn1                              0x0000cf0d   Thumb Code   200  key.o(.text)
    HW_KeyScsn                               0x0000cfd5   Thumb Code    40  key.o(.text)
    Delay_Key                                0x0000cffd   Thumb Code    12  key.o(.text)
    Key_Beep                                 0x0000d009   Thumb Code    26  key.o(.text)
    DMA_IRQHandler                           0x0000d031   Thumb Code   174  dma.o(.text)
    lpc1788_DMA_Init                         0x0000d0df   Thumb Code   124  dma.o(.text)
    DMASendInit                              0x0000d15b   Thumb Code    56  dma.o(.text)
    SystemCoreClockUpdate                    0x0000d1b1   Thumb Code   284  system_lpc177x_8x.o(.text)
    SystemInit                               0x0000d2cd   Thumb Code   134  system_lpc177x_8x.o(.text)
    GPIO_SetDir                              0x0000d3ff   Thumb Code    28  lpc177x_8x_gpio.o(.text)
    GPIO_SetValue                            0x0000d41b   Thumb Code    16  lpc177x_8x_gpio.o(.text)
    GPIO_ClearValue                          0x0000d42b   Thumb Code    16  lpc177x_8x_gpio.o(.text)
    GPIO_OutputValue                         0x0000d43b   Thumb Code     6  lpc177x_8x_gpio.o(.text)
    GPIO_ReadValue                           0x0000d441   Thumb Code    14  lpc177x_8x_gpio.o(.text)
    GPIO_IntCmd                              0x0000d44f   Thumb Code    58  lpc177x_8x_gpio.o(.text)
    GPIO_GetIntStatus                        0x0000d489   Thumb Code    64  lpc177x_8x_gpio.o(.text)
    GPIO_ClearInt                            0x0000d4c9   Thumb Code    22  lpc177x_8x_gpio.o(.text)
    FIO_SetDir                               0x0000d4df   Thumb Code     2  lpc177x_8x_gpio.o(.text)
    FIO_SetValue                             0x0000d4e1   Thumb Code     2  lpc177x_8x_gpio.o(.text)
    FIO_ClearValue                           0x0000d4e3   Thumb Code     2  lpc177x_8x_gpio.o(.text)
    FIO_ReadValue                            0x0000d4e5   Thumb Code     2  lpc177x_8x_gpio.o(.text)
    FIO_IntCmd                               0x0000d4e7   Thumb Code     2  lpc177x_8x_gpio.o(.text)
    FIO_GetIntStatus                         0x0000d4e9   Thumb Code     2  lpc177x_8x_gpio.o(.text)
    FIO_ClearInt                             0x0000d4eb   Thumb Code     2  lpc177x_8x_gpio.o(.text)
    FIO_SetMask                              0x0000d4ed   Thumb Code    28  lpc177x_8x_gpio.o(.text)
    FIO_HalfWordSetDir                       0x0000d509   Thumb Code    50  lpc177x_8x_gpio.o(.text)
    FIO_HalfWordSetMask                      0x0000d53b   Thumb Code    50  lpc177x_8x_gpio.o(.text)
    FIO_HalfWordSetValue                     0x0000d56d   Thumb Code    24  lpc177x_8x_gpio.o(.text)
    FIO_HalfWordClearValue                   0x0000d585   Thumb Code    24  lpc177x_8x_gpio.o(.text)
    FIO_HalfWordReadValue                    0x0000d59d   Thumb Code    22  lpc177x_8x_gpio.o(.text)
    FIO_ByteSetDir                           0x0000d5b3   Thumb Code    40  lpc177x_8x_gpio.o(.text)
    FIO_ByteSetMask                          0x0000d5db   Thumb Code    44  lpc177x_8x_gpio.o(.text)
    FIO_ByteSetValue                         0x0000d607   Thumb Code    24  lpc177x_8x_gpio.o(.text)
    FIO_ByteClearValue                       0x0000d61f   Thumb Code    24  lpc177x_8x_gpio.o(.text)
    FIO_ByteReadValue                        0x0000d637   Thumb Code    24  lpc177x_8x_gpio.o(.text)
    UART_Init                                0x0000d785   Thumb Code   230  lpc177x_8x_uart.o(.text)
    UART_TxCmd                               0x0000d86b   Thumb Code    26  lpc177x_8x_uart.o(.text)
    UART_DeInit                              0x0000d885   Thumb Code    76  lpc177x_8x_uart.o(.text)
    UART_ConfigStructInit                    0x0000d8d1   Thumb Code    18  lpc177x_8x_uart.o(.text)
    UART_SendByte                            0x0000d8e3   Thumb Code     6  lpc177x_8x_uart.o(.text)
    UART_ReceiveByte                         0x0000d8e9   Thumb Code     6  lpc177x_8x_uart.o(.text)
    UART_Send                                0x0000d8ef   Thumb Code   112  lpc177x_8x_uart.o(.text)
    UART_Receive                             0x0000d95f   Thumb Code    82  lpc177x_8x_uart.o(.text)
    UART_ForceBreak                          0x0000d9b1   Thumb Code    12  lpc177x_8x_uart.o(.text)
    UART_IntConfig                           0x0000d9bd   Thumb Code    84  lpc177x_8x_uart.o(.text)
    UART_GetLineStatus                       0x0000da11   Thumb Code    14  lpc177x_8x_uart.o(.text)
    UART_GetIntId                            0x0000da1f   Thumb Code    10  lpc177x_8x_uart.o(.text)
    UART_CheckBusy                           0x0000da29   Thumb Code    14  lpc177x_8x_uart.o(.text)
    UART_FIFOConfig                          0x0000da37   Thumb Code    64  lpc177x_8x_uart.o(.text)
    UART_FIFOConfigStructInit                0x0000da77   Thumb Code    14  lpc177x_8x_uart.o(.text)
    UART_ABCmd                               0x0000da85   Thumb Code   102  lpc177x_8x_uart.o(.text)
    UART_ABClearIntPending                   0x0000daeb   Thumb Code    10  lpc177x_8x_uart.o(.text)
    UART_IrDAInvtInputCmd                    0x0000daf5   Thumb Code    46  lpc177x_8x_uart.o(.text)
    UART_IrDACmd                             0x0000db23   Thumb Code    22  lpc177x_8x_uart.o(.text)
    UART_IrDAPulseDivConfig                  0x0000db39   Thumb Code    24  lpc177x_8x_uart.o(.text)
    UART_FullModemForcePinState              0x0000db51   Thumb Code    36  lpc177x_8x_uart.o(.text)
    UART_FullModemConfigMode                 0x0000db75   Thumb Code    42  lpc177x_8x_uart.o(.text)
    UART_FullModemGetStatus                  0x0000db9f   Thumb Code     4  lpc177x_8x_uart.o(.text)
    UART_RS485Config                         0x0000dba3   Thumb Code    88  lpc177x_8x_uart.o(.text)
    UART_RS485ReceiverCmd                    0x0000dbfb   Thumb Code    22  lpc177x_8x_uart.o(.text)
    UART_RS485Send                           0x0000dc11   Thumb Code    52  lpc177x_8x_uart.o(.text)
    UART_RS485SendSlvAddr                    0x0000dc45   Thumb Code    14  lpc177x_8x_uart.o(.text)
    UART_RS485SendData                       0x0000dc53   Thumb Code     4  lpc177x_8x_uart.o(.text)
    UARTPutChar                              0x0000dc5d   Thumb Code    14  debug_frmwrk.o(.text)
    UARTGetChar                              0x0000dc6b   Thumb Code    24  debug_frmwrk.o(.text)
    UARTPuts                                 0x0000dc83   Thumb Code    30  debug_frmwrk.o(.text)
    UARTGetValue                             0x0000dca1   Thumb Code   276  debug_frmwrk.o(.text)
    UART3SEND                                0x0000ddb5   Thumb Code    40  debug_frmwrk.o(.text)
    UARTPuts_                                0x0000dddd   Thumb Code    18  debug_frmwrk.o(.text)
    UARTPutDec                               0x0000ddef   Thumb Code    72  debug_frmwrk.o(.text)
    UARTPutDec16                             0x0000de37   Thumb Code   126  debug_frmwrk.o(.text)
    UARTPutDec32                             0x0000deb5   Thumb Code   258  debug_frmwrk.o(.text)
    UARTPutHex_                              0x0000dfb7   Thumb Code    42  debug_frmwrk.o(.text)
    UARTPutHex                               0x0000dfe1   Thumb Code    48  debug_frmwrk.o(.text)
    UARTPutHex16_                            0x0000e011   Thumb Code    42  debug_frmwrk.o(.text)
    UARTPutHex16                             0x0000e03b   Thumb Code    48  debug_frmwrk.o(.text)
    UARTPutHex32_                            0x0000e06b   Thumb Code    42  debug_frmwrk.o(.text)
    UARTPutHex32                             0x0000e095   Thumb Code    48  debug_frmwrk.o(.text)
    _printf                                  0x0000e0c5   Thumb Code    30  debug_frmwrk.o(.text)
    debug_frmwrk_init                        0x0000e0e3   Thumb Code   300  debug_frmwrk.o(.text)
    Uart0RecTimeOut                          0x0000e20f   Thumb Code    36  debug_frmwrk.o(.text)
    UART0_IRQHandler                         0x0000e233   Thumb Code    98  debug_frmwrk.o(.text)
    CRC16                                    0x0000e295   Thumb Code    38  debug_frmwrk.o(.text)
    MODS_SendWithCRC                         0x0000e2bb   Thumb Code    52  debug_frmwrk.o(.text)
    BEBufToUint16                            0x0000e2ef   Thumb Code     6  debug_frmwrk.o(.text)
    DMA_SendWithCRC                          0x0000e2f5   Thumb Code    42  debug_frmwrk.o(.text)
    debug_uart3_init                         0x0000e31f   Thumb Code   170  debug_frmwrk.o(.text)
    UART3_IRQHandler                         0x0000e3c9   Thumb Code    52  debug_frmwrk.o(.text)
    RecHandle                                0x0000e553   Thumb Code    20  debug_frmwrk.o(.text)
    PINSEL_ConfigPin                         0x0000e615   Thumb Code    20  lpc177x_8x_pinsel.o(.text)
    PINSEL_SetPinMode                        0x0000e629   Thumb Code    20  lpc177x_8x_pinsel.o(.text)
    PINSEL_SetHysMode                        0x0000e63d   Thumb Code    26  lpc177x_8x_pinsel.o(.text)
    PINSEL_SetSlewMode                       0x0000e657   Thumb Code    26  lpc177x_8x_pinsel.o(.text)
    PINSEL_SetInBufMode                      0x0000e671   Thumb Code    26  lpc177x_8x_pinsel.o(.text)
    PINSEL_SetI2CMode                        0x0000e68b   Thumb Code    22  lpc177x_8x_pinsel.o(.text)
    PINSEL_SetOpenDrainMode                  0x0000e6a1   Thumb Code    26  lpc177x_8x_pinsel.o(.text)
    PINSEL_SetAnalogPinMode                  0x0000e6bb   Thumb Code   102  lpc177x_8x_pinsel.o(.text)
    PINSEL_DacEnable                         0x0000e721   Thumb Code    36  lpc177x_8x_pinsel.o(.text)
    PINSEL_SetFilter                         0x0000e745   Thumb Code    48  lpc177x_8x_pinsel.o(.text)
    EEPROM_Init                              0x0000e785   Thumb Code   100  lpc177x_8x_eeprom.o(.text)
    EEPROM_Write                             0x0000e7e9   Thumb Code   220  lpc177x_8x_eeprom.o(.text)
    EEPROM_Read                              0x0000e8c5   Thumb Code   198  lpc177x_8x_eeprom.o(.text)
    EEPROM_Erase                             0x0000e98b   Thumb Code    70  lpc177x_8x_eeprom.o(.text)
    EEPROM_PowerDown                         0x0000e9d1   Thumb Code    16  lpc177x_8x_eeprom.o(.text)
    GPDMA_Init                               0x0000e9ed   Thumb Code    54  lpc177x_8x_gpdma.o(.text)
    GPDMA_Setup                              0x0000ea23   Thumb Code   418  lpc177x_8x_gpdma.o(.text)
    GPDMA_ChannelCmd                         0x0000ebc5   Thumb Code    26  lpc177x_8x_gpdma.o(.text)
    GPDMA_IntGetStatus                       0x0000ebdf   Thumb Code    52  lpc177x_8x_gpdma.o(.text)
    GPDMA_ClearIntPending                    0x0000ec13   Thumb Code    18  lpc177x_8x_gpdma.o(.text)
    FAT_GetFATType                           0x0000ec39   Thumb Code    32  usbhost_fat.o(.text)
    FAT_Init                                 0x0000ec59   Thumb Code   238  usbhost_fat.o(.text)
    FAT_PutSFN                               0x0000ed47   Thumb Code   142  usbhost_fat.o(.text)
    FAT_ChkEntType                           0x0000edd5   Thumb Code    32  usbhost_fat.o(.text)
    FAT_GetFreeEntry                         0x0000edf5   Thumb Code    90  usbhost_fat.o(.text)
    FAT_StrCaseCmp                           0x0000ee4f   Thumb Code    52  usbhost_fat.o(.text)
    FAT_GetSfnExt                            0x0000ee83   Thumb Code    40  usbhost_fat.o(.text)
    FAT_GetSfnName                           0x0000eeab   Thumb Code    30  usbhost_fat.o(.text)
    FAT_GetSFN                               0x0000eec9   Thumb Code    60  usbhost_fat.o(.text)
    FAT_FindEntry                            0x0000ef05   Thumb Code   140  usbhost_fat.o(.text)
    FAT_CreateEntry                          0x0000ef91   Thumb Code    36  usbhost_fat.o(.text)
    FILE_Open                                0x0000efb5   Thumb Code    68  usbhost_fat.o(.text)
    FAT_ClusRead                             0x0000eff9   Thumb Code   202  usbhost_fat.o(.text)
    FAT_GetNextClus                          0x0000f0c3   Thumb Code    56  usbhost_fat.o(.text)
    FILE_Read                                0x0000f0fb   Thumb Code   162  usbhost_fat.o(.text)
    FAT_UpdateFAT                            0x0000f19d   Thumb Code    64  usbhost_fat.o(.text)
    FAT_GetFreeClus                          0x0000f1dd   Thumb Code    80  usbhost_fat.o(.text)
    FAT_ClusWrite                            0x0000f22d   Thumb Code   218  usbhost_fat.o(.text)
    FAT_GetEndClus                           0x0000f307   Thumb Code    20  usbhost_fat.o(.text)
    FILE_Write                               0x0000f31b   Thumb Code   206  usbhost_fat.o(.text)
    FAT_UpdateEntry                          0x0000f3e9   Thumb Code    48  usbhost_fat.o(.text)
    FILE_Close                               0x0000f419   Thumb Code    70  usbhost_fat.o(.text)
    Host_DelayUS                             0x0000f469   Thumb Code    18  usbhost_lpc17xx.o(.text)
    Host_DelayMS                             0x0000f47b   Thumb Code    34  usbhost_lpc17xx.o(.text)
    Host_HCCAInit                            0x0000f49d   Thumb Code    24  usbhost_lpc17xx.o(.text)
    Host_TDInit                              0x0000f4b5   Thumb Code    12  usbhost_lpc17xx.o(.text)
    Host_EDInit                              0x0000f4c1   Thumb Code    12  usbhost_lpc17xx.o(.text)
    Host_Init                                0x0000f4cd   Thumb Code   342  usbhost_lpc17xx.o(.text)
    USB_IRQHandler                           0x0000f623   Thumb Code   208  usbhost_lpc17xx.o(.text)
    Host_WDHWait                             0x0000f6f3   Thumb Code    14  usbhost_lpc17xx.o(.text)
    Host_ProcessTD                           0x0000f701   Thumb Code   146  usbhost_lpc17xx.o(.text)
    WriteLE16U                               0x0000f793   Thumb Code    16  usbhost_lpc17xx.o(.text)
    Host_FillSetup                           0x0000f7a3   Thumb Code    64  usbhost_lpc17xx.o(.text)
    Host_CtrlSend                            0x0000f7e3   Thumb Code    68  usbhost_lpc17xx.o(.text)
    ReadLE16U                                0x0000f827   Thumb Code    20  usbhost_lpc17xx.o(.text)
    Host_CtrlRecv                            0x0000f83b   Thumb Code    68  usbhost_lpc17xx.o(.text)
    Host_EnumDev                             0x0000f87f   Thumb Code   316  usbhost_lpc17xx.o(.text)
    ReadLE32U                                0x0000f9bb   Thumb Code    28  usbhost_lpc17xx.o(.text)
    WriteLE32U                               0x0000f9d7   Thumb Code    16  usbhost_lpc17xx.o(.text)
    ReadBE32U                                0x0000f9e7   Thumb Code    28  usbhost_lpc17xx.o(.text)
    WriteBE32U                               0x0000fa03   Thumb Code    16  usbhost_lpc17xx.o(.text)
    ReadBE16U                                0x0000fa13   Thumb Code    20  usbhost_lpc17xx.o(.text)
    WriteBE16U                               0x0000fa27   Thumb Code    16  usbhost_lpc17xx.o(.text)
    Fill_MSCommand                           0x0000fa39   Thumb Code   144  usbhost_ms.o(.text)
    MS_Inquire                               0x0000fac9   Thumb Code   124  usbhost_ms.o(.text)
    MS_ReadCapacity                          0x0000fb45   Thumb Code   124  usbhost_ms.o(.text)
    MS_GetSenseInfo                          0x0000fbc1   Thumb Code    96  usbhost_ms.o(.text)
    MS_TestUnitReady                         0x0000fc21   Thumb Code    76  usbhost_ms.o(.text)
    MS_GetMaxLUN                             0x0000fc6d   Thumb Code    26  usbhost_ms.o(.text)
    MS_Init                                  0x0000fc87   Thumb Code    64  usbhost_ms.o(.text)
    MS_ParseConfiguration                    0x0000fcc7   Thumb Code   170  usbhost_ms.o(.text)
    MS_BulkRecv                              0x0000fd71   Thumb Code   126  usbhost_ms.o(.text)
    MS_BulkSend                              0x0000fdef   Thumb Code   130  usbhost_ms.o(.text)
    __aeabi_uldivmod                         0x0000fe71   Thumb Code    98  uldiv.o(.text)
    ___aeabi_memcpy8$move                    0x0000fed3   Thumb Code     0  memmovea.o(.text)
    __aeabi_memcpy                           0x0000fed3   Thumb Code    64  memmovea.o(.text)
    __aeabi_memcpy4                          0x0000fed3   Thumb Code     0  memmovea.o(.text)
    __aeabi_memmove                          0x0000fed3   Thumb Code     0  memmovea.o(.text)
    __aeabi_memmove4                         0x0000fed3   Thumb Code     0  memmovea.o(.text)
    __aeabi_memmove8                         0x0000fed3   Thumb Code     0  memmovea.o(.text)
    strcat                                   0x0000ff13   Thumb Code    24  strcat.o(.text)
    strlen                                   0x0000ff2b   Thumb Code    14  strlen.o(.text)
    strcmp                                   0x0000ff39   Thumb Code    28  strcmp.o(.text)
    strncat                                  0x0000ff55   Thumb Code    40  strncat.o(.text)
    strcpy                                   0x0000ff7d   Thumb Code    18  strcpy.o(.text)
    strncmp                                  0x0000ff8f   Thumb Code    30  strncmp.o(.text)
    __aeabi_fadd                             0x0000ffad   Thumb Code   164  fadd.o(.text)
    __aeabi_fsub                             0x00010051   Thumb Code     6  fadd.o(.text)
    __aeabi_frsub                            0x00010057   Thumb Code     6  fadd.o(.text)
    __aeabi_fmul                             0x0001005d   Thumb Code   100  fmul.o(.text)
    __aeabi_fdiv                             0x000100c1   Thumb Code   124  fdiv.o(.text)
    __aeabi_dadd                             0x0001013d   Thumb Code   322  dadd.o(.text)
    __aeabi_dsub                             0x0001027f   Thumb Code     6  dadd.o(.text)
    __aeabi_drsub                            0x00010285   Thumb Code     6  dadd.o(.text)
    __aeabi_dmul                             0x0001028b   Thumb Code   228  dmul.o(.text)
    __aeabi_ddiv                             0x0001036f   Thumb Code   222  ddiv.o(.text)
    __aeabi_i2d                              0x0001044d   Thumb Code    34  dflti.o(.text)
    __aeabi_ui2d                             0x0001046f   Thumb Code    26  dfltui.o(.text)
    __aeabi_f2iz                             0x00010489   Thumb Code    50  ffixi.o(.text)
    __aeabi_f2uiz                            0x000104bb   Thumb Code    40  ffixui.o(.text)
    __aeabi_d2uiz                            0x000104e3   Thumb Code    50  dfixui.o(.text)
    __aeabi_f2d                              0x00010515   Thumb Code    38  f2d.o(.text)
    __aeabi_d2f                              0x0001053b   Thumb Code    56  d2f.o(.text)
    __aeabi_cfcmpeq                          0x00010575   Thumb Code     0  cfcmple.o(.text)
    __aeabi_cfcmple                          0x00010575   Thumb Code    20  cfcmple.o(.text)
    __aeabi_cfrcmple                         0x00010589   Thumb Code    20  cfrcmple.o(.text)
    __aeabi_uidiv                            0x0001059d   Thumb Code     0  uidiv.o(.text)
    __aeabi_uidivmod                         0x0001059d   Thumb Code    44  uidiv.o(.text)
    __aeabi_llsl                             0x000105c9   Thumb Code    30  llshl.o(.text)
    _ll_shift_l                              0x000105c9   Thumb Code     0  llshl.o(.text)
    __aeabi_llsr                             0x000105e7   Thumb Code    32  llushr.o(.text)
    _ll_ushift_r                             0x000105e7   Thumb Code     0  llushr.o(.text)
    __aeabi_lasr                             0x00010607   Thumb Code    36  llsshr.o(.text)
    _ll_sshift_r                             0x00010607   Thumb Code     0  llsshr.o(.text)
    _float_round                             0x0001062b   Thumb Code    18  fepilogue.o(.text)
    _float_epilogue                          0x0001063d   Thumb Code    92  fepilogue.o(.text)
    _double_round                            0x00010699   Thumb Code    30  depilogue.o(.text)
    _double_epilogue                         0x000106b7   Thumb Code   156  depilogue.o(.text)
    __ARM_scalbn                             0x00010753   Thumb Code    46  dscalb.o(.text)
    scalbn                                   0x00010753   Thumb Code     0  dscalb.o(.text)
    __aeabi_d2ulz                            0x00010781   Thumb Code    48  dfixul.o(.text)
    __aeabi_cdrcmple                         0x000107b1   Thumb Code    48  cdrcmple.o(.text)
    __scatterload                            0x000107e1   Thumb Code    28  init.o(.text)
    __scatterload_rt2                        0x000107e1   Thumb Code     0  init.o(.text)
    _dsqrt                                   0x00010805   Thumb Code   162  dsqrt.o(.text)
    __decompress                             0x000108a7   Thumb Code     0  __dczerorl2.o(.text)
    __decompress1                            0x000108a7   Thumb Code    86  __dczerorl2.o(.text)
    __0sprintf                               0x000108fd   Thumb Code    34  printfa.o(i.__0sprintf)
    __1sprintf                               0x000108fd   Thumb Code     0  printfa.o(i.__0sprintf)
    __2sprintf                               0x000108fd   Thumb Code     0  printfa.o(i.__0sprintf)
    __c89sprintf                             0x000108fd   Thumb Code     0  printfa.o(i.__0sprintf)
    sprintf                                  0x000108fd   Thumb Code     0  printfa.o(i.__0sprintf)
    __0vsprintf                              0x00010925   Thumb Code    30  printfa.o(i.__0vsprintf)
    __1vsprintf                              0x00010925   Thumb Code     0  printfa.o(i.__0vsprintf)
    __2vsprintf                              0x00010925   Thumb Code     0  printfa.o(i.__0vsprintf)
    __c89vsprintf                            0x00010925   Thumb Code     0  printfa.o(i.__0vsprintf)
    vsprintf                                 0x00010925   Thumb Code     0  printfa.o(i.__0vsprintf)
    __ARM_fpclassify                         0x00010949   Thumb Code    40  fpclassify.o(i.__ARM_fpclassify)
    __kernel_poly                            0x00010971   Thumb Code   170  poly.o(i.__kernel_poly)
    __mathlib_dbl_divzero                    0x00010a1d   Thumb Code    12  dunder.o(i.__mathlib_dbl_divzero)
    __mathlib_dbl_infnan2                    0x00010a2d   Thumb Code     4  dunder.o(i.__mathlib_dbl_infnan2)
    __mathlib_dbl_invalid                    0x00010a31   Thumb Code    12  dunder.o(i.__mathlib_dbl_invalid)
    __mathlib_dbl_overflow                   0x00010a3d   Thumb Code    14  dunder.o(i.__mathlib_dbl_overflow)
    __mathlib_dbl_underflow                  0x00010a4d   Thumb Code    10  dunder.o(i.__mathlib_dbl_underflow)
    __scatterload_copy                       0x00010a5d   Thumb Code    14  handlers.o(i.__scatterload_copy)
    __scatterload_zeroinit                   0x00010a6b   Thumb Code    14  handlers.o(i.__scatterload_zeroinit)
    __set_errno                              0x00010a79   Thumb Code     6  errno.o(i.__set_errno)
    pow                                      0x00011341   Thumb Code  2512  pow.o(i.pow)
    sqrt                                     0x00011d19   Thumb Code    76  sqrt.o(i.sqrt)
    GB_21                                    0x00011d64   Data        7735  lpc177x_8x_lcd.o(.constdata)
    GB_16                                    0x00013b9b   Data        6664  lpc177x_8x_lcd.o(.constdata)
    LogoStream                               0x000155a4   Data        1440  logo.o(.constdata)
    Tune_V                                   0x00015b44   Data           4  use_disp.o(.constdata)
    User_LimitList_Value                     0x00015b50   Data           8  use_disp.o(.constdata)
    Num_1                                    0x00015b58   Data          81  use_disp.o(.constdata)
    Test_Setitem_E                           0x00015ba9   Data          80  use_disp.o(.constdata)
    Load_Mode                                0x00015bf9   Data          16  use_disp.o(.constdata)
    Step_Mode                                0x00015c09   Data          14  use_disp.o(.constdata)
    Loop_Test                                0x00015c17   Data          14  use_disp.o(.constdata)
    List_Item                                0x00015c25   Data          21  use_disp.o(.constdata)
    Test_Setitem                             0x00015c3a   Data          90  use_disp.o(.constdata)
    Load_Setitem_E                           0x00015c94   Data          60  use_disp.o(.constdata)
    Load_Setitem                             0x00015cd0   Data          90  use_disp.o(.constdata)
    Pow_Setitem_E                            0x00015d2a   Data          60  use_disp.o(.constdata)
    Pow_Setitem                              0x00015d66   Data          90  use_disp.o(.constdata)
    List_Setitem                             0x00015dc0   Data          90  use_disp.o(.constdata)
    List_Setitem_E                           0x00015e1a   Data          90  use_disp.o(.constdata)
    Fac_Calitem                              0x00015e74   Data         105  use_disp.o(.constdata)
    Fac_ICalitem                             0x00015edd   Data         120  use_disp.o(.constdata)
    CtrV_Calitem                             0x00015f55   Data         135  use_disp.o(.constdata)
    Button_TipPage2                          0x00015fdc   Data          40  use_disp.o(.constdata)
    Button_TipPage3                          0x00016004   Data          40  use_disp.o(.constdata)
    User_FUNC                                0x0001602c   Data         216  use_disp.o(.constdata)
    RangeDisp_Main                           0x00016104   Data          92  use_disp.o(.constdata)
    RangeDisp_Second                         0x00016160   Data          92  use_disp.o(.constdata)
    Fun_SelectValue                          0x000161bc   Data          28  use_disp.o(.constdata)
    User_Freq                                0x000161d8   Data         451  use_disp.o(.constdata)
    User_Level                               0x0001639b   Data          33  use_disp.o(.constdata)
    LevleButton_Tip                          0x000163bc   Data          16  use_disp.o(.constdata)
    User_Range                               0x000163cc   Data          77  use_disp.o(.constdata)
    RangeButton_Tip                          0x00016419   Data          32  use_disp.o(.constdata)
    BiasButton_Tip                           0x00016439   Data          16  use_disp.o(.constdata)
    User_Speed                               0x00016449   Data          33  use_disp.o(.constdata)
    SpeedButton_Tip                          0x0001646a   Data          24  use_disp.o(.constdata)
    User_Comp                                0x00016482   Data          22  use_disp.o(.constdata)
    Limit_Scan_Fun                           0x00016498   Data          10  use_disp.o(.constdata)
    Limit_Scan_Page                          0x000164a2   Data          14  use_disp.o(.constdata)
    Sys_Bais_Value                           0x000164b0   Data          21  use_disp.o(.constdata)
    Sys_Addr_value                           0x000164c5   Data          42  use_disp.o(.constdata)
    Switch_Value                             0x000164ef   Data          15  use_disp.o(.constdata)
    CompButton_Tip                           0x000164fe   Data          16  use_disp.o(.constdata)
    Setup_Trig                               0x0001650e   Data          44  use_disp.o(.constdata)
    Setup_Rsou                               0x0001653a   Data          22  use_disp.o(.constdata)
    SetupRev_A_Button_Tip                    0x00016550   Data          24  use_disp.o(.constdata)
    Setup_Dcr                                0x00016568   Data          22  use_disp.o(.constdata)
    Range_Item                               0x0001657e   Data          48  use_disp.o(.constdata)
    Range_Item_E                             0x000165ae   Data          48  use_disp.o(.constdata)
    Set_testitem                             0x000165de   Data          72  use_disp.o(.constdata)
    Set_testitem_E                           0x00016626   Data          60  use_disp.o(.constdata)
    Set_V_Res                                0x00016662   Data          24  use_disp.o(.constdata)
    Sys_Setitem                              0x0001667a   Data         132  use_disp.o(.constdata)
    Sys_Setitem_E                            0x000166fe   Data         132  use_disp.o(.constdata)
    All_TopName                              0x00016782   Data         242  use_disp.o(.constdata)
    All_TopName_E                            0x00016874   Data         242  use_disp.o(.constdata)
    Range_Count_Item                         0x00016966   Data          21  use_disp.o(.constdata)
    Range_Count_Item_E                       0x0001697b   Data          21  use_disp.o(.constdata)
    User_Check_Opencircuit                   0x00016990   Data          16  use_disp.o(.constdata)
    DEBUG_Check_Opencircuit_E                0x000169a0   Data          16  use_disp.o(.constdata)
    User_Check_Shortcircuit                  0x000169b0   Data          16  use_disp.o(.constdata)
    User_Check_Item_E                        0x000169c0   Data          26  use_disp.o(.constdata)
    User_LimitList_Item                      0x000169da   Data          48  use_disp.o(.constdata)
    User_LimitList_Item_E                    0x00016a0a   Data          48  use_disp.o(.constdata)
    User_LimitList_Item2                     0x00016a3a   Data          40  use_disp.o(.constdata)
    User_ListScan_Item                       0x00016a62   Data          63  use_disp.o(.constdata)
    User_ListScan_Item_E                     0x00016aa1   Data          63  use_disp.o(.constdata)
    Sys_Language_Value                       0x00016ae0   Data          16  use_disp.o(.constdata)
    Sys_Buard_Value                          0x00016af0   Data          56  use_disp.o(.constdata)
    Set_Unit                                 0x00016b28   Data          60  use_disp.o(.constdata)
    Disp_Unit                                0x00016b64   Data          27  use_disp.o(.constdata)
    Disp_Range_Main_NUm                      0x00016b7f   Data          24  use_disp.o(.constdata)
    Disp_Range_Main_Disp                     0x00016b97   Data          21  use_disp.o(.constdata)
    Correction_Capacitance                   0x00016bac   Data          64  use_disp.o(.constdata)
    Correction_Resist                        0x00016bec   Data          40  use_disp.o(.constdata)
    NUM_OUT                                  0x00016c14   Data          44  use_disp.o(.constdata)
    FreqNum                                  0x00016c4c   Data         152  use_disp.o(.constdata)
    _C                                       0x00017748   Data         280  asciilib.o(.constdata)
    _p                                       0x00017860   Data         280  asciilib.o(.constdata)
    _num                                     0x00017978   Data        2944  asciilib.o(.constdata)
    Out_Assic                                0x000184f8   Data        8800  asciilib.o(.constdata)
    nBitmapDot                               0x0001a758   Data         144  asciilib.o(.constdata)
    Disp_Unit1                               0x0001a7e8   Data           7  test.o(.constdata)
    gImage_open                              0x0001a7ef   Data       391680  test.o(.constdata)
    Disp_Main_Ord                            0x0007a1ef   Data          69  test.o(.constdata)
    Scan_Value                               0x0007a234   Data           8  key.o(.constdata)
    s_CRCLo                                  0x0007a33c   Data         256  debug_frmwrk.o(.constdata)
    GPDMA_LUTPerAddr                         0x0007a43c   Data         128  lpc177x_8x_gpdma.o(.constdata)
    GPDMA_LUTPerBurst                        0x0007a4bc   Data          32  lpc177x_8x_gpdma.o(.constdata)
    GPDMA_LUTPerWid                          0x0007a4dc   Data          32  lpc177x_8x_gpdma.o(.constdata)
    __mathlib_zero                           0x0007a588   Data           8  qnan.o(.constdata)
    Region$$Table$$Base                      0x0007a660   Number         0  anon$$obj.o(Region$$Table)
    Region$$Table$$Limit                     0x0007a680   Number         0  anon$$obj.o(Region$$Table)
    SysTickCnt                               0x10000000   Data           4  main.o(.data)
    timer0_counter                           0x10000004   Data           4  timer.o(.data)
    timer1_counter                           0x10000008   Data           4  timer.o(.data)
    timer2_counter                           0x1000000c   Data           4  timer.o(.data)
    timer3_counter                           0x10000010   Data           4  timer.o(.data)
    Colour                                   0x10000014   Data           8  lpc177x_8x_lcd.o(.data)
    LogoPic                                  0x1000001c   Data          28  logo.o(.data)
    Correc_successflag                       0x10000038   Data           1  use_disp.o(.data)
    listdis                                  0x1000003a   Data           1  use_disp.o(.data)
    ocfinish                                 0x1000003b   Data           1  use_disp.o(.data)
    listcap                                  0x1000003c   Data           1  use_disp.o(.data)
    jumpflag                                 0x1000003d   Data           1  use_disp.o(.data)
    LVSUM                                    0x10000040   Data           4  use_disp.o(.data)
    PCSUM                                    0x10000044   Data           4  use_disp.o(.data)
    listdelay                                0x10000048   Data           4  use_disp.o(.data)
    startdelay                               0x1000004c   Data           4  use_disp.o(.data)
    listcol                                  0x10000050   Data          12  use_disp.o(.data)
    listrow                                  0x1000005c   Data          12  use_disp.o(.data)
    CmdStr                                   0x10000068   Data         204  use_disp.o(.data)
    RecStr                                   0x10000134   Data         204  use_disp.o(.data)
    Avg_Count                                0x10000200   Data           1  test.o(.data)
    listpage                                 0x10000201   Data           1  test.o(.data)
    primcomp                                 0x10000204   Data           1  test.o(.data)
    scedcomp                                 0x10000205   Data           1  test.o(.data)
    PASSWORD                                 0x10000208   Data           4  test.o(.data)
    Tick_10ms                                0x1000020c   Data           4  test.o(.data)
    cdctime                                  0x1000022c   Data           4  test.o(.data)
    bc_raw                                   0x10000230   Data           4  test.o(.data)
    Irange                                   0x10000234   Data           1  globalvalue.o(.data)
    sendflag                                 0x10000235   Data           1  globalvalue.o(.data)
    Send_Mainord                             0x10000236   Data           6  globalvalue.o(.data)
    usb_oenflag                              0x1000023c   Data           1  globalvalue.o(.data)
    Comp_flag                                0x1000023d   Data           1  globalvalue.o(.data)
    debug_over                               0x1000023e   Data           1  globalvalue.o(.data)
    Rtc_intflag                              0x1000023f   Data           1  globalvalue.o(.data)
    mainswitch                               0x10000240   Data           1  globalvalue.o(.data)
    listswitch                               0x10000241   Data           1  globalvalue.o(.data)
    busyflag                                 0x10000242   Data           1  globalvalue.o(.data)
    g_mods_timeout                           0x10000243   Data           1  globalvalue.o(.data)
    softswitch                               0x10000244   Data           1  globalvalue.o(.data)
    temperature                              0x10000245   Data           1  globalvalue.o(.data)
    Uart_Send_Flag                           0x10000246   Data           1  globalvalue.o(.data)
    SystemStatus                             0x10000248   Data           4  globalvalue.o(.data)
    Usb_Open_flag                            0x1000024c   Data           1  globalvalue.o(.data)
    DMADest_Buffer                           0x1000024f   Data           8  dma.o(.data)
    SystemCoreClock                          0x10000258   Data           4  system_lpc177x_8x.o(.data)
    PeripheralClock                          0x1000025c   Data           4  system_lpc177x_8x.o(.data)
    EMCClock                                 0x10000260   Data           4  system_lpc177x_8x.o(.data)
    USBClock                                 0x10000264   Data           4  system_lpc177x_8x.o(.data)
    graphunit                                0x10000268   Data           1  debug_frmwrk.o(.data)
    USART_RX_STA                             0x1000026a   Data           2  debug_frmwrk.o(.data)
    _db_msg                                  0x1000026c   Data           4  debug_frmwrk.o(.data)
    _db_msg_                                 0x10000270   Data           4  debug_frmwrk.o(.data)
    _db_char                                 0x10000274   Data           4  debug_frmwrk.o(.data)
    _db_dec                                  0x10000278   Data           4  debug_frmwrk.o(.data)
    _db_dec_16                               0x1000027c   Data           4  debug_frmwrk.o(.data)
    _db_dec_32                               0x10000280   Data           4  debug_frmwrk.o(.data)
    _db_hex                                  0x10000284   Data           4  debug_frmwrk.o(.data)
    _db_hex_16                               0x10000288   Data           4  debug_frmwrk.o(.data)
    _db_hex_32                               0x1000028c   Data           4  debug_frmwrk.o(.data)
    _db_hex_                                 0x10000290   Data           4  debug_frmwrk.o(.data)
    _db_hex_16_                              0x10000294   Data           4  debug_frmwrk.o(.data)
    _db_hex_32_                              0x10000298   Data           4  debug_frmwrk.o(.data)
    _db_get_char                             0x1000029c   Data           4  debug_frmwrk.o(.data)
    _db_get_val                              0x100002a0   Data           4  debug_frmwrk.o(.data)
    pGPDMACh                                 0x100002a4   Data          32  lpc177x_8x_gpdma.o(.data)
    HOST_TDControlStatus                     0x100002c4   Data           1  usbhost_lpc17xx.o(.data)
    HOST_RhscIntr                            0x100002c8   Data           4  usbhost_lpc17xx.o(.data)
    HOST_WdhIntr                             0x100002cc   Data           4  usbhost_lpc17xx.o(.data)
    UnrecoverableIntCount                    0x100002d0   Data           4  usbhost_lpc17xx.o(.data)
    gUSBConnected                            0x100002d4   Data           4  usbhost_lpc17xx.o(.data)
    EDCtrl                                   0x100002d8   Data           4  usbhost_lpc17xx.o(.data)
    EDBulkIn                                 0x100002dc   Data           4  usbhost_lpc17xx.o(.data)
    EDBulkOut                                0x100002e0   Data           4  usbhost_lpc17xx.o(.data)
    TDHead                                   0x100002e4   Data           4  usbhost_lpc17xx.o(.data)
    TDTail                                   0x100002e8   Data           4  usbhost_lpc17xx.o(.data)
    Hcca                                     0x100002ec   Data           4  usbhost_lpc17xx.o(.data)
    TDBuffer                                 0x100002f0   Data           4  usbhost_lpc17xx.o(.data)
    FATBuffer                                0x100002f4   Data           4  usbhost_lpc17xx.o(.data)
    UserBuffer                               0x100002f8   Data           4  usbhost_lpc17xx.o(.data)
    MS_BlkSize                               0x10000300   Data           4  usbhost_ms.o(.data)
    Avg_Test_Main                            0x10000308   Data         150  test.o(.bss)
    Avg_Test_Second                          0x1000039e   Data         150  test.o(.bss)
    USART_RX_BUF                             0x10000434   Data         200  test.o(.bss)
    SaveData                                 0x100004fc   Data       15120  globalvalue.o(.bss)
    SaveSIM                                  0x1000400c   Data        2648  globalvalue.o(.bss)
    Saveeeprom                               0x10004a64   Data         652  globalvalue.o(.bss)
    Test_Dispvalue                           0x10004cf0   Data        1832  globalvalue.o(.bss)
    Comp_Testvalue                           0x10005418   Data          96  globalvalue.o(.bss)
    Comp_Change                              0x10005478   Data          80  globalvalue.o(.bss)
    g_tModS                                  0x100054c8   Data         163  globalvalue.o(.bss)
    Count_buff                               0x1000556c   Data          48  globalvalue.o(.bss)
    DispBuf                                  0x1000559c   Data          12  globalvalue.o(.bss)
    RTC_TIME_DISP                            0x100055a8   Data          32  rtc.o(.bss)
    GPDMACfg                                 0x100055c8   Data          36  dma.o(.bss)
    GPDMACfg1                                0x100055ec   Data          36  dma.o(.bss)
    ComBuf                                   0x10005812   Data          88  debug_frmwrk.o(.bss)
    ComBuf3                                  0x1000586a   Data          88  debug_frmwrk.o(.bss)
    __initial_sp                             0x10005cd0   Data           0  startup_lpc177x_8x.o(STACK)



==============================================================================

Memory Map of the image

  Image Entry point : 0x000000e5

  Load Region LR_IROM1 (Base: 0x00000000, Size: 0x0007a988, Max: 0x00080000, ABSOLUTE, COMPRESSED[0x0007a77c])

    Execution Region ER_IROM1 (Exec base: 0x00000000, Load base: 0x00000000, Size: 0x0007a680, Max: 0x00080000, ABSOLUTE)

    Exec Addr    Load Addr    Size         Type   Attr      Idx    E Section Name        Object

    0x00000000   0x00000000   0x000000e4   Data   RO          598    RESET               startup_lpc177x_8x.o
    0x000000e4   0x000000e4   0x00000000   Code   RO          896  * .ARM.Collect$$$$00000000  mc_w.l(entry.o)
    0x000000e4   0x000000e4   0x00000004   Code   RO         1245    .ARM.Collect$$$$00000001  mc_w.l(entry2.o)
    0x000000e8   0x000000e8   0x00000004   Code   RO         1248    .ARM.Collect$$$$00000004  mc_w.l(entry5.o)
    0x000000ec   0x000000ec   0x00000000   Code   RO         1250    .ARM.Collect$$$$00000008  mc_w.l(entry7b.o)
    0x000000ec   0x000000ec   0x00000000   Code   RO         1252    .ARM.Collect$$$$0000000A  mc_w.l(entry8b.o)
    0x000000ec   0x000000ec   0x00000008   Code   RO         1253    .ARM.Collect$$$$0000000B  mc_w.l(entry9a.o)
    0x000000f4   0x000000f4   0x00000000   Code   RO         1255    .ARM.Collect$$$$0000000D  mc_w.l(entry10a.o)
    0x000000f4   0x000000f4   0x00000000   Code   RO         1257    .ARM.Collect$$$$0000000F  mc_w.l(entry11a.o)
    0x000000f4   0x000000f4   0x00000004   Code   RO         1246    .ARM.Collect$$$$00002712  mc_w.l(entry2.o)
    0x000000f8   0x000000f8   0x00000034   Code   RO          365    .text               asciilib.o
    0x0000012c   0x0000012c   0x0000003c   Code   RO          446    .text               globalvalue.o
    0x00000168   0x00000168   0x00000068   Code   RO          547    .text               rtc.o
    0x000001d0   0x000001d0   0x00000024   Code   RO          600    .text               startup_lpc177x_8x.o
    0x000001f4   0x000001f4   0x000000d8   Code   RO          671    .text               lpc177x_8x_clkpwr.o
    0x000002cc   0x000002cc   0x00000024   Code   RO          905    .text               mc_w.l(memseta.o)
    0x000002f0   0x000002f0   0x0000000a   Code   RO         1196    .text               mf_w.l(ffltui.o)
    0x000002fa   0x000002fa   0x00000000   Code   RO         1277    .text               mc_w.l(iusefp.o)
    0x000002fa   0x000002fa   0x00000002   Code   RO         1297    i.__scatterload_null  mc_w.l(handlers.o)
    0x000002fc   0x000002fc   0x00000004   Code   RO          599    .ARM.__at_0x02FC    startup_lpc177x_8x.o
    0x00000300   0x00000300   0x0000022c   Code   RO            2    .text               ex_sdram.o
    0x0000052c   0x0000052c   0x0000021c   Code   RO           54    .text               main.o
    0x00000748   0x00000748   0x00000234   Code   RO          164    .text               timer.o
    0x0000097c   0x0000097c   0x00000aa4   Code   RO          191    .text               lpc177x_8x_lcd.o
    0x00001420   0x00001420   0x000072ac   Code   RO          269    .text               use_disp.o
    0x000086cc   0x000086cc   0x00003f90   Code   RO          389    .text               test.o
    0x0000c65c   0x0000c65c   0x0000055a   Code   RO          510    .text               lpc177x_8x_rtc.o
    0x0000cbb6   0x0000cbb6   0x00000002   PAD
    0x0000cbb8   0x0000cbb8   0x00000478   Code   RO          526    .text               key.o
    0x0000d030   0x0000d030   0x00000180   Code   RO          569    .text               dma.o
    0x0000d1b0   0x0000d1b0   0x000001b8   Code   RO          607    .text               system_lpc177x_8x.o
    0x0000d368   0x0000d368   0x000002f0   Code   RO          635    .text               lpc177x_8x_gpio.o
    0x0000d658   0x0000d658   0x00000604   Code   RO          708    .text               lpc177x_8x_uart.o
    0x0000dc5c   0x0000dc5c   0x000009b8   Code   RO          725    .text               debug_frmwrk.o
    0x0000e614   0x0000e614   0x00000170   Code   RO          756    .text               lpc177x_8x_pinsel.o
    0x0000e784   0x0000e784   0x00000268   Code   RO          772    .text               lpc177x_8x_eeprom.o
    0x0000e9ec   0x0000e9ec   0x0000024c   Code   RO          788    .text               lpc177x_8x_gpdma.o
    0x0000ec38   0x0000ec38   0x00000830   Code   RO          811    .text               usbhost_fat.o
    0x0000f468   0x0000f468   0x000005ce   Code   RO          830    .text               usbhost_lpc17xx.o
    0x0000fa36   0x0000fa36   0x00000002   PAD
    0x0000fa38   0x0000fa38   0x00000438   Code   RO          864    .text               usbhost_ms.o
    0x0000fe70   0x0000fe70   0x00000062   Code   RO          899    .text               mc_w.l(uldiv.o)
    0x0000fed2   0x0000fed2   0x00000040   Code   RO          903    .text               mc_w.l(memmovea.o)
    0x0000ff12   0x0000ff12   0x00000018   Code   RO          907    .text               mc_w.l(strcat.o)
    0x0000ff2a   0x0000ff2a   0x0000000e   Code   RO          909    .text               mc_w.l(strlen.o)
    0x0000ff38   0x0000ff38   0x0000001c   Code   RO          911    .text               mc_w.l(strcmp.o)
    0x0000ff54   0x0000ff54   0x00000028   Code   RO          913    .text               mc_w.l(strncat.o)
    0x0000ff7c   0x0000ff7c   0x00000012   Code   RO          915    .text               mc_w.l(strcpy.o)
    0x0000ff8e   0x0000ff8e   0x0000001e   Code   RO          917    .text               mc_w.l(strncmp.o)
    0x0000ffac   0x0000ffac   0x000000b0   Code   RO         1184    .text               mf_w.l(fadd.o)
    0x0001005c   0x0001005c   0x00000064   Code   RO         1186    .text               mf_w.l(fmul.o)
    0x000100c0   0x000100c0   0x0000007c   Code   RO         1188    .text               mf_w.l(fdiv.o)
    0x0001013c   0x0001013c   0x0000014e   Code   RO         1190    .text               mf_w.l(dadd.o)
    0x0001028a   0x0001028a   0x000000e4   Code   RO         1192    .text               mf_w.l(dmul.o)
    0x0001036e   0x0001036e   0x000000de   Code   RO         1194    .text               mf_w.l(ddiv.o)
    0x0001044c   0x0001044c   0x00000022   Code   RO         1198    .text               mf_w.l(dflti.o)
    0x0001046e   0x0001046e   0x0000001a   Code   RO         1200    .text               mf_w.l(dfltui.o)
    0x00010488   0x00010488   0x00000032   Code   RO         1202    .text               mf_w.l(ffixi.o)
    0x000104ba   0x000104ba   0x00000028   Code   RO         1204    .text               mf_w.l(ffixui.o)
    0x000104e2   0x000104e2   0x00000032   Code   RO         1206    .text               mf_w.l(dfixui.o)
    0x00010514   0x00010514   0x00000026   Code   RO         1208    .text               mf_w.l(f2d.o)
    0x0001053a   0x0001053a   0x00000038   Code   RO         1212    .text               mf_w.l(d2f.o)
    0x00010572   0x00010572   0x00000002   PAD
    0x00010574   0x00010574   0x00000014   Code   RO         1214    .text               mf_w.l(cfcmple.o)
    0x00010588   0x00010588   0x00000014   Code   RO         1216    .text               mf_w.l(cfrcmple.o)
    0x0001059c   0x0001059c   0x0000002c   Code   RO         1262    .text               mc_w.l(uidiv.o)
    0x000105c8   0x000105c8   0x0000001e   Code   RO         1264    .text               mc_w.l(llshl.o)
    0x000105e6   0x000105e6   0x00000020   Code   RO         1266    .text               mc_w.l(llushr.o)
    0x00010606   0x00010606   0x00000024   Code   RO         1268    .text               mc_w.l(llsshr.o)
    0x0001062a   0x0001062a   0x0000006e   Code   RO         1278    .text               mf_w.l(fepilogue.o)
    0x00010698   0x00010698   0x000000ba   Code   RO         1280    .text               mf_w.l(depilogue.o)
    0x00010752   0x00010752   0x0000002e   Code   RO         1282    .text               mf_w.l(dscalb.o)
    0x00010780   0x00010780   0x00000030   Code   RO         1284    .text               mf_w.l(dfixul.o)
    0x000107b0   0x000107b0   0x00000030   Code   RO         1286    .text               mf_w.l(cdrcmple.o)
    0x000107e0   0x000107e0   0x00000024   Code   RO         1288    .text               mc_w.l(init.o)
    0x00010804   0x00010804   0x000000a2   Code   RO         1292    .text               mf_w.l(dsqrt.o)
    0x000108a6   0x000108a6   0x00000056   Code   RO         1302    .text               mc_w.l(__dczerorl2.o)
    0x000108fc   0x000108fc   0x00000028   Code   RO         1158    i.__0sprintf        mc_w.l(printfa.o)
    0x00010924   0x00010924   0x00000024   Code   RO         1162    i.__0vsprintf       mc_w.l(printfa.o)
    0x00010948   0x00010948   0x00000028   Code   RO         1232    i.__ARM_fpclassify  m_ws.l(fpclassify.o)
    0x00010970   0x00010970   0x000000aa   Code   RO         1234    i.__kernel_poly     m_ws.l(poly.o)
    0x00010a1a   0x00010a1a   0x00000002   PAD
    0x00010a1c   0x00010a1c   0x00000010   Code   RO         1218    i.__mathlib_dbl_divzero  m_ws.l(dunder.o)
    0x00010a2c   0x00010a2c   0x00000004   Code   RO         1220    i.__mathlib_dbl_infnan2  m_ws.l(dunder.o)
    0x00010a30   0x00010a30   0x0000000c   Code   RO         1221    i.__mathlib_dbl_invalid  m_ws.l(dunder.o)
    0x00010a3c   0x00010a3c   0x0000000e   Code   RO         1222    i.__mathlib_dbl_overflow  m_ws.l(dunder.o)
    0x00010a4a   0x00010a4a   0x00000002   PAD
    0x00010a4c   0x00010a4c   0x00000010   Code   RO         1224    i.__mathlib_dbl_underflow  m_ws.l(dunder.o)
    0x00010a5c   0x00010a5c   0x0000000e   Code   RO         1296    i.__scatterload_copy  mc_w.l(handlers.o)
    0x00010a6a   0x00010a6a   0x0000000e   Code   RO         1298    i.__scatterload_zeroinit  mc_w.l(handlers.o)
    0x00010a78   0x00010a78   0x0000000c   Code   RO         1272    i.__set_errno       mc_w.l(errno.o)
    0x00010a84   0x00010a84   0x00000184   Code   RO         1163    i._fp_digits        mc_w.l(printfa.o)
    0x00010c08   0x00010c08   0x000006dc   Code   RO         1164    i._printf_core      mc_w.l(printfa.o)
    0x000112e4   0x000112e4   0x00000024   Code   RO         1165    i._printf_post_padding  mc_w.l(printfa.o)
    0x00011308   0x00011308   0x0000002e   Code   RO         1166    i._printf_pre_padding  mc_w.l(printfa.o)
    0x00011336   0x00011336   0x0000000a   Code   RO         1168    i._sputc            mc_w.l(printfa.o)
    0x00011340   0x00011340   0x000009d8   Code   RO          887    i.pow               m_ws.l(pow.o)
    0x00011d18   0x00011d18   0x0000004c   Code   RO         1238    i.sqrt              m_ws.l(sqrt.o)
    0x00011d64   0x00011d64   0x0000383f   Data   RO          192    .constdata          lpc177x_8x_lcd.o
    0x000155a3   0x000155a3   0x00000001   PAD
    0x000155a4   0x000155a4   0x000005a0   Data   RO          229    .constdata          logo.o
    0x00015b44   0x00015b44   0x00001106   Data   RO          270    .constdata          use_disp.o
    0x00016c4a   0x00016c4a   0x00000002   PAD
    0x00016c4c   0x00016c4c   0x00000098   Data   RO          281    .constdata          use_disp.o
    0x00016ce4   0x00016ce4   0x00000a64   Data   RO          366    .constdata          asciilib.o
    0x00017748   0x00017748   0x00000118   Data   RO          367    .constdata          asciilib.o
    0x00017860   0x00017860   0x00000118   Data   RO          368    .constdata          asciilib.o
    0x00017978   0x00017978   0x00000b80   Data   RO          369    .constdata          asciilib.o
    0x000184f8   0x000184f8   0x00002260   Data   RO          370    .constdata          asciilib.o
    0x0001a758   0x0001a758   0x00000090   Data   RO          371    .constdata          asciilib.o
    0x0001a7e8   0x0001a7e8   0x0005fa07   Data   RO          391    .constdata          test.o
    0x0007a1ef   0x0007a1ef   0x00000045   Data   RO          394    .constdata          test.o
    0x0007a234   0x0007a234   0x00000008   Data   RO          527    .constdata          key.o
    0x0007a23c   0x0007a23c   0x00000200   Data   RO          728    .constdata          debug_frmwrk.o
    0x0007a43c   0x0007a43c   0x000000c0   Data   RO          789    .constdata          lpc177x_8x_gpdma.o
    0x0007a4fc   0x0007a4fc   0x00000004   PAD
    0x0007a500   0x0007a500   0x00000088   Data   RO          888    .constdata          m_ws.l(pow.o)
    0x0007a588   0x0007a588   0x00000008   Data   RO         1236    .constdata          m_ws.l(qnan.o)
    0x0007a590   0x0007a590   0x0000000e   Data   RO          230    .conststring        logo.o
    0x0007a59e   0x0007a59e   0x00000002   PAD
    0x0007a5a0   0x0007a5a0   0x00000055   Data   RO          317    .conststring        use_disp.o
    0x0007a5f5   0x0007a5f5   0x00000003   PAD
    0x0007a5f8   0x0007a5f8   0x00000009   Data   RO          396    .conststring        test.o
    0x0007a601   0x0007a601   0x00000003   PAD
    0x0007a604   0x0007a604   0x00000059   Data   RO          729    .conststring        debug_frmwrk.o
    0x0007a65d   0x0007a65d   0x00000003   PAD
    0x0007a660   0x0007a660   0x00000020   Data   RO         1294    Region$$Table       anon$$obj.o


    Execution Region RW_IRAM1 (Exec base: 0x10000000, Load base: 0x0007a680, Size: 0x00005cd0, Max: 0x00010000, ABSOLUTE, COMPRESSED[0x000000fc])

    Exec Addr    Load Addr    Size         Type   Attr      Idx    E Section Name        Object

    0x10000000   COMPRESSED   0x00000004   Data   RW           56    .data               main.o
    0x10000004   COMPRESSED   0x00000010   Data   RW          165    .data               timer.o
    0x10000014   COMPRESSED   0x00000008   Data   RW          193    .data               lpc177x_8x_lcd.o
    0x1000001c   COMPRESSED   0x0000001c   Data   RW          231    .data               logo.o
    0x10000038   COMPRESSED   0x000001c8   Data   RW          320    .data               use_disp.o
    0x10000200   COMPRESSED   0x00000034   Data   RW          397    .data               test.o
    0x10000234   COMPRESSED   0x00000001   Data   RW          456    .data               globalvalue.o
    0x10000235   COMPRESSED   0x00000001   Data   RW          458    .data               globalvalue.o
    0x10000236   COMPRESSED   0x00000006   Data   RW          459    .data               globalvalue.o
    0x1000023c   COMPRESSED   0x00000001   Data   RW          460    .data               globalvalue.o
    0x1000023d   COMPRESSED   0x00000001   Data   RW          462    .data               globalvalue.o
    0x1000023e   COMPRESSED   0x00000001   Data   RW          463    .data               globalvalue.o
    0x1000023f   COMPRESSED   0x00000001   Data   RW          464    .data               globalvalue.o
    0x10000240   COMPRESSED   0x00000001   Data   RW          465    .data               globalvalue.o
    0x10000241   COMPRESSED   0x00000001   Data   RW          466    .data               globalvalue.o
    0x10000242   COMPRESSED   0x00000001   Data   RW          471    .data               globalvalue.o
    0x10000243   COMPRESSED   0x00000001   Data   RW          475    .data               globalvalue.o
    0x10000244   COMPRESSED   0x00000001   Data   RW          480    .data               globalvalue.o
    0x10000245   COMPRESSED   0x00000001   Data   RW          481    .data               globalvalue.o
    0x10000246   COMPRESSED   0x00000001   Data   RW          482    .data               globalvalue.o
    0x10000247   COMPRESSED   0x00000001   PAD
    0x10000248   COMPRESSED   0x00000004   Data   RW          485    .data               globalvalue.o
    0x1000024c   COMPRESSED   0x00000001   Data   RW          488    .data               globalvalue.o
    0x1000024d   COMPRESSED   0x00000002   Data   RW          528    .data               key.o
    0x1000024f   COMPRESSED   0x00000008   Data   RW          572    .data               dma.o
    0x10000257   COMPRESSED   0x00000001   PAD
    0x10000258   COMPRESSED   0x00000010   Data   RW          608    .data               system_lpc177x_8x.o
    0x10000268   COMPRESSED   0x0000003c   Data   RW          730    .data               debug_frmwrk.o
    0x100002a4   COMPRESSED   0x00000020   Data   RW          790    .data               lpc177x_8x_gpdma.o
    0x100002c4   COMPRESSED   0x00000038   Data   RW          831    .data               usbhost_lpc17xx.o
    0x100002fc   COMPRESSED   0x00000008   Data   RW          865    .data               usbhost_ms.o
    0x10000304   COMPRESSED   0x00000004   Data   RW         1273    .data               mc_w.l(errno.o)
    0x10000308        -       0x000001f4   Zero   RW          390    .bss                test.o
    0x100004fc        -       0x00003b10   Zero   RW          447    .bss                globalvalue.o
    0x1000400c        -       0x00000a58   Zero   RW          448    .bss                globalvalue.o
    0x10004a64        -       0x0000028c   Zero   RW          449    .bss                globalvalue.o
    0x10004cf0        -       0x00000728   Zero   RW          450    .bss                globalvalue.o
    0x10005418        -       0x00000060   Zero   RW          451    .bss                globalvalue.o
    0x10005478        -       0x00000050   Zero   RW          452    .bss                globalvalue.o
    0x100054c8        -       0x000000a3   Zero   RW          453    .bss                globalvalue.o
    0x1000556b   COMPRESSED   0x00000001   PAD
    0x1000556c        -       0x00000030   Zero   RW          454    .bss                globalvalue.o
    0x1000559c        -       0x0000000c   Zero   RW          455    .bss                globalvalue.o
    0x100055a8        -       0x00000020   Zero   RW          548    .bss                rtc.o
    0x100055c8        -       0x00000048   Zero   RW          571    .bss                dma.o
    0x10005610        -       0x000002b2   Zero   RW          726    .bss                debug_frmwrk.o
    0x100058c2   COMPRESSED   0x00000002   PAD
    0x100058c4        -       0x00000208   Zero   RW          812    .bss                usbhost_fat.o
    0x10005acc   COMPRESSED   0x00000004   PAD
    0x10005ad0        -       0x00000200   Zero   RW          596    STACK               startup_lpc177x_8x.o


==============================================================================

Image component sizes


      Code (inc. data)   RO Data    RW Data    ZI Data      Debug   Object Name

        52          8      15108          0          0       1429   asciilib.o
      2488        220        601         60        690      14964   debug_frmwrk.o
       384         30          0          8         72      18132   dma.o
       556         26          0          0          0      28703   ex_sdram.o
        60         10          0         24      20651      10876   globalvalue.o
      1144         14          8          2          0       6118   key.o
         0          0       1454         28          0        485   logo.o
       216         26          0          0          0       1587   lpc177x_8x_clkpwr.o
       616         12          0          0          0       2145   lpc177x_8x_eeprom.o
       588         26        192         32          0       7349   lpc177x_8x_gpdma.o
       752         28          0          0          0       9318   lpc177x_8x_gpio.o
      2724         70      14399          8          0      14258   lpc177x_8x_lcd.o
       368          4          0          0          0       4354   lpc177x_8x_pinsel.o
      1370         64          0          0          0       6123   lpc177x_8x_rtc.o
      1540         30          0          0          0       9683   lpc177x_8x_uart.o
       540         40          0          4          0      52321   main.o
       104         14          0          0         32       3365   rtc.o
        40         12        228          0        512       1100   startup_lpc177x_8x.o
       440         22          0         16          0       1291   system_lpc177x_8x.o
     16272       1342     391765         52        500      62088   test.o
       564         32          0         16          0      19397   timer.o
      2096         18          0          0        520      10226   usbhost_fat.o
      1486         56          0         56          0      26125   usbhost_lpc17xx.o
      1080         22          0          8          0       5347   usbhost_ms.o
     29356       2636       4595        456          0      66779   use_disp.o

    ----------------------------------------------------------------------
     64840       4762     428400        772      22984     383563   Object Totals
         0          0         32          0          0          0   (incl. Generated)
         4          0         18          2          7          0   (incl. Padding)

    ----------------------------------------------------------------------

      Code (inc. data)   RO Data    RW Data    ZI Data      Debug   Library Member Name

        62         10          0          0          0        340   dunder.o
        40          0          0          0          0         68   fpclassify.o
       170          0          0          0          0         96   poly.o
      2520        190        136          0          0        324   pow.o
         0          0          8          0          0          0   qnan.o
        76          0          0          0          0         84   sqrt.o
        86          0          0          0          0          0   __dczerorl2.o
         0          0          0          0          0          0   entry.o
         0          0          0          0          0          0   entry10a.o
         0          0          0          0          0          0   entry11a.o
         8          4          0          0          0          0   entry2.o
         4          0          0          0          0          0   entry5.o
         0          0          0          0          0          0   entry7b.o
         0          0          0          0          0          0   entry8b.o
         8          4          0          0          0          0   entry9a.o
        12          6          0          4          0         68   errno.o
        30          0          0          0          0          0   handlers.o
        36          8          0          0          0         68   init.o
         0          0          0          0          0          0   iusefp.o
        30          0          0          0          0         68   llshl.o
        36          0          0          0          0         68   llsshr.o
        32          0          0          0          0         68   llushr.o
        64          0          0          0          0         76   memmovea.o
        36          0          0          0          0        108   memseta.o
      2312         92          0          0          0        600   printfa.o
        24          0          0          0          0         68   strcat.o
        28          0          0          0          0         76   strcmp.o
        18          0          0          0          0         68   strcpy.o
        14          0          0          0          0         68   strlen.o
        40          0          0          0          0         76   strncat.o
        30          0          0          0          0         80   strncmp.o
        44          0          0          0          0         80   uidiv.o
        98          0          0          0          0         92   uldiv.o
        48          0          0          0          0         68   cdrcmple.o
        20          0          0          0          0         68   cfcmple.o
        20          0          0          0          0         68   cfrcmple.o
        56          0          0          0          0         88   d2f.o
       334          0          0          0          0        148   dadd.o
       222          0          0          0          0        100   ddiv.o
       186          0          0          0          0        176   depilogue.o
        50          0          0          0          0         76   dfixui.o
        48          0          0          0          0         68   dfixul.o
        34          0          0          0          0         76   dflti.o
        26          0          0          0          0         76   dfltui.o
       228          0          0          0          0         96   dmul.o
        46          0          0          0          0         80   dscalb.o
       162          0          0          0          0        100   dsqrt.o
        38          0          0          0          0         68   f2d.o
       176          0          0          0          0        140   fadd.o
       124          0          0          0          0         88   fdiv.o
       110          0          0          0          0        168   fepilogue.o
        50          0          0          0          0         68   ffixi.o
        40          0          0          0          0         68   ffixui.o
        10          0          0          0          0         68   ffltui.o
       100          0          0          0          0         76   fmul.o

    ----------------------------------------------------------------------
      7992        314        144          4          0       4676   Library Totals
         6          0          0          0          0          0   (incl. Padding)

    ----------------------------------------------------------------------

      Code (inc. data)   RO Data    RW Data    ZI Data      Debug   Library Name

      2868        200        144          0          0        912   m_ws.l
      2990        114          0          4          0       1732   mc_w.l
      2128          0          0          0          0       2032   mf_w.l

    ----------------------------------------------------------------------
      7992        314        144          4          0       4676   Library Totals

    ----------------------------------------------------------------------

==============================================================================


      Code (inc. data)   RO Data    RW Data    ZI Data      Debug   

     72832       5076     428544        776      22984     382803   Grand Totals
     72832       5076     428544        252      22984     382803   ELF Image Totals (compressed)
     72832       5076     428544        252          0          0   ROM Totals

==============================================================================

    Total RO  Size (Code + RO Data)               501376 ( 489.63kB)
    Total RW  Size (RW Data + ZI Data)             23760 (  23.20kB)
    Total ROM Size (Code + RO Data + RW Data)     501628 ( 489.87kB)

==============================================================================

